--- Terminal on /dev/ttyACM0 | 115200 8-N-1
--- Available filters and text transformations: debug, default, direct, esp32_exception_decoder, hexlify, log2file, nocontrol, printable, send_on_enter, time
--- More details at https://bit.ly/pio-monitor-filters
--- Quit: Ctrl+C | Menu: Ctrl+T | Help: Ctrl+T followed by Ctrl+H
[30s] OK V=52.60V I=-40.3A T=21.8C SOC=87% SOH=99% | CVL=56.8V CCL=208.4A DCL=208.4A | chg=1 dis=1 fc1=0 fc2=0 | prot=0000 warn=0000 | packs=2 | inv0x305=yes
[32s] OK V=52.60V I=-41.7A T=21.8C SOC=87% SOH=99% | CVL=56.8V CCL=208.4A DCL=208.4A | chg=1 dis=1 fc1=0 fc2=0 | prot=0000 warn=0000 | packs=2 | inv0x305=yes
[34s] OK V=52.60V I=-40.3A T=21.8C SOC=87% SOH=99% | CVL=56.8V CCL=208.4A DCL=208.4A | chg=1 dis=1 fc1=0 fc2=0 | prot=0000 warn=0000 | packs=2 | inv0x305=yes
[36s] OK V=52.60V I=-40.8A T=21.8C SOC=87% SOH=99% | CVL=56.8V CCL=208.4A DCL=208.4A | chg=1 dis=1 fc1=0 fc2=0 | prot=0000 warn=0000 | packs=2 | inv0x305=yes
[38s] OK V=52.70V I=-40.8A T=21.8C SOC=87% SOH=99% | CVL=56.8V CCL=208.4A DCL=208.4A | chg=1 dis=1 fc1=0 fc2=0 | prot=0000 warn=0000 | packs=2 | inv0x305=yes
[40s] OK V=52.60V I=-41.1A T=21.8C SOC=87% SOH=99% | CVL=56.8V CCL=208.4A DCL=208.4A | chg=1 dis=1 fc1=0 fc2=0 | prot=0000 warn=0000 | packs=2 | inv0x305=yes
[42s] OK V=52.60V I=-40.7A T=21.8C SOC=87% SOH=99% | CVL=56.8V CCL=208.4A DCL=208.4A | chg=1 dis=1 fc1=0 fc2=0 | prot=0000 warn=0000 | packs=2 | inv0x305=yes
[44s] OK V=52.60V I=-38.7A T=21.8C SOC=87% SOH=99% | CVL=56.8V CCL=208.4A DCL=208.4A | chg=1 dis=1 fc1=0 fc2=0 | prot=0000 warn=0000 | packs=2 | inv0x305=yes
[46s] OK V=52.60V I=-43.4A T=21.8C SOC=87% SOH=99% | CVL=56.8V CCL=208.4A DCL=208.4A | chg=1 dis=1 fc1=0 fc2=0 | prot=0000 warn=0000 | packs=2 | inv0x305=yes
[48s] OK V=52.70V I=-39.7A T=21.8C SOC=87% SOH=99% | CVL=56.8V CCL=208.4A DCL=208.4A | chg=1 dis=1 fc1=0 fc2=0 | prot=0000 warn=0000 | packs=2 | inv0x305=yes
[50s] OK V=52.60V I=-40.5A T=21.8C SOC=87% SOH=99% | CVL=56.8V CCL=208.4A DCL=208.4A | chg=1 dis=1 fc1=0 fc2=0 | prot=0000 warn=0000 | packs=2 | inv0x305=yes
[52s] OK V=52.60V I=-40.9A T=21.8C SOC=87% SOH=99% | CVL=56.8V CCL=208.4A DCL=208.4A | chg=1 dis=1 fc1=0 fc2=0 | prot=0000 warn=0000 | packs=2 | inv0x305=yes
[54s] OK V=52.60V I=-40.6A T=21.8C SOC=87% SOH=99% | CVL=56.8V CCL=208.4A DCL=208.4A | chg=1 dis=1 fc1=0 fc2=0 | prot=0000 warn=0000 | packs=2 | inv0x305=yes
[56s] OK V=52.70V I=-38.5A T=21.8C SOC=87% SOH=99% | CVL=56.8V CCL=208.4A DCL=208.4A | chg=1 dis=1 fc1=0 fc2=0 | prot=0000 warn=0000 | packs=2 | inv0x305=yes
[58s] OK V=52.60V I=-38.9A T=21.8C SOC=87% SOH=99% | CVL=56.8V CCL=208.4A DCL=208.4A | chg=1 dis=1 fc1=0 fc2=0 | prot=0000 warn=0000 | packs=2 | inv0x305=yes
[60s] OK V=52.60V I=-37.2A T=21.8C SOC=87% SOH=99% | CVL=56.8V CCL=208.4A DCL=208.4A | chg=1 dis=1 fc1=0 fc2=0 | prot=0000 warn=0000 | packs=2 | inv0x305=yes
[62s] OK V=52.70V I=-36.0A T=21.8C SOC=87% SOH=99% | CVL=56.8V CCL=208.4A DCL=208.4A | chg=1 dis=1 fc1=0 fc2=0 | prot=0000 warn=0000 | packs=2 | inv0x305=yes
[64s] OK V=52.70V I=-36.4A T=21.8C SOC=87% SOH=99% | CVL=56.8V CCL=208.4A DCL=208.4A | chg=1 dis=1 fc1=0 fc2=0 | prot=0000 warn=0000 | packs=2 | inv0x305=yes
[66s] OK V=52.60V I=-38.6A T=21.8C SOC=87% SOH=99% | CVL=56.8V CCL=208.4A DCL=208.4A | chg=1 dis=1 fc1=0 fc2=0 | prot=0000 warn=0000 | packs=2 | inv0x305=yes
[68s] OK V=52.60V I=-39.1A T=21.8C SOC=87% SOH=99% | CVL=56.8V CCL=208.4A DCL=208.4A | chg=1 dis=1 fc1=0 fc2=0 | prot=0000 warn=0000 | packs=2 | inv0x305=yes
[70s] OK V=52.60V I=-41.4A T=21.8C SOC=87% SOH=99% | CVL=56.8V CCL=208.4A DCL=208.4A | chg=1 dis=1 fc1=0 fc2=0 | prot=0000 warn=0000 | packs=2 | inv0x305=yes
[72s] OK V=52.70V I=-41.0A T=21.8C SOC=87% SOH=99% | CVL=56.8V CCL=208.4A DCL=208.4A | chg=1 dis=1 fc1=0 fc2=0 | prot=0000 warn=0000 | packs=2 | inv0x305=yes
[74s] OK V=52.60V I=-40.2A T=21.8C SOC=87% SOH=99% | CVL=56.8V CCL=208.4A DCL=208.4A | chg=1 dis=1 fc1=0 fc2=0 | prot=0000 warn=0000 | packs=2 | inv0x305=yes
[76s] OK V=52.60V I=-41.9A T=21.8C SOC=87% SOH=99% | CVL=56.8V CCL=208.4A DCL=208.4A | chg=1 dis=1 fc1=0 fc2=0 | prot=0000 warn=0000 | packs=2 | inv0x305=yes
[78s] OK V=52.60V I=-41.9A T=21.8C SOC=87% SOH=99% | CVL=56.8V CCL=208.4A DCL=208.4A | chg=1 dis=1 fc1=0 fc2=0 | prot=0000 warn=0000 | packs=2 | inv0x305=yes
[80s] OK V=52.70V I=-42.4A T=21.8C SOC=87% SOH=99% | CVL=56.8V CCL=208.4A DCL=208.4A | chg=1 dis=1 fc1=0 fc2=0 | prot=0000 warn=0000 | packs=2 | inv0x305=yes
[82s] OK V=52.60V I=-42.0A T=21.8C SOC=87% SOH=99% | CVL=56.8V CCL=208.4A DCL=208.4A | chg=1 dis=1 fc1=0 fc2=0 | prot=0000 warn=0000 | packs=2 | inv0x305=yes
[84s] OK V=52.60V I=-42.6A T=21.8C SOC=86% SOH=99% | CVL=56.8V CCL=208.4A DCL=208.4A | chg=1 dis=1 fc1=0 fc2=0 | prot=0000 warn=0000 | packs=2 | inv0x305=yes
[86s] OK V=52.60V I=-43.7A T=21.8C SOC=86% SOH=99% | CVL=56.8V CCL=208.4A DCL=208.4A | chg=1 dis=1 fc1=0 fc2=0 | prot=0000 warn=0000 | packs=2 | inv0x305=yes
[88s] OK V=52.70V I=-41.5A T=21.8C SOC=86% SOH=99% | CVL=56.8V CCL=208.4A DCL=208.4A | chg=1 dis=1 fc1=0 fc2=0 | prot=0000 warn=0000 | packs=2 | inv0x305=yes
[90s] OK V=52.60V I=-43.0A T=21.8C SOC=86% SOH=99% | CVL=56.8V CCL=208.4A DCL=208.4A | chg=1 dis=1 fc1=0 fc2=0 | prot=0000 warn=0000 | packs=2 | inv0x305=yes
[92s] OK V=52.50V I=-47.2A T=21.8C SOC=86% SOH=99% | CVL=56.8V CCL=208.4A DCL=208.4A | chg=1 dis=1 fc1=0 fc2=0 | prot=0000 warn=0000 | packs=2 | inv0x305=yes
[94s] OK V=52.50V I=-47.2A T=21.8C SOC=86% SOH=99% | CVL=56.8V CCL=208.4A DCL=208.4A | chg=1 dis=1 fc1=0 fc2=0 | prot=0000 warn=0000 | packs=2 | inv0x305=yes
[96s] OK V=52.60V I=-46.0A T=21.8C SOC=86% SOH=99% | CVL=56.8V CCL=208.4A DCL=208.4A | chg=1 dis=1 fc1=0 fc2=0 | prot=0000 warn=0000 | packs=2 | inv0x305=yes
[98s] OK V=52.60V I=-47.5A T=21.8C SOC=86% SOH=99% | CVL=56.8V CCL=208.4A DCL=208.4A | chg=1 dis=1 fc1=0 fc2=0 | prot=0000 warn=0000 | packs=2 | inv0x305=yes
[100s] OK V=52.50V I=-45.5A T=21.8C SOC=86% SOH=99% | CVL=56.8V CCL=208.4A DCL=208.4A | chg=1 dis=1 fc1=0 fc2=0 | prot=0000 warn=0000 | packs=2 | inv0x305=yes
[102s] OK V=52.50V I=-42.7A T=21.8C SOC=86% SOH=99% | CVL=56.8V CCL=208.4A DCL=208.4A | chg=1 dis=1 fc1=0 fc2=0 | prot=0000 warn=0000 | packs=2 | inv0x305=yes
[104s] OK V=52.60V I=-41.4A T=21.8C SOC=86% SOH=99% | CVL=56.8V CCL=208.4A DCL=208.4A | chg=1 dis=1 fc1=0 fc2=0 | prot=0000 warn=0000 | packs=2 | inv0x305=yes
[106s] OK V=52.60V I=-44.1A T=21.8C SOC=86% SOH=99% | CVL=56.8V CCL=208.4A DCL=208.4A | chg=1 dis=1 fc1=0 fc2=0 | prot=0000 warn=0000 | packs=2 | inv0x305=yes
[108s] OK V=52.60V I=-41.8A T=21.8C SOC=86% SOH=99% | CVL=56.8V CCL=208.4A DCL=208.4A | chg=1 dis=1 fc1=0 fc2=0 | prot=0000 warn=0000 | packs=2 | inv0x305=yes
[110s] OK V=52.50V I=-44.2A T=21.8C SOC=86% SOH=99% | CVL=56.8V CCL=208.4A DCL=208.4A | chg=1 dis=1 fc1=0 fc2=0 | prot=0000 warn=0000 | packs=2 | inv0x305=yes
[112s] OK V=52.50V I=-44.5A T=21.8C SOC=86% SOH=99% | CVL=56.8V CCL=208.4A DCL=208.4A | chg=1 dis=1 fc1=0 fc2=0 | prot=0000 warn=0000 | packs=2 | inv0x305=yes
[114s] OK V=52.60V I=-44.3A T=21.8C SOC=86% SOH=99% | CVL=56.8V CCL=208.4A DCL=208.4A | chg=1 dis=1 fc1=0 fc2=0 | prot=0000 warn=0000 | packs=2 | inv0x305=yes
[116s] OK V=52.80V I=+0.0A T=21.8C SOC=86% SOH=99% | CVL=56.8V CCL=0.0A DCL=0.0A | chg=0 dis=0 fc1=0 fc2=0 | prot=0000 warn=0000 | packs=2 | inv0x305=yes
[118s] OK V=52.90V I=+0.0A T=21.8C SOC=86% SOH=99% | CVL=56.8V CCL=0.0A DCL=0.0A | chg=0 dis=0 fc1=0 fc2=0 | prot=0000 warn=0000 | packs=2 | inv0x305=yes
[120s] OK V=52.90V I=+0.0A T=21.8C SOC=86% SOH=99% | CVL=56.8V CCL=0.0A DCL=0.0A | chg=0 dis=0 fc1=0 fc2=0 | prot=0000 warn=0000 | packs=2 | inv0x305=yes
[122s] OK V=52.90V I=+0.0A T=21.8C SOC=86% SOH=99% | CVL=56.8V CCL=0.0A DCL=0.0A | chg=0 dis=0 fc1=0 fc2=0 | prot=0000 warn=0000 | packs=2 | inv0x305=yes
[124s] OK V=52.90V I=+0.0A T=21.8C SOC=86% SOH=99% | CVL=56.8V CCL=0.0A DCL=0.0A | chg=0 dis=0 fc1=0 fc2=0 | prot=0000 warn=0000 | packs=2 | inv0x305=yes
[126s] OK V=52.90V I=+0.0A T=21.8C SOC=86% SOH=99% | CVL=56.8V CCL=0.0A DCL=0.0A | chg=0 dis=0 fc1=0 fc2=0 | prot=0000 warn=0000 | packs=2 | inv0x305=yes
[128s] OK V=52.90V I=+0.0A T=21.8C SOC=86% SOH=99% | CVL=56.8V CCL=0.0A DCL=0.0A | chg=0 dis=0 fc1=0 fc2=0 | prot=0000 warn=0000 | packs=2 | inv0x305=yes
[130s] OK V=53.00V I=+0.0A T=21.8C SOC=86% SOH=99% | CVL=56.8V CCL=0.0A DCL=0.0A | chg=0 dis=0 fc1=0 fc2=0 | prot=0000 warn=0000 | packs=2 | inv0x305=yes
[132s] OK V=53.00V I=+0.0A T=21.8C SOC=86% SOH=99% | CVL=56.8V CCL=0.0A DCL=0.0A | chg=0 dis=0 fc1=0 fc2=0 | prot=0000 warn=0000 | packs=2 | inv0x305=yes
[134s] OK V=53.00V I=+0.0A T=21.8C SOC=86% SOH=99% | CVL=56.8V CCL=0.0A DCL=0.0A | chg=0 dis=0 fc1=0 fc2=0 | prot=0000 warn=0000 | packs=2 | inv0x305=yes
[136s] OK V=53.00V I=+0.0A T=21.8C SOC=86% SOH=99% | CVL=56.8V CCL=0.0A DCL=0.0A | chg=0 dis=0 fc1=0 fc2=0 | prot=0000 warn=0000 | packs=2 | inv0x305=yes
[138s] OK V=53.00V I=+0.0A T=21.8C SOC=86% SOH=99% | CVL=56.8V CCL=0.0A DCL=0.0A | chg=0 dis=0 fc1=0 fc2=0 | prot=0000 warn=0000 | packs=2 | inv0x305=yes
[140s] OK V=53.00V I=+0.0A T=21.8C SOC=86% SOH=99% | CVL=56.8V CCL=0.0A DCL=0.0A | chg=0 dis=0 fc1=0 fc2=0 | prot=0000 warn=0000 | packs=2 | inv0x305=yes
[142s] OK V=53.00V I=+0.0A T=21.8C SOC=86% SOH=99% | CVL=56.8V CCL=0.0A DCL=0.0A | chg=0 dis=0 fc1=0 fc2=0 | prot=0000 warn=0000 | packs=2 | inv0x305=yes
[144s] OK V=53.00V I=+0.0A T=21.8C SOC=86% SOH=99% | CVL=56.8V CCL=0.0A DCL=0.0A | chg=0 dis=0 fc1=0 fc2=0 | prot=0000 warn=0000 | packs=2 | inv0x305=yes
[146s] OK V=53.00V I=+0.0A T=21.8C SOC=86% SOH=99% | CVL=56.8V CCL=0.0A DCL=0.0A | chg=0 dis=0 fc1=0 fc2=0 | prot=0000 warn=0000 | packs=2 | inv0x305=yes
[148s] OK V=53.00V I=+0.0A T=21.8C SOC=86% SOH=99% | CVL=56.8V CCL=0.0A DCL=0.0A | chg=0 dis=0 fc1=0 fc2=0 | prot=0000 warn=0000 | packs=2 | inv0x305=yes
[150s] OK V=53.00V I=+0.0A T=21.8C SOC=86% SOH=99% | CVL=56.8V CCL=0.0A DCL=0.0A | chg=0 dis=0 fc1=0 fc2=0 | prot=0000 warn=0000 | packs=2 | inv0x305=yes
[152s] OK V=53.00V I=+0.0A T=21.8C SOC=86% SOH=99% | CVL=56.8V CCL=0.0A DCL=0.0A | chg=0 dis=0 fc1=0 fc2=0 | prot=0000 warn=0000 | packs=2 | inv0x305=yes
[154s] OK V=53.00V I=+0.0A T=21.8C SOC=86% SOH=99% | CVL=56.8V CCL=0.0A DCL=0.0A | chg=0 dis=0 fc1=0 fc2=0 | prot=0000 warn=0000 | packs=2 | inv0x305=yes
[156s] OK V=53.00V I=+0.0A T=21.8C SOC=86% SOH=99% | CVL=56.8V CCL=0.0A DCL=0.0A | chg=0 dis=0 fc1=0 fc2=0 | prot=0000 warn=0000 | packs=2 | inv0x305=yes
[158s] OK V=53.00V I=+0.0A T=21.8C SOC=86% SOH=99% | CVL=56.8V CCL=0.0A DCL=0.0A | chg=0 dis=0 fc1=0 fc2=0 | prot=0000 warn=0000 | packs=2 | inv0x305=yes
[160s] OK V=53.00V I=+0.0A T=21.8C SOC=86% SOH=99% | CVL=56.8V CCL=0.0A DCL=0.0A | chg=0 dis=0 fc1=0 fc2=0 | prot=0000 warn=0000 | packs=2 | inv0x305=yes
[162s] OK V=53.00V I=+0.0A T=21.8C SOC=86% SOH=99% | CVL=56.8V CCL=0.0A DCL=0.0A | chg=0 dis=0 fc1=0 fc2=0 | prot=0000 warn=0000 | packs=2 | inv0x305=yes
[164s] OK V=53.10V I=+0.0A T=21.8C SOC=86% SOH=99% | CVL=56.8V CCL=0.0A DCL=0.0A | chg=0 dis=0 fc1=0 fc2=0 | prot=0000 warn=0000 | packs=2 | inv0x305=yes
[166s] OK V=53.10V I=+0.0A T=21.8C SOC=86% SOH=99% | CVL=56.8V CCL=0.0A DCL=0.0A | chg=0 dis=0 fc1=0 fc2=0 | prot=0000 warn=0000 | packs=2 | inv0x305=yes
[168s] OK V=53.10V I=+0.0A T=21.8C SOC=86% SOH=99% | CVL=56.8V CCL=0.0A DCL=0.0A | chg=0 dis=0 fc1=0 fc2=0 | prot=0000 warn=0000 | packs=2 | inv0x305=yes
[170s] OK V=53.10V I=+0.0A T=21.8C SOC=86% SOH=99% | CVL=56.8V CCL=0.0A DCL=0.0A | chg=0 dis=0 fc1=0 fc2=0 | prot=0000 warn=0000 | packs=2 | inv0x305=yes
[172s] OK V=53.10V I=+0.0A T=21.8C SOC=86% SOH=99% | CVL=56.8V CCL=0.0A DCL=0.0A | chg=0 dis=0 fc1=0 fc2=0 | prot=0000 warn=0000 | packs=2 | inv0x305=yes
[174s] OK V=53.10V I=+0.0A T=21.8C SOC=86% SOH=99% | CVL=56.8V CCL=0.0A DCL=0.0A | chg=0 dis=0 fc1=0 fc2=0 | prot=0000 warn=0000 | packs=2 | inv0x305=yes
[176s] OK V=53.10V I=+0.0A T=21.8C SOC=86% SOH=99% | CVL=56.8V CCL=0.0A DCL=0.0A | chg=0 dis=0 fc1=0 fc2=0 | prot=0000 warn=0000 | packs=2 | inv0x305=yes
[178s] OK V=53.10V I=+0.0A T=21.8C SOC=86% SOH=99% | CVL=56.8V CCL=0.0A DCL=0.0A | chg=0 dis=0 fc1=0 fc2=0 | prot=0000 warn=0000 | packs=2 | inv0x305=yes
[180s] OK V=53.10V I=+0.0A T=21.8C SOC=86% SOH=99% | CVL=56.8V CCL=0.0A DCL=0.0A | chg=0 dis=0 fc1=0 fc2=0 | prot=0000 warn=0000 | packs=2 | inv0x305=yes
[182s] OK V=53.10V I=+0.0A T=21.8C SOC=86% SOH=99% | CVL=56.8V CCL=0.0A DCL=0.0A | chg=0 dis=0 fc1=0 fc2=0 | prot=0000 warn=0000 | packs=2 | inv0x305=yes
[184s] OK V=53.10V I=+0.0A T=21.8C SOC=86% SOH=99% | CVL=56.8V CCL=0.0A DCL=0.0A | chg=0 dis=0 fc1=0 fc2=0 | prot=0000 warn=0000 | packs=2 | inv0x305=yes
[186s] OK V=53.10V I=+0.0A T=21.8C SOC=86% SOH=99% | CVL=56.8V CCL=0.0A DCL=0.0A | chg=0 dis=0 fc1=0 fc2=0 | prot=0000 warn=0000 | packs=2 | inv0x305=yes
[188s] OK V=53.10V I=+0.0A T=21.8C SOC=86% SOH=99% | CVL=56.8V CCL=0.0A DCL=0.0A | chg=0 dis=0 fc1=0 fc2=0 | prot=0000 warn=0000 | packs=2 | inv0x305=yes
[190s] OK V=53.10V I=+0.0A T=21.8C SOC=86% SOH=99% | CVL=56.8V CCL=0.0A DCL=0.0A | chg=0 dis=0 fc1=0 fc2=0 | prot=0000 warn=0000 | packs=2 | inv0x305=yes
[192s] OK V=53.10V I=+0.0A T=21.8C SOC=86% SOH=99% | CVL=56.8V CCL=0.0A DCL=0.0A | chg=0 dis=0 fc1=0 fc2=0 | prot=0000 warn=0000 | packs=2 | inv0x305=yes
[194s] OK V=53.10V I=+0.0A T=21.8C SOC=86% SOH=99% | CVL=56.8V CCL=0.0A DCL=0.0A | chg=0 dis=0 fc1=0 fc2=0 | prot=0000 warn=0000 | packs=2 | inv0x305=yes
[196s] OK V=53.10V I=+0.0A T=21.8C SOC=86% SOH=99% | CVL=56.8V CCL=0.0A DCL=0.0A | chg=0 dis=0 fc1=0 fc2=0 | prot=0000 warn=0000 | packs=2 | inv0x305=yes
[198s] OK V=53.10V I=+0.0A T=21.8C SOC=86% SOH=99% | CVL=56.8V CCL=0.0A DCL=0.0A | chg=0 dis=0 fc1=0 fc2=0 | prot=0000 warn=0000 | packs=2 | inv0x305=yes
[200s] OK V=53.10V I=+0.0A T=21.8C SOC=86% SOH=99% | CVL=56.8V CCL=0.0A DCL=0.0A | chg=0 dis=0 fc1=0 fc2=0 | prot=0000 warn=0000 | packs=2 | inv0x305=yes
[202s] OK V=53.10V I=+0.0A T=21.8C SOC=86% SOH=99% | CVL=56.8V CCL=0.0A DCL=0.0A | chg=0 dis=0 fc1=0 fc2=0 | prot=0000 warn=0000 | packs=2 | inv0x305=yes
[204s] OK V=53.10V I=+0.0A T=21.8C SOC=86% SOH=99% | CVL=56.8V CCL=0.0A DCL=0.0A | chg=0 dis=0 fc1=0 fc2=0 | prot=0000 warn=0000 | packs=2 | inv0x305=yes
[206s] OK V=53.10V I=+0.0A T=21.8C SOC=86% SOH=99% | CVL=56.8V CCL=0.0A DCL=0.0A | chg=0 dis=0 fc1=0 fc2=0 | prot=0000 warn=0000 | packs=2 | inv0x305=yes
[208s] OK V=53.10V I=+0.0A T=21.8C SOC=86% SOH=99% | CVL=56.8V CCL=0.0A DCL=0.0A | chg=0 dis=0 fc1=0 fc2=0 | prot=0000 warn=0000 | packs=2 | inv0x305=yes
[210s] OK V=53.10V I=+0.0A T=21.8C SOC=86% SOH=99% | CVL=56.8V CCL=0.0A DCL=0.0A | chg=0 dis=0 fc1=0 fc2=0 | prot=0000 warn=0000 | packs=2 | inv0x305=yes
[212s] OK V=53.10V I=+0.0A T=21.8C SOC=86% SOH=99% | CVL=56.8V CCL=0.0A DCL=0.0A | chg=0 dis=0 fc1=0 fc2=0 | prot=0000 warn=0000 | packs=2 | inv0x305=yes
[214s] OK V=53.10V I=+0.0A T=21.8C SOC=86% SOH=99% | CVL=56.8V CCL=0.0A DCL=0.0A | chg=0 dis=0 fc1=0 fc2=0 | prot=0000 warn=0000 | packs=2 | inv0x305=yes
[216s] OK V=53.10V I=+0.0A T=21.8C SOC=86% SOH=99% | CVL=56.8V CCL=0.0A DCL=0.0A | chg=0 dis=0 fc1=0 fc2=0 | prot=0000 warn=0000 | packs=2 | inv0x305=yes
[218s] OK V=53.10V I=+0.0A T=21.8C SOC=86% SOH=99% | CVL=56.8V CCL=0.0A DCL=0.0A | chg=0 dis=0 fc1=0 fc2=0 | prot=0000 warn=0000 | packs=2 | inv0x305=yes
[220s] OK V=53.10V I=+0.0A T=21.8C SOC=86% SOH=99% | CVL=56.8V CCL=0.0A DCL=0.0A | chg=0 dis=0 fc1=0 fc2=0 | prot=0000 warn=0000 | packs=2 | inv0x305=yes
[222s] OK V=53.10V I=+0.0A T=21.8C SOC=86% SOH=99% | CVL=56.8V CCL=0.0A DCL=0.0A | chg=0 dis=0 fc1=0 fc2=0 | prot=0000 warn=0000 | packs=2 | inv0x305=yes
[224s] OK V=53.10V I=+0.0A T=21.8C SOC=86% SOH=99% | CVL=56.8V CCL=0.0A DCL=0.0A | chg=0 dis=0 fc1=0 fc2=0 | prot=0000 warn=0000 | packs=2 | inv0x305=yes
[226s] OK V=53.10V I=+0.0A T=21.8C SOC=86% SOH=99% | CVL=56.8V CCL=0.0A DCL=0.0A | chg=0 dis=0 fc1=0 fc2=0 | prot=0000 warn=0000 | packs=2 | inv0x305=yes
[228s] OK V=53.10V I=+0.0A T=21.8C SOC=86% SOH=99% | CVL=56.8V CCL=0.0A DCL=0.0A | chg=0 dis=0 fc1=0 fc2=0 | prot=0000 warn=0000 | packs=2 | inv0x305=yes
[230s] OK V=53.10V I=+0.0A T=21.8C SOC=86% SOH=99% | CVL=56.8V CCL=0.0A DCL=0.0A | chg=0 dis=0 fc1=0 fc2=0 | prot=0000 warn=0000 | packs=2 | inv0x305=yes
[232s] OK V=53.10V I=+0.0A T=21.8C SOC=86% SOH=99% | CVL=56.8V CCL=0.0A DCL=0.0A | chg=0 dis=0 fc1=0 fc2=0 | prot=0000 warn=0000 | packs=2 | inv0x305=yes
[234s] OK V=53.10V I=+0.0A T=21.8C SOC=86% SOH=99% | CVL=56.8V CCL=0.0A DCL=0.0A | chg=0 dis=0 fc1=0 fc2=0 | prot=0000 warn=0000 | packs=2 | inv0x305=yes
[236s] OK V=53.10V I=+0.0A T=21.8C SOC=86% SOH=99% | CVL=56.8V CCL=0.0A DCL=0.0A | chg=0 dis=0 fc1=0 fc2=0 | prot=0000 warn=0000 | packs=2 | inv0x305=yes
[238s] OK V=53.10V I=+0.0A T=21.8C SOC=86% SOH=99% | CVL=56.8V CCL=0.0A DCL=0.0A | chg=0 dis=0 fc1=0 fc2=0 | prot=0000 warn=0000 | packs=2 | inv0x305=yes
[240s] OK V=53.10V I=+0.0A T=21.8C SOC=86% SOH=99% | CVL=56.8V CCL=0.0A DCL=0.0A | chg=0 dis=0 fc1=0 fc2=0 | prot=0000 warn=0000 | packs=2 | inv0x305=yes
[242s] OK V=53.10V I=+0.0A T=21.8C SOC=86% SOH=99% | CVL=56.8V CCL=0.0A DCL=0.0A | chg=0 dis=0 fc1=0 fc2=0 | prot=0000 warn=0000 | packs=2 | inv0x305=yes
[244s] OK V=53.10V I=+0.0A T=21.8C SOC=86% SOH=99% | CVL=56.8V CCL=0.0A DCL=0.0A | chg=0 dis=0 fc1=0 fc2=0 | prot=0000 warn=0000 | packs=2 | inv0x305=yes
[246s] OK V=53.10V I=+0.0A T=21.8C SOC=86% SOH=99% | CVL=56.8V CCL=0.0A DCL=0.0A | chg=0 dis=0 fc1=0 fc2=0 | prot=0000 warn=0000 | packs=2 | inv0x305=yes
[248s] OK V=53.10V I=+0.0A T=21.8C SOC=86% SOH=99% | CVL=56.8V CCL=0.0A DCL=0.0A | chg=0 dis=0 fc1=0 fc2=0 | prot=0000 warn=0000 | packs=2 | inv0x305=yes
[250s] OK V=53.10V I=+0.0A T=21.8C SOC=86% SOH=99% | CVL=56.8V CCL=0.0A DCL=0.0A | chg=0 dis=0 fc1=0 fc2=0 | prot=0000 warn=0000 | packs=2 | inv0x305=yes
[252s] OK V=53.10V I=+0.0A T=21.8C SOC=86% SOH=99% | CVL=56.8V CCL=0.0A DCL=0.0A | chg=0 dis=0 fc1=0 fc2=0 | prot=0000 warn=0000 | packs=2 | inv0x305=yes
[254s] OK V=53.10V I=+0.0A T=21.8C SOC=86% SOH=99% | CVL=56.8V CCL=0.0A DCL=0.0A | chg=0 dis=0 fc1=0 fc2=0 | prot=0000 warn=0000 | packs=2 | inv0x305=yes
[256s] OK V=53.10V I=+0.0A T=21.8C SOC=86% SOH=99% | CVL=56.8V CCL=0.0A DCL=0.0A | chg=0 dis=0 fc1=0 fc2=0 | prot=0000 warn=0000 | packs=2 | inv0x305=yes
[258s] OK V=53.10V I=+0.0A T=21.8C SOC=86% SOH=99% | CVL=56.8V CCL=0.0A DCL=0.0A | chg=0 dis=0 fc1=0 fc2=0 | prot=0000 warn=0000 | packs=2 | inv0x305=yes
[260s] OK V=53.10V I=+0.0A T=21.8C SOC=86% SOH=99% | CVL=56.8V CCL=0.0A DCL=0.0A | chg=0 dis=0 fc1=0 fc2=0 | prot=0000 warn=0000 | packs=2 | inv0x305=yes
[262s] OK V=53.10V I=+0.0A T=21.8C SOC=86% SOH=99% | CVL=56.8V CCL=0.0A DCL=0.0A | chg=0 dis=0 fc1=0 fc2=0 | prot=0000 warn=0000 | packs=2 | inv0x305=yes
[264s] OK V=53.10V I=+0.0A T=21.8C SOC=86% SOH=99% | CVL=56.8V CCL=0.0A DCL=0.0A | chg=0 dis=0 fc1=0 fc2=0 | prot=0000 warn=0000 | packs=2 | inv0x305=yes
[266s] OK V=53.10V I=+0.0A T=21.8C SOC=86% SOH=99% | CVL=56.8V CCL=0.0A DCL=0.0A | chg=0 dis=0 fc1=0 fc2=0 | prot=0000 warn=0000 | packs=2 | inv0x305=yes
[268s] OK V=53.10V I=+0.0A T=21.8C SOC=86% SOH=99% | CVL=56.8V CCL=0.0A DCL=0.0A | chg=0 dis=0 fc1=0 fc2=0 | prot=0000 warn=0000 | packs=2 | inv0x305=yes
[270s] OK V=53.10V I=+0.0A T=21.8C SOC=86% SOH=99% | CVL=56.8V CCL=0.0A DCL=0.0A | chg=0 dis=0 fc1=0 fc2=0 | prot=0000 warn=0000 | packs=2 | inv0x305=yes
[272s] OK V=53.10V I=+0.0A T=21.8C SOC=86% SOH=99% | CVL=56.8V CCL=0.0A DCL=0.0A | chg=0 dis=0 fc1=0 fc2=0 | prot=0000 warn=0000 | packs=2 | inv0x305=yes
[274s] OK V=53.10V I=+0.0A T=21.8C SOC=86% SOH=99% | CVL=56.8V CCL=0.0A DCL=0.0A | chg=0 dis=0 fc1=0 fc2=0 | prot=0000 warn=0000 | packs=2 | inv0x305=yes
[276s] OK V=53.10V I=+0.0A T=21.8C SOC=86% SOH=99% | CVL=56.8V CCL=0.0A DCL=0.0A | chg=0 dis=0 fc1=0 fc2=0 | prot=0000 warn=0000 | packs=2 | inv0x305=yes
[278s] OK V=53.10V I=+0.0A T=21.8C SOC=86% SOH=99% | CVL=56.8V CCL=0.0A DCL=0.0A | chg=0 dis=0 fc1=0 fc2=0 | prot=0000 warn=0000 | packs=2 | inv0x305=yes
[280s] OK V=53.10V I=+0.0A T=21.8C SOC=86% SOH=99% | CVL=56.8V CCL=0.0A DCL=0.0A | chg=0 dis=0 fc1=0 fc2=0 | prot=0000 warn=0000 | packs=2 | inv0x305=yes
[282s] OK V=53.10V I=+0.0A T=21.8C SOC=86% SOH=99% | CVL=56.8V CCL=0.0A DCL=0.0A | chg=0 dis=0 fc1=0 fc2=0 | prot=0000 warn=0000 | packs=2 | inv0x305=yes
[284s] OK V=53.10V I=+0.0A T=21.8C SOC=86% SOH=99% | CVL=56.8V CCL=0.0A DCL=0.0A | chg=0 dis=0 fc1=0 fc2=0 | prot=0000 warn=0000 | packs=2 | inv0x305=yes
[286s] OK V=53.10V I=+0.0A T=21.8C SOC=86% SOH=99% | CVL=56.8V CCL=0.0A DCL=0.0A | chg=0 dis=0 fc1=0 fc2=0 | prot=0000 warn=0000 | packs=2 | inv0x305=yes
[288s] OK V=53.10V I=+0.0A T=21.8C SOC=86% SOH=99% | CVL=56.8V CCL=0.0A DCL=0.0A | chg=0 dis=0 fc1=0 fc2=0 | prot=0000 warn=0000 | packs=2 | inv0x305=yes
[290s] OK V=53.10V I=+0.0A T=21.8C SOC=86% SOH=99% | CVL=56.8V CCL=0.0A DCL=0.0A | chg=0 dis=0 fc1=0 fc2=0 | prot=0000 warn=0000 | packs=2 | inv0x305=yes
[292s] OK V=53.10V I=+0.0A T=21.8C SOC=86% SOH=99% | CVL=56.8V CCL=0.0A DCL=0.0A | chg=0 dis=0 fc1=0 fc2=0 | prot=0000 warn=0000 | packs=2 | inv0x305=yes
[294s] OK V=53.10V I=+0.0A T=21.8C SOC=86% SOH=99% | CVL=56.8V CCL=0.0A DCL=0.0A | chg=0 dis=0 fc1=0 fc2=0 | prot=0000 warn=0000 | packs=2 | inv0x305=yes
[296s] OK V=53.10V I=+0.0A T=21.8C SOC=86% SOH=99% | CVL=56.8V CCL=0.0A DCL=0.0A | chg=0 dis=0 fc1=0 fc2=0 | prot=0000 warn=0000 | packs=2 | inv0x305=yes
[298s] OK V=53.10V I=+0.0A T=21.8C SOC=86% SOH=99% | CVL=56.8V CCL=0.0A DCL=0.0A | chg=0 dis=0 fc1=0 fc2=0 | prot=0000 warn=0000 | packs=2 | inv0x305=yes
[300s] OK V=53.10V I=+0.0A T=21.8C SOC=86% SOH=99% | CVL=56.8V CCL=0.0A DCL=0.0A | chg=0 dis=0 fc1=0 fc2=0 | prot=0000 warn=0000 | packs=2 | inv0x305=yes
[302s] OK V=53.10V I=+0.0A T=21.8C SOC=86% SOH=99% | CVL=56.8V CCL=0.0A DCL=0.0A | chg=0 dis=0 fc1=0 fc2=0 | prot=0000 warn=0000 | packs=2 | inv0x305=yes
[304s] OK V=53.10V I=+0.0A T=21.8C SOC=86% SOH=99% | CVL=56.8V CCL=0.0A DCL=0.0A | chg=0 dis=0 fc1=0 fc2=0 | prot=0000 warn=0000 | packs=2 | inv0x305=yes
[306s] OK V=53.20V I=+0.0A T=21.8C SOC=86% SOH=99% | CVL=56.8V CCL=0.0A DCL=0.0A | chg=0 dis=0 fc1=0 fc2=0 | prot=0000 warn=0000 | packs=2 | inv0x305=yes
[308s] OK V=53.10V I=+0.0A T=21.8C SOC=86% SOH=99% | CVL=56.8V CCL=0.0A DCL=0.0A | chg=0 dis=0 fc1=0 fc2=0 | prot=0000 warn=0000 | packs=2 | inv0x305=yes
[310s] OK V=53.10V I=+0.0A T=21.8C SOC=86% SOH=99% | CVL=56.8V CCL=0.0A DCL=0.0A | chg=0 dis=0 fc1=0 fc2=0 | prot=0000 warn=0000 | packs=2 | inv0x305=yes
[312s] OK V=53.20V I=+0.0A T=21.8C SOC=86% SOH=99% | CVL=56.8V CCL=0.0A DCL=0.0A | chg=0 dis=0 fc1=0 fc2=0 | prot=0000 warn=0000 | packs=2 | inv0x305=yes
[314s] OK V=53.20V I=+0.0A T=21.8C SOC=86% SOH=99% | CVL=56.8V CCL=0.0A DCL=0.0A | chg=0 dis=0 fc1=0 fc2=0 | prot=0000 warn=0000 | packs=2 | inv0x305=yes
[316s] OK V=53.20V I=+0.0A T=21.8C SOC=86% SOH=99% | CVL=56.8V CCL=0.0A DCL=0.0A | chg=0 dis=0 fc1=0 fc2=0 | prot=0000 warn=0000 | packs=2 | inv0x305=yes
[318s] OK V=53.20V I=+0.0A T=21.8C SOC=86% SOH=99% | CVL=56.8V CCL=0.0A DCL=0.0A | chg=0 dis=0 fc1=0 fc2=0 | prot=0000 warn=0000 | packs=2 | inv0x305=yes
[320s] OK V=53.20V I=+0.0A T=21.8C SOC=86% SOH=99% | CVL=56.8V CCL=0.0A DCL=0.0A | chg=0 dis=0 fc1=0 fc2=0 | prot=0000 warn=0000 | packs=2 | inv0x305=yes
[322s] OK V=53.20V I=+0.0A T=21.8C SOC=86% SOH=99% | CVL=56.8V CCL=0.0A DCL=0.0A | chg=0 dis=0 fc1=0 fc2=0 | prot=0000 warn=0000 | packs=2 | inv0x305=yes
[324s] OK V=53.20V I=+0.0A T=21.8C SOC=86% SOH=99% | CVL=56.8V CCL=0.0A DCL=0.0A | chg=0 dis=0 fc1=0 fc2=0 | prot=0000 warn=0000 | packs=2 | inv0x305=yes
[326s] OK V=53.20V I=+0.0A T=21.8C SOC=86% SOH=99% | CVL=56.8V CCL=0.0A DCL=0.0A | chg=0 dis=0 fc1=0 fc2=0 | prot=0000 warn=0000 | packs=2 | inv0x305=yes
[328s] OK V=53.20V I=+0.0A T=21.8C SOC=86% SOH=99% | CVL=56.8V CCL=0.0A DCL=0.0A | chg=0 dis=0 fc1=0 fc2=0 | prot=0000 warn=0000 | packs=2 | inv0x305=yes
[330s] OK V=53.20V I=+0.0A T=21.8C SOC=86% SOH=99% | CVL=56.8V CCL=0.0A DCL=0.0A | chg=0 dis=0 fc1=0 fc2=0 | prot=0000 warn=0000 | packs=2 | inv0x305=yes
[332s] OK V=53.20V I=+0.0A T=21.8C SOC=86% SOH=99% | CVL=56.8V CCL=0.0A DCL=0.0A | chg=0 dis=0 fc1=0 fc2=0 | prot=0000 warn=0000 | packs=2 | inv0x305=yes
[334s] OK V=53.20V I=+0.0A T=21.8C SOC=86% SOH=99% | CVL=56.8V CCL=0.0A DCL=0.0A | chg=0 dis=0 fc1=0 fc2=0 | prot=0000 warn=0000 | packs=2 | inv0x305=yes
[336s] OK V=53.20V I=+0.0A T=21.8C SOC=86% SOH=99% | CVL=56.8V CCL=0.0A DCL=0.0A | chg=0 dis=0 fc1=0 fc2=0 | prot=0000 warn=0000 | packs=2 | inv0x305=yes
[338s] OK V=53.20V I=+0.0A T=21.8C SOC=86% SOH=99% | CVL=56.8V CCL=0.0A DCL=0.0A | chg=0 dis=0 fc1=0 fc2=0 | prot=0000 warn=0000 | packs=2 | inv0x305=yes
[340s] OK V=53.20V I=+0.0A T=21.8C SOC=86% SOH=99% | CVL=56.8V CCL=0.0A DCL=0.0A | chg=0 dis=0 fc1=0 fc2=0 | prot=0000 warn=0000 | packs=2 | inv0x305=yes
[342s] OK V=53.20V I=+0.0A T=21.8C SOC=86% SOH=99% | CVL=56.8V CCL=0.0A DCL=0.0A | chg=0 dis=0 fc1=0 fc2=0 | prot=0000 warn=0000 | packs=2 | inv0x305=yes
[344s] OK V=53.20V I=+0.0A T=21.8C SOC=86% SOH=99% | CVL=56.8V CCL=0.0A DCL=0.0A | chg=0 dis=0 fc1=0 fc2=0 | prot=0000 warn=0000 | packs=2 | inv0x305=yes
[346s] OK V=53.20V I=+0.0A T=21.8C SOC=86% SOH=99% | CVL=56.8V CCL=0.0A DCL=0.0A | chg=0 dis=0 fc1=0 fc2=0 | prot=0000 warn=0000 | packs=2 | inv0x305=yes
[348s] OK V=53.20V I=+0.0A T=21.8C SOC=86% SOH=99% | CVL=56.8V CCL=0.0A DCL=0.0A | chg=0 dis=0 fc1=0 fc2=0 | prot=0000 warn=0000 | packs=2 | inv0x305=yes
[350s] OK V=53.20V I=+0.0A T=21.8C SOC=86% SOH=99% | CVL=56.8V CCL=0.0A DCL=0.0A | chg=0 dis=0 fc1=0 fc2=0 | prot=0000 warn=0000 | packs=2 | inv0x305=yes
[352s] OK V=53.20V I=+0.0A T=21.8C SOC=86% SOH=99% | CVL=56.8V CCL=0.0A DCL=0.0A | chg=0 dis=0 fc1=0 fc2=0 | prot=0000 warn=0000 | packs=2 | inv0x305=yes
[354s] OK V=53.20V I=+0.0A T=21.8C SOC=86% SOH=99% | CVL=56.8V CCL=0.0A DCL=0.0A | chg=0 dis=0 fc1=0 fc2=0 | prot=0000 warn=0000 | packs=2 | inv0x305=yes
[356s] OK V=53.20V I=+0.0A T=21.8C SOC=86% SOH=99% | CVL=56.8V CCL=0.0A DCL=0.0A | chg=0 dis=0 fc1=0 fc2=0 | prot=0000 warn=0000 | packs=2 | inv0x305=yes
[358s] OK V=53.20V I=+0.0A T=21.8C SOC=86% SOH=99% | CVL=56.8V CCL=0.0A DCL=0.0A | chg=0 dis=0 fc1=0 fc2=0 | prot=0000 warn=0000 | packs=2 | inv0x305=yes
[360s] OK V=53.20V I=+0.0A T=21.8C SOC=86% SOH=99% | CVL=56.8V CCL=0.0A DCL=0.0A | chg=0 dis=0 fc1=0 fc2=0 | prot=0000 warn=0000 | packs=2 | inv0x305=yes
[362s] OK V=53.20V I=+0.0A T=21.8C SOC=86% SOH=99% | CVL=56.8V CCL=0.0A DCL=0.0A | chg=0 dis=0 fc1=0 fc2=0 | prot=0000 warn=0000 | packs=2 | inv0x305=yes
[364s] OK V=53.20V I=+0.0A T=21.8C SOC=86% SOH=99% | CVL=56.8V CCL=0.0A DCL=0.0A | chg=0 dis=0 fc1=0 fc2=0 | prot=0000 warn=0000 | packs=2 | inv0x305=yes
[366s] OK V=53.20V I=+0.0A T=21.8C SOC=86% SOH=99% | CVL=56.8V CCL=0.0A DCL=0.0A | chg=0 dis=0 fc1=0 fc2=0 | prot=0000 warn=0000 | packs=2 | inv0x305=yes
[368s] OK V=53.20V I=+0.0A T=21.8C SOC=86% SOH=99% | CVL=56.8V CCL=0.0A DCL=0.0A | chg=0 dis=0 fc1=0 fc2=0 | prot=0000 warn=0000 | packs=2 | inv0x305=yes
[370s] OK V=53.20V I=+0.0A T=21.8C SOC=86% SOH=99% | CVL=56.8V CCL=0.0A DCL=0.0A | chg=0 dis=0 fc1=0 fc2=0 | prot=0000 warn=0000 | packs=2 | inv0x305=yes
[372s] OK V=53.20V I=+0.0A T=21.8C SOC=86% SOH=99% | CVL=56.8V CCL=0.0A DCL=0.0A | chg=0 dis=0 fc1=0 fc2=0 | prot=0000 warn=0002 | packs=2 | inv0x305=yes
[374s] OK V=53.20V I=+0.0A T=21.8C SOC=86% SOH=99% | CVL=56.8V CCL=0.0A DCL=0.0A | chg=0 dis=0 fc1=0 fc2=0 | prot=0000 warn=0002 | packs=2 | inv0x305=yes
[376s] OK V=53.20V I=+0.0A T=21.8C SOC=86% SOH=99% | CVL=56.8V CCL=0.0A DCL=0.0A | chg=0 dis=0 fc1=0 fc2=0 | prot=0000 warn=0002 | packs=2 | inv0x305=yes
[378s] OK V=53.20V I=+0.0A T=21.8C SOC=86% SOH=99% | CVL=56.8V CCL=0.0A DCL=0.0A | chg=0 dis=0 fc1=0 fc2=0 | prot=0000 warn=0002 | packs=2 | inv0x305=yes
[380s] DERATE OK V=53.20V I=+0.0A T=21.8C SOC=86% SOH=99% | CVL=56.8V CCL=0.0A DCL=0.0A | chg=0 dis=0 fc1=0 fc2=0 | prot=0000 warn=0002 | packs=2 | inv0x305=yes
[382s] DERATE OK V=53.20V I=+0.0A T=21.8C SOC=86% SOH=99% | CVL=56.8V CCL=0.0A DCL=0.0A | chg=0 dis=0 fc1=0 fc2=0 | prot=0000 warn=0002 | packs=2 | inv0x305=yes
[384s] OK V=53.20V I=+0.0A T=21.8C SOC=86% SOH=99% | CVL=56.8V CCL=0.0A DCL=0.0A | chg=0 dis=0 fc1=0 fc2=0 | prot=0000 warn=0000 | packs=2 | inv0x305=yes
[386s] OK V=53.20V I=+0.0A T=21.8C SOC=86% SOH=99% | CVL=56.8V CCL=0.0A DCL=0.0A | chg=0 dis=0 fc1=0 fc2=0 | prot=0000 warn=0000 | packs=2 | inv0x305=yes
[388s] OK V=53.10V I=+0.0A T=21.8C SOC=86% SOH=99% | CVL=56.8V CCL=0.0A DCL=0.0A | chg=0 dis=0 fc1=0 fc2=0 | prot=0000 warn=0000 | packs=2 | inv0x305=yes
[390s] OK V=53.10V I=+0.0A T=21.8C SOC=86% SOH=99% | CVL=56.8V CCL=25.6A DCL=25.6A | chg=1 dis=1 fc1=0 fc2=0 | prot=0000 warn=0000 | packs=2 | inv0x305=yes
[392s] OK V=53.10V I=+0.0A T=21.8C SOC=86% SOH=99% | CVL=56.8V CCL=25.6A DCL=25.6A | chg=1 dis=1 fc1=0 fc2=0 | prot=0000 warn=0000 | packs=2 | inv0x305=yes
[394s] OK V=53.10V I=+0.0A T=21.8C SOC=86% SOH=99% | CVL=56.8V CCL=25.6A DCL=25.6A | chg=1 dis=1 fc1=0 fc2=0 | prot=0000 warn=0000 | packs=2 | inv0x305=yes
[396s] OK V=53.10V I=+0.0A T=21.8C SOC=86% SOH=99% | CVL=56.8V CCL=25.6A DCL=25.6A | chg=1 dis=1 fc1=0 fc2=0 | prot=0000 warn=0000 | packs=2 | inv0x305=yes
[398s] OK V=53.10V I=+0.0A T=21.8C SOC=86% SOH=99% | CVL=56.8V CCL=25.6A DCL=25.6A | chg=1 dis=1 fc1=0 fc2=0 | prot=0000 warn=0000 | packs=2 | inv0x305=yes
[400s] OK V=53.10V I=+0.0A T=21.8C SOC=86% SOH=99% | CVL=56.8V CCL=25.6A DCL=25.6A | chg=1 dis=1 fc1=0 fc2=0 | prot=0000 warn=0000 | packs=2 | inv0x305=yes
[402s] OK V=53.10V I=+0.0A T=21.8C SOC=86% SOH=99% | CVL=56.8V CCL=25.6A DCL=25.6A | chg=1 dis=1 fc1=0 fc2=0 | prot=0000 warn=0000 | packs=2 | inv0x305=yes
[404s] OK V=53.10V I=+0.0A T=21.8C SOC=86% SOH=99% | CVL=56.8V CCL=25.6A DCL=25.6A | chg=1 dis=1 fc1=0 fc2=0 | prot=0000 warn=0000 | packs=2 | inv0x305=yes
[406s] OK V=53.10V I=+0.0A T=21.8C SOC=86% SOH=99% | CVL=56.8V CCL=25.6A DCL=25.6A | chg=1 dis=1 fc1=0 fc2=0 | prot=0000 warn=0000 | packs=2 | inv0x305=yes
[408s] OK V=53.10V I=-11.3A T=21.8C SOC=86% SOH=99% | CVL=56.8V CCL=25.6A DCL=25.6A | chg=1 dis=1 fc1=0 fc2=0 | prot=0000 warn=0000 | packs=2 | inv0x305=yes
[410s] OK V=53.00V I=-21.1A T=21.8C SOC=86% SOH=99% | CVL=56.8V CCL=208.4A DCL=208.4A | chg=1 dis=1 fc1=0 fc2=0 | prot=0000 warn=0000 | packs=2 | inv0x305=yes
[412s] OK V=52.70V I=-60.4A T=21.8C SOC=86% SOH=99% | CVL=56.8V CCL=208.4A DCL=208.4A | chg=1 dis=1 fc1=0 fc2=0 | prot=0000 warn=0000 | packs=2 | inv0x305=yes
[414s] OK V=52.80V I=-45.8A T=21.8C SOC=86% SOH=99% | CVL=56.8V CCL=208.4A DCL=208.4A | chg=1 dis=1 fc1=0 fc2=0 | prot=0000 warn=0000 | packs=2 | inv0x305=yes
[416s] OK V=52.80V I=-44.4A T=21.8C SOC=86% SOH=99% | CVL=56.8V CCL=208.4A DCL=208.4A | chg=1 dis=1 fc1=0 fc2=0 | prot=0000 warn=0000 | packs=2 | inv0x305=yes
[418s] OK V=52.80V I=-43.0A T=21.8C SOC=86% SOH=99% | CVL=56.8V CCL=208.4A DCL=208.4A | chg=1 dis=1 fc1=0 fc2=0 | prot=0000 warn=0000 | packs=2 | inv0x305=yes
[420s] OK V=52.80V I=-40.9A T=21.8C SOC=86% SOH=99% | CVL=56.8V CCL=208.4A DCL=208.4A | chg=1 dis=1 fc1=0 fc2=0 | prot=0000 warn=0000 | packs=2 | inv0x305=yes
[422s] OK V=52.80V I=-36.7A T=21.8C SOC=86% SOH=99% | CVL=56.8V CCL=208.4A DCL=208.4A | chg=1 dis=1 fc1=0 fc2=0 | prot=0000 warn=0000 | packs=2 | inv0x305=yes
[424s] OK V=52.80V I=-34.4A T=21.8C SOC=86% SOH=99% | CVL=56.8V CCL=208.4A DCL=208.4A | chg=1 dis=1 fc1=0 fc2=0 | prot=0000 warn=0000 | packs=2 | inv0x305=yes
[426s] OK V=52.80V I=-35.0A T=21.8C SOC=86% SOH=99% | CVL=56.8V CCL=208.4A DCL=208.4A | chg=1 dis=1 fc1=0 fc2=0 | prot=0000 warn=0000 | packs=2 | inv0x305=yes
[428s] OK V=52.70V I=-35.0A T=21.8C SOC=86% SOH=99% | CVL=56.8V CCL=208.4A DCL=208.4A | chg=1 dis=1 fc1=0 fc2=0 | prot=0000 warn=0000 | packs=2 | inv0x305=yes
[430s] OK V=52.70V I=-38.0A T=21.8C SOC=86% SOH=99% | CVL=56.8V CCL=208.4A DCL=208.4A | chg=1 dis=1 fc1=0 fc2=0 | prot=0000 warn=0000 | packs=2 | inv0x305=yes
[432s] OK V=52.70V I=-39.2A T=21.8C SOC=86% SOH=99% | CVL=56.8V CCL=208.4A DCL=208.4A | chg=1 dis=1 fc1=0 fc2=0 | prot=0000 warn=0000 | packs=2 | inv0x305=yes
[434s] OK V=52.70V I=-42.3A T=21.8C SOC=86% SOH=99% | CVL=56.8V CCL=208.4A DCL=208.4A | chg=1 dis=1 fc1=0 fc2=0 | prot=0000 warn=0000 | packs=2 | inv0x305=yes
[436s] OK V=52.70V I=-42.4A T=21.8C SOC=86% SOH=99% | CVL=56.8V CCL=208.4A DCL=208.4A | chg=1 dis=1 fc1=0 fc2=0 | prot=0000 warn=0000 | packs=2 | inv0x305=yes
[438s] OK V=52.70V I=-43.2A T=21.8C SOC=86% SOH=99% | CVL=56.8V CCL=208.4A DCL=208.4A | chg=1 dis=1 fc1=0 fc2=0 | prot=0000 warn=0000 | packs=2 | inv0x305=yes
[440s] OK V=52.70V I=-43.8A T=21.8C SOC=86% SOH=99% | CVL=56.8V CCL=208.4A DCL=208.4A | chg=1 dis=1 fc1=0 fc2=0 | prot=0000 warn=0000 | packs=2 | inv0x305=yes
[442s] OK V=52.70V I=-42.4A T=21.8C SOC=86% SOH=99% | CVL=56.8V CCL=208.4A DCL=208.4A | chg=1 dis=1 fc1=0 fc2=0 | prot=0000 warn=0000 | packs=2 | inv0x305=yes
[444s] OK V=52.70V I=-42.4A T=21.8C SOC=86% SOH=99% | CVL=56.8V CCL=208.4A DCL=208.4A | chg=1 dis=1 fc1=0 fc2=0 | prot=0000 warn=0000 | packs=2 | inv0x305=yes
[446s] OK V=52.60V I=-42.2A T=21.8C SOC=86% SOH=99% | CVL=56.8V CCL=208.4A DCL=208.4A | chg=1 dis=1 fc1=0 fc2=0 | prot=0000 warn=0000 | packs=2 | inv0x305=yes
[448s] OK V=52.60V I=-40.7A T=21.8C SOC=86% SOH=99% | CVL=56.8V CCL=208.4A DCL=208.4A | chg=1 dis=1 fc1=0 fc2=0 | prot=0000 warn=0000 | packs=2 | inv0x305=yes
[450s] OK V=52.70V I=-39.1A T=21.8C SOC=86% SOH=99% | CVL=56.8V CCL=208.4A DCL=208.4A | chg=1 dis=1 fc1=0 fc2=0 | prot=0000 warn=0000 | packs=2 | inv0x305=yes
[452s] OK V=52.70V I=-37.8A T=21.8C SOC=86% SOH=99% | CVL=56.8V CCL=208.4A DCL=208.4A | chg=1 dis=1 fc1=0 fc2=0 | prot=0000 warn=0000 | packs=2 | inv0x305=yes
[454s] OK V=52.70V I=-36.7A T=21.8C SOC=86% SOH=99% | CVL=56.8V CCL=208.4A DCL=208.4A | chg=1 dis=1 fc1=0 fc2=0 | prot=0000 warn=0000 | packs=2 | inv0x305=yes
[456s] OK V=52.70V I=-37.1A T=21.8C SOC=86% SOH=99% | CVL=56.8V CCL=208.4A DCL=208.4A | chg=1 dis=1 fc1=0 fc2=0 | prot=0000 warn=0000 | packs=2 | inv0x305=yes
[458s] OK V=52.70V I=-38.1A T=21.8C SOC=86% SOH=99% | CVL=56.8V CCL=208.4A DCL=208.4A | chg=1 dis=1 fc1=0 fc2=0 | prot=0000 warn=0000 | packs=2 | inv0x305=yes
[460s] OK V=52.70V I=-35.5A T=21.8C SOC=86% SOH=99% | CVL=56.8V CCL=208.4A DCL=208.4A | chg=1 dis=1 fc1=0 fc2=0 | prot=0000 warn=0000 | packs=2 | inv0x305=yes
[462s] OK V=52.70V I=-38.0A T=21.8C SOC=86% SOH=99% | CVL=56.8V CCL=208.4A DCL=208.4A | chg=1 dis=1 fc1=0 fc2=0 | prot=0000 warn=0000 | packs=2 | inv0x305=yes
[464s] OK V=52.60V I=-42.2A T=21.8C SOC=86% SOH=99% | CVL=56.8V CCL=208.4A DCL=208.4A | chg=1 dis=1 fc1=0 fc2=0 | prot=0000 warn=0000 | packs=2 | inv0x305=yes
[466s] OK V=52.60V I=-39.9A T=21.8C SOC=86% SOH=99% | CVL=56.8V CCL=208.4A DCL=208.4A | chg=1 dis=1 fc1=0 fc2=0 | prot=0000 warn=0000 | packs=2 | inv0x305=yes
[468s] OK V=52.60V I=-41.4A T=21.8C SOC=86% SOH=99% | CVL=56.8V CCL=208.4A DCL=208.4A | chg=1 dis=1 fc1=0 fc2=0 | prot=0000 warn=0000 | packs=2 | inv0x305=yes
[470s] OK V=52.60V I=-41.0A T=21.8C SOC=86% SOH=99% | CVL=56.8V CCL=208.4A DCL=208.4A | chg=1 dis=1 fc1=0 fc2=0 | prot=0000 warn=0000 | packs=2 | inv0x305=yes
[472s] OK V=52.70V I=-41.4A T=21.8C SOC=86% SOH=99% | CVL=56.8V CCL=208.4A DCL=208.4A | chg=1 dis=1 fc1=0 fc2=0 | prot=0000 warn=0000 | packs=2 | inv0x305=yes
[474s] OK V=52.70V I=-41.2A T=21.8C SOC=86% SOH=99% | CVL=56.8V CCL=208.4A DCL=208.4A | chg=1 dis=1 fc1=0 fc2=0 | prot=0000 warn=0000 | packs=2 | inv0x305=yes
[476s] OK V=52.70V I=-41.6A T=21.8C SOC=86% SOH=99% | CVL=56.8V CCL=208.4A DCL=208.4A | chg=1 dis=1 fc1=0 fc2=0 | prot=0000 warn=0000 | packs=2 | inv0x305=yes
[478s] OK V=52.70V I=-42.2A T=21.8C SOC=86% SOH=99% | CVL=56.8V CCL=208.4A DCL=208.4A | chg=1 dis=1 fc1=0 fc2=0 | prot=0000 warn=0000 | packs=2 | inv0x305=yes
[480s] OK V=52.70V I=-42.2A T=21.8C SOC=86% SOH=99% | CVL=56.8V CCL=208.4A DCL=208.4A | chg=1 dis=1 fc1=0 fc2=0 | prot=0000 warn=0000 | packs=2 | inv0x305=yes
[482s] OK V=52.70V I=-41.0A T=21.8C SOC=86% SOH=99% | CVL=56.8V CCL=208.4A DCL=208.4A | chg=1 dis=1 fc1=0 fc2=0 | prot=0000 warn=0000 | packs=2 | inv0x305=yes
[484s] OK V=52.70V I=-42.2A T=21.8C SOC=86% SOH=99% | CVL=56.8V CCL=208.4A DCL=208.4A | chg=1 dis=1 fc1=0 fc2=0 | prot=0000 warn=0000 | packs=2 | inv0x305=yes
[486s] OK V=52.70V I=-42.3A T=21.8C SOC=86% SOH=99% | CVL=56.8V CCL=208.4A DCL=208.4A | chg=1 dis=1 fc1=0 fc2=0 | prot=0000 warn=0000 | packs=2 | inv0x305=yes
[488s] OK V=52.70V I=-41.8A T=21.8C SOC=86% SOH=99% | CVL=56.8V CCL=208.4A DCL=208.4A | chg=1 dis=1 fc1=0 fc2=0 | prot=0000 warn=0000 | packs=2 | inv0x305=yes
[490s] OK V=52.70V I=-40.1A T=21.8C SOC=86% SOH=99% | CVL=56.8V CCL=208.4A DCL=208.4A | chg=1 dis=1 fc1=0 fc2=0 | prot=0000 warn=0000 | packs=2 | inv0x305=yes
[492s] OK V=52.70V I=-39.9A T=21.8C SOC=86% SOH=99% | CVL=56.8V CCL=208.4A DCL=208.4A | chg=1 dis=1 fc1=0 fc2=0 | prot=0000 warn=0000 | packs=2 | inv0x305=yes
[494s] OK V=52.60V I=-42.0A T=21.8C SOC=86% SOH=99% | CVL=56.8V CCL=208.4A DCL=208.4A | chg=1 dis=1 fc1=0 fc2=0 | prot=0000 warn=0000 | packs=2 | inv0x305=yes
[496s] OK V=52.60V I=-40.9A T=21.8C SOC=86% SOH=99% | CVL=56.8V CCL=208.4A DCL=208.4A | chg=1 dis=1 fc1=0 fc2=0 | prot=0000 warn=0000 | packs=2 | inv0x305=yes
[498s] OK V=52.60V I=-41.2A T=21.8C SOC=86% SOH=99% | CVL=56.8V CCL=208.4A DCL=208.4A | chg=1 dis=1 fc1=0 fc2=0 | prot=0000 warn=0000 | packs=2 | inv0x305=yes
[500s] OK V=52.60V I=-40.7A T=21.8C SOC=86% SOH=99% | CVL=56.8V CCL=208.4A DCL=208.4A | chg=1 dis=1 fc1=0 fc2=0 | prot=0000 warn=0000 | packs=2 | inv0x305=yes
[502s] OK V=52.60V I=-39.5A T=21.8C SOC=86% SOH=99% | CVL=56.8V CCL=208.4A DCL=208.4A | chg=1 dis=1 fc1=0 fc2=0 | prot=0000 warn=0000 | packs=2 | inv0x305=yes
[504s] OK V=52.60V I=-40.6A T=21.8C SOC=86% SOH=99% | CVL=56.8V CCL=208.4A DCL=208.4A | chg=1 dis=1 fc1=0 fc2=0 | prot=0000 warn=0000 | packs=2 | inv0x305=yes
[506s] OK V=52.60V I=-40.9A T=21.8C SOC=86% SOH=99% | CVL=56.8V CCL=208.4A DCL=208.4A | chg=1 dis=1 fc1=0 fc2=0 | prot=0000 warn=0000 | packs=2 | inv0x305=yes
[508s] OK V=52.60V I=-41.0A T=21.8C SOC=86% SOH=99% | CVL=56.8V CCL=208.4A DCL=208.4A | chg=1 dis=1 fc1=0 fc2=0 | prot=0000 warn=0000 | packs=2 | inv0x305=yes
[510s] OK V=52.60V I=-40.3A T=21.8C SOC=86% SOH=99% | CVL=56.8V CCL=208.4A DCL=208.4A | chg=1 dis=1 fc1=0 fc2=0 | prot=0000 warn=0000 | packs=2 | inv0x305=yes
[512s] OK V=52.60V I=-40.6A T=21.8C SOC=86% SOH=99% | CVL=56.8V CCL=208.4A DCL=208.4A | chg=1 dis=1 fc1=0 fc2=0 | prot=0000 warn=0000 | packs=2 | inv0x305=yes
[514s] OK V=52.60V I=-45.1A T=21.8C SOC=86% SOH=99% | CVL=56.8V CCL=208.4A DCL=208.4A | chg=1 dis=1 fc1=0 fc2=0 | prot=0000 warn=0000 | packs=2 | inv0x305=yes
[516s] OK V=52.60V I=-44.6A T=21.8C SOC=86% SOH=99% | CVL=56.8V CCL=208.4A DCL=208.4A | chg=1 dis=1 fc1=0 fc2=0 | prot=0000 warn=0000 | packs=2 | inv0x305=yes
[518s] OK V=52.60V I=-44.2A T=21.8C SOC=86% SOH=99% | CVL=56.8V CCL=208.4A DCL=208.4A | chg=1 dis=1 fc1=0 fc2=0 | prot=0000 warn=0000 | packs=2 | inv0x305=yes
[520s] OK V=52.60V I=-41.5A T=21.8C SOC=86% SOH=99% | CVL=56.8V CCL=208.4A DCL=208.4A | chg=1 dis=1 fc1=0 fc2=0 | prot=0000 warn=0000 | packs=2 | inv0x305=yes
[522s] OK V=52.60V I=-40.1A T=21.8C SOC=86% SOH=99% | CVL=56.8V CCL=208.4A DCL=208.4A | chg=1 dis=1 fc1=0 fc2=0 | prot=0000 warn=0000 | packs=2 | inv0x305=yes
[524s] OK V=52.60V I=-39.7A T=21.8C SOC=86% SOH=99% | CVL=56.8V CCL=208.4A DCL=208.4A | chg=1 dis=1 fc1=0 fc2=0 | prot=0000 warn=0000 | packs=2 | inv0x305=yes
[526s] OK V=52.60V I=-37.9A T=21.8C SOC=86% SOH=99% | CVL=56.8V CCL=208.4A DCL=208.4A | chg=1 dis=1 fc1=0 fc2=0 | prot=0000 warn=0000 | packs=2 | inv0x305=yes
[528s] OK V=52.60V I=-38.8A T=21.8C SOC=86% SOH=99% | CVL=56.8V CCL=208.4A DCL=208.4A | chg=1 dis=1 fc1=0 fc2=0 | prot=0000 warn=0000 | packs=2 | inv0x305=yes
[530s] OK V=52.70V I=-38.8A T=21.8C SOC=86% SOH=99% | CVL=56.8V CCL=208.4A DCL=208.4A | chg=1 dis=1 fc1=0 fc2=0 | prot=0000 warn=0000 | packs=2 | inv0x305=yes
[532s] OK V=52.70V I=-39.5A T=21.8C SOC=86% SOH=99% | CVL=56.8V CCL=208.4A DCL=208.4A | chg=1 dis=1 fc1=0 fc2=0 | prot=0000 warn=0000 | packs=2 | inv0x305=yes
[534s] OK V=52.70V I=-39.2A T=21.8C SOC=86% SOH=99% | CVL=56.8V CCL=208.4A DCL=208.4A | chg=1 dis=1 fc1=0 fc2=0 | prot=0000 warn=0000 | packs=2 | inv0x305=yes
[536s] OK V=52.70V I=-39.1A T=21.8C SOC=86% SOH=99% | CVL=56.8V CCL=208.4A DCL=208.4A | chg=1 dis=1 fc1=0 fc2=0 | prot=0000 warn=0000 | packs=2 | inv0x305=yes
[538s] OK V=52.80V I=-12.4A T=21.8C SOC=86% SOH=99% | CVL=56.8V CCL=208.4A DCL=208.4A | chg=1 dis=1 fc1=0 fc2=0 | prot=0000 warn=0000 | packs=2 | inv0x305=yes
[540s] OK V=52.90V I=+4.8A T=21.8C SOC=86% SOH=99% | CVL=56.8V CCL=208.4A DCL=208.4A | chg=1 dis=1 fc1=0 fc2=0 | prot=0000 warn=0000 | packs=2 | inv0x305=yes
[542s] OK V=52.90V I=+4.8A T=21.8C SOC=86% SOH=99% | CVL=56.8V CCL=208.4A DCL=208.4A | chg=1 dis=1 fc1=0 fc2=0 | prot=0000 warn=0000 | packs=2 | inv0x305=yes
[544s] OK V=52.90V I=+6.1A T=21.8C SOC=86% SOH=99% | CVL=56.8V CCL=208.4A DCL=208.4A | chg=1 dis=1 fc1=0 fc2=0 | prot=0000 warn=0000 | packs=2 | inv0x305=yes
[546s] OK V=52.90V I=+5.8A T=21.8C SOC=86% SOH=99% | CVL=56.8V CCL=208.4A DCL=208.4A | chg=1 dis=1 fc1=0 fc2=0 | prot=0000 warn=0000 | packs=2 | inv0x305=yes
[548s] OK V=52.90V I=+5.8A T=21.8C SOC=86% SOH=99% | CVL=56.8V CCL=208.4A DCL=208.4A | chg=1 dis=1 fc1=0 fc2=0 | prot=0000 warn=0000 | packs=2 | inv0x305=yes
[550s] OK V=53.00V I=+7.2A T=21.8C SOC=86% SOH=99% | CVL=56.8V CCL=208.4A DCL=208.4A | chg=1 dis=1 fc1=0 fc2=0 | prot=0000 warn=0000 | packs=2 | inv0x305=yes
[552s] OK V=53.00V I=+7.3A T=21.8C SOC=86% SOH=99% | CVL=56.8V CCL=208.4A DCL=208.4A | chg=1 dis=1 fc1=0 fc2=0 | prot=0000 warn=0000 | packs=2 | inv0x305=yes
[554s] OK V=53.00V I=+4.8A T=21.8C SOC=86% SOH=99% | CVL=56.8V CCL=208.4A DCL=208.4A | chg=1 dis=1 fc1=0 fc2=0 | prot=0000 warn=0000 | packs=2 | inv0x305=yes
[556s] OK V=53.00V I=+5.3A T=21.8C SOC=86% SOH=99% | CVL=56.8V CCL=208.4A DCL=208.4A | chg=1 dis=1 fc1=0 fc2=0 | prot=0000 warn=0000 | packs=2 | inv0x305=yes
[558s] OK V=53.00V I=+5.8A T=21.8C SOC=86% SOH=99% | CVL=56.8V CCL=208.4A DCL=208.4A | chg=1 dis=1 fc1=0 fc2=0 | prot=0000 warn=0000 | packs=2 | inv0x305=yes
[560s] OK V=53.00V I=+7.6A T=21.8C SOC=86% SOH=99% | CVL=56.8V CCL=208.4A DCL=208.4A | chg=1 dis=1 fc1=0 fc2=0 | prot=0000 warn=0000 | packs=2 | inv0x305=yes
[562s] OK V=53.00V I=+5.8A T=21.8C SOC=86% SOH=99% | CVL=56.8V CCL=208.4A DCL=208.4A | chg=1 dis=1 fc1=0 fc2=0 | prot=0000 warn=0000 | packs=2 | inv0x305=yes
[564s] OK V=53.00V I=+6.6A T=21.8C SOC=86% SOH=99% | CVL=56.8V CCL=208.4A DCL=208.4A | chg=1 dis=1 fc1=0 fc2=0 | prot=0000 warn=0000 | packs=2 | inv0x305=yes
[566s] OK V=53.00V I=+5.8A T=21.8C SOC=86% SOH=99% | CVL=56.8V CCL=208.4A DCL=208.4A | chg=1 dis=1 fc1=0 fc2=0 | prot=0000 warn=0000 | packs=2 | inv0x305=yes
[568s] OK V=53.00V I=+5.8A T=21.8C SOC=86% SOH=99% | CVL=56.8V CCL=208.4A DCL=208.4A | chg=1 dis=1 fc1=0 fc2=0 | prot=0000 warn=0000 | packs=2 | inv0x305=yes
[570s] OK V=53.00V I=+6.4A T=21.8C SOC=86% SOH=99% | CVL=56.8V CCL=208.4A DCL=208.4A | chg=1 dis=1 fc1=0 fc2=0 | prot=0000 warn=0000 | packs=2 | inv0x305=yes
[572s] OK V=53.00V I=+6.0A T=21.8C SOC=86% SOH=99% | CVL=56.8V CCL=208.4A DCL=208.4A | chg=1 dis=1 fc1=0 fc2=0 | prot=0000 warn=0000 | packs=2 | inv0x305=yes
[574s] OK V=53.10V I=+7.1A T=21.8C SOC=86% SOH=99% | CVL=56.8V CCL=208.4A DCL=208.4A | chg=1 dis=1 fc1=0 fc2=0 | prot=0000 warn=0000 | packs=2 | inv0x305=yes
[576s] OK V=53.10V I=+6.2A T=21.8C SOC=86% SOH=99% | CVL=56.8V CCL=208.4A DCL=208.4A | chg=1 dis=1 fc1=0 fc2=0 | prot=0000 warn=0000 | packs=2 | inv0x305=yes
[578s] OK V=53.10V I=+7.0A T=21.8C SOC=86% SOH=99% | CVL=56.8V CCL=208.4A DCL=208.4A | chg=1 dis=1 fc1=0 fc2=0 | prot=0000 warn=0000 | packs=2 | inv0x305=yes
[580s] OK V=53.10V I=+7.6A T=21.8C SOC=86% SOH=99% | CVL=56.8V CCL=208.4A DCL=208.4A | chg=1 dis=1 fc1=0 fc2=0 | prot=0000 warn=0000 | packs=2 | inv0x305=yes
[582s] OK V=53.10V I=+8.0A T=21.8C SOC=86% SOH=99% | CVL=56.8V CCL=208.4A DCL=208.4A | chg=1 dis=1 fc1=0 fc2=0 | prot=0000 warn=0000 | packs=2 | inv0x305=yes
[584s] OK V=53.10V I=+5.4A T=21.8C SOC=86% SOH=99% | CVL=56.8V CCL=208.4A DCL=208.4A | chg=1 dis=1 fc1=0 fc2=0 | prot=0000 warn=0000 | packs=2 | inv0x305=yes
[586s] OK V=53.10V I=+7.0A T=21.8C SOC=86% SOH=99% | CVL=56.8V CCL=208.4A DCL=208.4A | chg=1 dis=1 fc1=0 fc2=0 | prot=0000 warn=0000 | packs=2 | inv0x305=yes
[588s] OK V=53.10V I=+7.4A T=21.8C SOC=86% SOH=99% | CVL=56.8V CCL=208.4A DCL=208.4A | chg=1 dis=1 fc1=0 fc2=0 | prot=0000 warn=0000 | packs=2 | inv0x305=yes
[590s] OK V=53.10V I=+7.2A T=21.8C SOC=86% SOH=99% | CVL=56.8V CCL=208.4A DCL=208.4A | chg=1 dis=1 fc1=0 fc2=0 | prot=0000 warn=0000 | packs=2 | inv0x305=yes
[592s] OK V=53.10V I=+7.1A T=21.8C SOC=86% SOH=99% | CVL=56.8V CCL=208.4A DCL=208.4A | chg=1 dis=1 fc1=0 fc2=0 | prot=0000 warn=0000 | packs=2 | inv0x305=yes
[594s] OK V=53.10V I=+6.7A T=21.8C SOC=86% SOH=99% | CVL=56.8V CCL=208.4A DCL=208.4A | chg=1 dis=1 fc1=0 fc2=0 | prot=0000 warn=0000 | packs=2 | inv0x305=yes
[596s] OK V=53.10V I=+6.2A T=21.8C SOC=86% SOH=99% | CVL=56.8V CCL=208.4A DCL=208.4A | chg=1 dis=1 fc1=0 fc2=0 | prot=0000 warn=0000 | packs=2 | inv0x305=yes
[598s] OK V=53.10V I=+5.7A T=21.8C SOC=86% SOH=99% | CVL=56.8V CCL=208.4A DCL=208.4A | chg=1 dis=1 fc1=0 fc2=0 | prot=0000 warn=0000 | packs=2 | inv0x305=yes
[600s] OK V=53.10V I=+7.5A T=21.8C SOC=86% SOH=99% | CVL=56.8V CCL=208.4A DCL=208.4A | chg=1 dis=1 fc1=0 fc2=0 | prot=0000 warn=0000 | packs=2 | inv0x305=yes
[602s] OK V=53.10V I=+7.2A T=21.8C SOC=86% SOH=99% | CVL=56.8V CCL=208.4A DCL=208.4A | chg=1 dis=1 fc1=0 fc2=0 | prot=0000 warn=0000 | packs=2 | inv0x305=yes
