--- Terminal on /dev/ttyACM0 | 115200 8-N-1
--- Available filters and text transformations: debug, default, direct, esp32_exception_decoder, hexlify, log2file, nocontrol, printable, send_on_enter, time
--- More details at https://bit.ly/pio-monitor-filters
--- Quit: Ctrl+C | Menu: Ctrl+T | Help: Ctrl+T followed by Ctrl+H
C SOC=96% SOH=99% | CVL=56.8V CCL=0.0A DCL=0.0A | chg=0 dis=0 fc1=0 fc2=0 | prot=0000 warn=0002 | packs=2 | inv0x305=no
[36s] SILENT OK V=53.20V I=+0.0A T=21.0C SOC=96% SOH=99% | CVL=56.8V CCL=0.0A DCL=0.0A | chg=0 dis=0 fc1=0 fc2=0 | prot=0000 warn=0002 | packs=2 | inv0x305=no
[38s] SILENT OK V=53.20V I=+0.0A T=21.0C SOC=96% SOH=99% | CVL=56.8V CCL=0.0A DCL=0.0A | chg=0 dis=0 fc1=0 fc2=0 | prot=0000 warn=0002 | packs=2 | inv0x305=no
[40s] SILENT OK V=53.20V I=+0.0A T=21.0C SOC=96% SOH=99% | CVL=56.8V CCL=0.0A DCL=0.0A | chg=0 dis=0 fc1=0 fc2=0 | prot=0000 warn=0002 | packs=2 | inv0x305=no
[42s] SILENT OK V=53.20V I=+0.0A T=21.0C SOC=96% SOH=99% | CVL=56.8V CCL=0.0A DCL=0.0A | chg=0 dis=0 fc1=0 fc2=0 | prot=0000 warn=0002 | packs=2 | inv0x305=no
[44s] SILENT OK V=53.20V I=+0.0A T=21.0C SOC=96% SOH=99% | CVL=56.8V CCL=0.0A DCL=0.0A | chg=0 dis=0 fc1=0 fc2=0 | prot=0000 warn=0002 | packs=2 | inv0x305=no
[46s] SILENT OK V=53.20V I=+0.0A T=21.0C SOC=96% SOH=99% | CVL=56.8V CCL=0.0A DCL=0.0A | chg=0 dis=0 fc1=0 fc2=0 | prot=0000 warn=0002 | packs=2 | inv0x305=no
[48s] SILENT OK V=53.20V I=+0.0A T=21.0C SOC=96% SOH=99% | CVL=56.8V CCL=0.0A DCL=0.0A | chg=0 dis=0 fc1=0 fc2=0 | prot=0000 warn=0002 | packs=2 | inv0x305=no
[50s] SILENT OK V=53.20V I=+0.0A T=21.0C SOC=96% SOH=99% | CVL=56.8V CCL=0.0A DCL=0.0A | chg=0 dis=0 fc1=0 fc2=0 | prot=0000 warn=0002 | packs=2 | inv0x305=no
[52s] SILENT OK V=53.20V I=+0.0A T=21.0C SOC=96% SOH=99% | CVL=56.8V CCL=0.0A DCL=0.0A | chg=0 dis=0 fc1=0 fc2=0 | prot=0000 warn=0002 | packs=2 | inv0x305=no
[54s] SILENT OK V=53.20V I=+0.0A T=21.0C SOC=96% SOH=99% | CVL=56.8V CCL=0.0A DCL=0.0A | chg=0 dis=0 fc1=0 fc2=0 | prot=0000 warn=0002 | packs=2 | inv0x305=no
BAT RX 0x330 [8] 01 06 02 00 0D 01 00 00 
BAT RX 0x329 [8] 01 00 22 21 01 00 3F AA 
BAT RX 0x323 [8] 20 0E 10 00 00 00 00 00 
BAT RX 0x324 [8] 00 01 47 50 4A 30 32 31 
BAT RX 0x322 [8] 00 E7 FE 70 03 03 61 60 
BAT RX 0x320 [8] 50 41 C3 85 85 00 00 00 
BAT RX 0x319 [8] 00 00 00 00 00 00 00 00 
BAT RX 0x318 [8] 00 00 00 00 00 00 00 00 
BAT RX 0x317 [8] 00 00 00 00 00 00 00 00 
BAT RX 0x316 [8] 0D 00 0D 00 0D 00 0D 00 
BAT RX 0x315 [8] 0D 01 0D 01 0D 01 0D 01 
BAT RX 0x314 [8] 58 20 5A E6 00 01 05 41 
BAT RX 0x313 [8] 14 C8 00 00 00 D2 60 63 
BAT RX 0x312 [8] 00 00 00 00 02 00 00 00 
BAT RX 0x311 [8] 02 38 00 00 00 00 01 00 
BAT RX 0x330 [8] 01 01 01 02 0D 01 0D 00 
BAT RX 0x329 [8] 02 00 19 AE 02 00 40 45 
BAT RX 0x323 [8] 20 0E 10 00 00 00 00 00 
BAT RX 0x324 [8] 01 39 35 32 32 30 36 32 
BAT RX 0x322 [8] 00 E7 00 C3 03 01 61 60 
BAT RX 0x320 [8] 50 41 C3 85 85 00 00 00 
BAT RX 0x319 [8] 00 00 00 00 00 00 00 00 
BAT RX 0x318 [8] 0D 01 0D 00 0D 00 0D 00 
BAT RX 0x317 [8] 0D 01 0D 01 0D 01 0D 01 
BAT RX 0x316 [8] 0D 00 0D 00 0D 00 0D 00 
BAT RX 0x315 [8] 0D 01 0D 01 0D 01 0D 01 
BAT RX 0x314 [8] 58 20 5A E6 00 02 05 41 
BAT RX 0x313 [8] 14 C8 00 00 00 D2 60 63 
BAT RX 0x312 [8] 00 00 00 00 02 00 00 00 
BAT RX 0x311 [8] 02 38 00 00 00 00 01 00 
[56s] OK V=53.20V I=+0.0A T=21.0C SOC=96% SOH=99% | CVL=56.8V CCL=0.0A DCL=0.0A | chg=0 dis=0 fc1=0 fc2=0 | prot=0000 warn=0000 | packs=2 | inv0x305=no
BAT RX 0x330 [8] 02 10 01 01 0D 02 0D 00 
BAT RX 0x329 [8] 01 00 22 21 01 00 3F AA 
BAT RX 0x323 [8] 20 0E 10 00 00 00 00 00 
BAT RX 0x324 [8] 02 43 30 37 00 00 00 00 
BAT RX 0x322 [8] 00 E7 00 C3 03 01 61 60 
BAT RX 0x320 [8] 50 41 C3 85 85 00 00 00 
BAT RX 0x319 [8] 00 00 00 00 00 00 00 00 
BAT RX 0x318 [8] 0D 01 0D 01 0D 00 0D 00 
BAT RX 0x317 [8] 0D 02 0D 01 0D 01 0D 01 
BAT RX 0x316 [8] 0D 00 0D 00 0D 00 0D 00 
BAT RX 0x315 [8] 0D 01 0D 01 0D 01 0D 01 
BAT RX 0x314 [8] 58 20 5A E6 00 01 05 41 
BAT RX 0x313 [8] 14 C8 00 00 00 D2 60 63 
BAT RX 0x312 [8] 00 00 00 00 02 00 00 00 
BAT RX 0x311 [8] 02 38 00 00 00 00 01 00 
BAT RX 0x330 [8] 01 03 01 01 0D 01 0D 00 
BAT RX 0x329 [8] 02 00 19 AE 02 00 40 45 
BAT RX 0x323 [8] 20 0E 10 00 00 00 00 00 
BAT RX 0x324 [8] 00 02 47 50 4A 30 32 31 
BAT RX 0x322 [8] 00 E7 00 C3 03 01 61 60 
BAT RX 0x320 [8] 50 41 C3 85 85 00 00 00 
BAT RX 0x319 [8] 00 0D 01 0D 00 03 01 00 
BAT RX 0x318 [8] 0D 01 0D 01 0D 00 0D 00 
BAT RX 0x317 [8] 0D 01 0D 01 0D 01 0D 01 
BAT RX 0x316 [8] 0D 00 0D 00 0D 00 0D 00 
BAT RX 0x315 [8] 0D 01 0D 01 0D 01 0D 01 
BAT RX 0x314 [8] 58 20 5A E6 00 02 05 41 
BAT RX 0x313 [8] 14 C8 00 00 00 D2 60 63 
BAT RX 0x312 [8] 00 00 00 00 02 00 00 00 
BAT RX 0x311 [8] 02 38 00 00 00 00 01 00 
[58s] OK V=53.20V I=+0.0A T=21.0C SOC=96% SOH=99% | CVL=56.8V CCL=0.0A DCL=0.0A | chg=0 dis=0 fc1=0 fc2=0 | prot=0000 warn=0000 | packs=2 | inv0x305=no
BAT RX 0x330 [8] 02 10 01 01 0D 02 0D 00 
BAT RX 0x329 [8] 01 00 22 21 01 00 3F AA 
BAT RX 0x323 [8] 20 0E 10 00 00 00 00 00 
BAT RX 0x324 [8] 01 39 35 32 32 30 36 32 
BAT RX 0x322 [8] 00 E7 00 C3 03 01 61 60 
BAT RX 0x320 [8] 50 41 C3 85 85 00 00 00 
BAT RX 0x319 [8] C0 0D 02 0D 00 20 01 00 
BAT RX 0x318 [8] 0D 01 0D 01 0D 01 0D 00 
BAT RX 0x317 [8] 0D 02 0D 01 0D 01 0D 01 
BAT RX 0x316 [8] 0D 00 0D 00 0D 00 0D 00 
BAT RX 0x315 [8] 0D 01 0D 01 0D 01 0D 01 
BAT RX 0x314 [8] 58 20 5A E6 00 02 05 41 
BAT RX 0x313 [8] 14 C8 00 00 00 D2 60 63 
BAT RX 0x312 [8] 00 00 00 00 02 00 00 00 
BAT RX 0x311 [8] 02 38 01 00 01 00 01 60 
BAT RX 0x330 [8] 02 09 01 01 0D 02 0D 00 
BAT RX 0x329 [8] 02 00 19 AE 02 00 40 45 
BAT RX 0x323 [8] 20 0E 10 00 00 00 00 00 
BAT RX 0x324 [8] 02 42 42 37 00 00 00 00 
BAT RX 0x322 [8] 00 E7 00 C3 03 01 61 60 
BAT RX 0x320 [8] 50 41 C3 85 85 00 00 00 
BAT RX 0x319 [8] 00 0D 02 0D 00 19 01 00 
BAT RX 0x318 [8] 0D 01 0D 00 0D 00 0D 00 
BAT RX 0x317 [8] 0D 02 0D 01 0D 01 0D 01 
BAT RX 0x316 [8] 0D 00 0D 00 0D 00 0D 00 
BAT RX 0x315 [8] 0D 01 0D 01 0D 01 0D 01 
BAT RX 0x314 [8] 58 20 5A E6 00 01 05 41 
BAT RX 0x313 [8] 14 C8 00 00 00 D2 60 63 
BAT RX 0x312 [8] 00 00 00 00 02 00 00 00 
BAT RX 0x311 [8] 02 38 01 00 01 00 01 61 
[60s] OK V=53.20V I=+0.0A T=21.0C SOC=96% SOH=99% | CVL=56.8V CCL=25.6A DCL=25.6A | chg=1 dis=1 fc1=0 fc2=0 | prot=0000 warn=0000 | packs=2 | inv0x305=no
BAT RX 0x330 [8] 01 07 01 01 0D 01 0D 00 
BAT RX 0x329 [8] 01 00 22 21 01 00 3F AA 
BAT RX 0x323 [8] 20 0E 10 00 00 00 00 00 
BAT RX 0x324 [8] 00 01 47 50 4A 30 32 31 
BAT RX 0x322 [8] 00 E7 00 C3 03 01 61 60 
BAT RX 0x320 [8] 50 41 C3 85 85 00 00 00 
BAT RX 0x319 [8] C0 0D 01 0D 00 07 01 00 
BAT RX 0x318 [8] 0D 01 0D 00 0D 00 0D 00 
BAT RX 0x317 [8] 0D 01 0D 01 0D 01 0D 01 
BAT RX 0x316 [8] 0D 00 0D 00 0D 00 0D 00 
BAT RX 0x315 [8] 0D 01 0D 01 0D 01 0D 01 
BAT RX 0x314 [8] 58 20 5A E6 00 01 05 41 
BAT RX 0x313 [8] 14 C8 00 00 00 D2 60 63 
BAT RX 0x312 [8] 00 00 00 00 02 00 00 00 
BAT RX 0x311 [8] 02 38 01 00 01 00 01 61 
BAT RX 0x330 [8] 01 04 01 01 0D 01 0D 00 
BAT RX 0x329 [8] 02 00 19 AE 02 00 40 45 
BAT RX 0x323 [8] 20 0E 10 00 00 00 00 00 
BAT RX 0x324 [8] 01 39 35 32 32 30 36 32 
BAT RX 0x322 [8] 00 E7 00 C3 03 01 61 60 
BAT RX 0x320 [8] 50 41 C3 85 85 00 00 00 
BAT RX 0x319 [8] C0 0D 01 0D 00 04 01 00 
BAT RX 0x318 [8] 0D 00 0D 00 0D 00 0D 00 
BAT RX 0x317 [8] 0D 01 0D 01 0D 01 0D 01 
BAT RX 0x316 [8] 0D 00 0D 00 0D 00 0D 00 
BAT RX 0x315 [8] 0D 01 0D 01 0D 01 0D 01 
BAT RX 0x314 [8] 58 20 5A E6 00 01 05 41 
BAT RX 0x313 [8] 14 C8 00 00 00 D2 60 63 
BAT RX 0x312 [8] 00 00 00 00 02 00 00 00 
BAT RX 0x311 [8] 02 38 01 00 01 00 01 61 
[62s] OK V=53.20V I=+0.0A T=21.0C SOC=96% SOH=99% | CVL=56.8V CCL=25.6A DCL=25.6A | chg=1 dis=1 fc1=0 fc2=0 | prot=0000 warn=0000 | packs=2 | inv0x305=no
BAT RX 0x330 [8] 01 07 01 01 0D 01 0D 00 
BAT RX 0x329 [8] 01 00 22 21 01 00 3F AA 
BAT RX 0x323 [8] 20 0E 10 00 00 00 00 00 
BAT RX 0x324 [8] 02 43 30 37 00 00 00 00 
BAT RX 0x322 [8] 00 E7 00 C3 03 01 61 60 
BAT RX 0x320 [8] 50 41 C3 85 85 00 00 00 
BAT RX 0x319 [8] C0 0D 01 0D 00 07 01 00 
BAT RX 0x318 [8] 0D 00 0D 00 0D 00 0D 00 
BAT RX 0x317 [8] 0D 01 0D 01 0D 01 0D 01 
BAT RX 0x316 [8] 0D 00 0D 00 0D 00 0D 00 
BAT RX 0x315 [8] 0D 01 0D 01 0D 01 0D 01 
BAT RX 0x314 [8] 58 20 5A E6 00 02 05 41 
BAT RX 0x313 [8] 14 C8 00 00 00 D2 60 63 
BAT RX 0x312 [8] 00 00 00 00 02 00 00 00 
BAT RX 0x311 [8] 02 38 01 00 01 00 01 61 
BAT RX 0x330 [8] 02 09 01 01 0D 02 0D 00 
BAT RX 0x329 [8] 02 00 19 AE 02 00 40 45 
BAT RX 0x323 [8] 20 0E 10 00 00 00 00 00 
BAT RX 0x324 [8] 00 02 47 50 4A 30 32 31 
BAT RX 0x322 [8] 00 E7 00 C3 03 01 61 60 
BAT RX 0x320 [8] 50 41 C3 85 85 00 00 00 
BAT RX 0x319 [8] C0 0D 02 0D 00 19 01 00 
BAT RX 0x318 [8] 0D 01 0D 00 0D 00 0D 00 
BAT RX 0x317 [8] 0D 02 0D 01 0D 01 0D 01 
BAT RX 0x316 [8] 0D 00 0D 00 0D 00 0D 00 
BAT RX 0x315 [8] 0D 01 0D 01 0D 01 0D 01 
BAT RX 0x314 [8] 58 20 5A E6 00 01 05 41 
BAT RX 0x313 [8] 14 C8 00 00 00 D2 60 63 
BAT RX 0x312 [8] 00 00 00 00 02 00 00 00 
BAT RX 0x311 [8] 02 38 01 00 01 00 01 61 
[64s] OK V=53.20V I=+0.0A T=21.0C SOC=96% SOH=99% | CVL=56.8V CCL=25.6A DCL=25.6A | chg=1 dis=1 fc1=0 fc2=0 | prot=0000 warn=0000 | packs=2 | inv0x305=no
BAT RX 0x330 [8] 01 04 01 01 0D 01 0D 00 
BAT RX 0x329 [8] 01 00 22 21 01 00 3F AA 
BAT RX 0x323 [8] 20 0E 10 00 00 00 00 00 
BAT RX 0x324 [8] 01 39 35 32 32 30 36 32 
BAT RX 0x322 [8] 00 E7 00 C3 03 01 61 60 
BAT RX 0x320 [8] 50 41 C3 85 85 00 00 00 
BAT RX 0x319 [8] C0 0D 01 0D 00 04 01 00 
BAT RX 0x318 [8] 0D 01 0D 00 0D 00 0D 00 
BAT RX 0x317 [8] 0D 01 0D 01 0D 01 0D 01 
BAT RX 0x316 [8] 0D 00 0D 00 0D 00 0D 00 
BAT RX 0x315 [8] 0D 01 0D 01 0D 01 0D 01 
BAT RX 0x314 [8] 58 20 5A E6 00 02 05 41 
BAT RX 0x313 [8] 14 C8 00 00 00 D2 60 63 
BAT RX 0x312 [8] 00 00 00 00 02 00 00 00 
BAT RX 0x311 [8] 02 38 01 00 01 00 01 61 
BAT RX 0x330 [8] 02 09 01 01 0D 02 0D 00 
BAT RX 0x329 [8] 02 00 19 AE 02 00 40 45 
BAT RX 0x323 [8] 20 0E 10 00 00 00 00 00 
BAT RX 0x324 [8] 02 42 42 37 00 00 00 00 
BAT RX 0x322 [8] 00 E7 00 C3 03 01 61 60 
BAT RX 0x320 [8] 50 41 C3 85 85 00 00 00 
BAT RX 0x319 [8] C0 0D 02 0D 00 19 01 00 
BAT RX 0x318 [8] 0D 00 0D 00 0D 00 0D 00 
BAT RX 0x317 [8] 0D 02 0D 02 0D 01 0D 01 
BAT RX 0x316 [8] 0D 00 0D 00 0D 00 0D 00 
BAT RX 0x315 [8] 0D 01 0D 01 0D 01 0D 01 
BAT RX 0x314 [8] 58 20 5A E6 00 01 05 41 
BAT RX 0x313 [8] 14 C8 00 00 00 D2 60 63 
BAT RX 0x312 [8] 00 00 00 00 02 00 00 00 
BAT RX 0x311 [8] 02 38 01 00 01 00 01 61 
[66s] OK V=53.20V I=+0.0A T=21.0C SOC=96% SOH=99% | CVL=56.8V CCL=25.6A DCL=25.6A | chg=1 dis=1 fc1=0 fc2=0 | prot=0000 warn=0000 | packs=2 | inv0x305=no
BAT RX 0x330 [8] 01 07 01 01 0D 01 0D 00 
BAT RX 0x329 [8] 01 00 22 21 01 00 3F AA 
BAT RX 0x323 [8] 20 0E 10 00 00 00 00 00 
BAT RX 0x324 [8] 00 01 47 50 4A 30 32 31 
BAT RX 0x322 [8] 00 E7 00 C3 03 01 61 60 
BAT RX 0x320 [8] 50 41 C3 85 85 00 00 00 
BAT RX 0x319 [8] C0 0D 01 0D 00 07 01 00 
BAT RX 0x318 [8] 0D 01 0D 00 0D 00 0D 00 
BAT RX 0x317 [8] 0D 01 0D 01 0D 01 0D 01 
BAT RX 0x316 [8] 0D 00 0D 00 0D 00 0D 00 
BAT RX 0x315 [8] 0D 01 0D 01 0D 01 0D 01 
BAT RX 0x314 [8] 58 20 5A E6 00 02 05 41 
BAT RX 0x313 [8] 14 C8 00 00 00 D2 60 63 
BAT RX 0x312 [8] 00 00 00 00 02 00 00 00 
BAT RX 0x311 [8] 02 38 01 00 01 00 01 61 
BAT RX 0x330 [8] 02 0E 01 01 0D 02 0D 00 
BAT RX 0x329 [8] 02 00 19 AE 02 00 40 45 
BAT RX 0x323 [8] 20 0E 10 00 00 00 00 00 
BAT RX 0x324 [8] 01 39 35 32 32 30 36 32 
BAT RX 0x322 [8] 00 E7 00 C3 03 01 61 60 
BAT RX 0x320 [8] 50 41 C3 85 85 00 00 00 
BAT RX 0x319 [8] C0 0D 02 0D 00 1E 01 00 
BAT RX 0x318 [8] 0D 01 0D 00 0D 00 0D 00 
BAT RX 0x317 [8] 0D 02 0D 01 0D 01 0D 01 
BAT RX 0x316 [8] 0D 00 0D 00 0D 00 0D 00 
BAT RX 0x315 [8] 0D 01 0D 01 0D 01 0D 01 
BAT RX 0x314 [8] 58 20 5A E6 00 01 05 41 
BAT RX 0x313 [8] 14 C8 00 00 00 D2 60 63 
BAT RX 0x312 [8] 00 00 00 00 02 00 00 00 
BAT RX 0x311 [8] 02 38 01 00 01 00 01 61 
[68s] OK V=53.20V I=+0.0A T=21.0C SOC=96% SOH=99% | CVL=56.8V CCL=25.6A DCL=25.6A | chg=1 dis=1 fc1=0 fc2=0 | prot=0000 warn=0000 | packs=2 | inv0x305=no
BAT RX 0x330 [8] 01 07 01 01 0D 01 0D 00 
BAT RX 0x329 [8] 01 00 22 21 01 00 3F AA 
BAT RX 0x323 [8] 20 0E 10 00 00 00 00 00 
BAT RX 0x324 [8] 02 43 30 37 00 00 00 00 
BAT RX 0x322 [8] 00 E7 00 C3 03 01 61 60 
BAT RX 0x320 [8] 50 41 C3 85 85 00 00 00 
BAT RX 0x319 [8] C0 0D 01 0D 00 07 01 00 
BAT RX 0x318 [8] 0D 01 0D 01 0D 00 0D 00 
BAT RX 0x317 [8] 0D 01 0D 01 0D 01 0D 01 
BAT RX 0x316 [8] 0D 00 0D 00 0D 00 0D 00 
BAT RX 0x315 [8] 0D 01 0D 01 0D 01 0D 01 
BAT RX 0x314 [8] 58 20 5A E6 00 02 05 41 
BAT RX 0x313 [8] 14 C8 00 00 00 D2 60 63 
BAT RX 0x312 [8] 00 00 00 00 02 00 00 00 
BAT RX 0x311 [8] 02 38 01 00 01 00 01 61 
BAT RX 0x330 [8] 02 10 01 02 0D 02 0C FF 
BAT RX 0x329 [8] 02 00 19 AE 02 00 40 45 
BAT RX 0x323 [8] 20 0E 10 00 00 00 00 00 
BAT RX 0x324 [8] 00 02 47 50 4A 30 32 31 
BAT RX 0x322 [8] 00 E7 00 C3 03 01 61 60 
BAT RX 0x320 [8] 50 41 C3 85 85 00 00 00 
BAT RX 0x319 [8] C0 0D 02 0C FF 20 02 00 
BAT RX 0x318 [8] 0D 00 0D 00 0D 00 0D 00 
BAT RX 0x317 [8] 0D 02 0D 01 0D 01 0D 01 
BAT RX 0x316 [8] 0D 00 0D 00 0D 00 0D 00 
BAT RX 0x315 [8] 0D 01 0D 01 0D 01 0D 01 
BAT RX 0x314 [8] 58 20 5A E6 00 01 05 41 
BAT RX 0x313 [8] 14 C8 00 00 00 D2 60 63 
BAT RX 0x312 [8] 00 00 00 00 02 00 00 00 
BAT RX 0x311 [8] 02 38 01 00 01 00 01 61 
[70s] OK V=53.20V I=+0.0A T=21.0C SOC=96% SOH=99% | CVL=56.8V CCL=25.6A DCL=25.6A | chg=1 dis=1 fc1=0 fc2=0 | prot=0000 warn=0000 | packs=2 | inv0x305=no
BAT RX 0x330 [8] 01 07 01 01 0D 01 0D 00 
BAT RX 0x329 [8] 01 00 22 21 01 00 3F AA 
BAT RX 0x323 [8] 20 0E 10 00 00 00 00 00 
BAT RX 0x324 [8] 01 39 35 32 32 30 36 32 
BAT RX 0x322 [8] 00 E7 00 C3 03 01 61 60 
BAT RX 0x320 [8] 50 41 C3 85 85 00 00 00 
BAT RX 0x319 [8] C0 0D 01 0D 00 07 01 00 
BAT RX 0x318 [8] 0D 00 0D 00 0D 00 0D 00 
BAT RX 0x317 [8] 0D 01 0D 01 0D 01 0D 01 
BAT RX 0x316 [8] 0D 00 0D 00 0D 00 0D 00 
BAT RX 0x315 [8] 0D 02 0D 01 0D 01 0D 01 
BAT RX 0x314 [8] 58 20 5A E6 00 02 05 41 
BAT RX 0x313 [8] 14 C8 00 00 00 D2 60 63 
BAT RX 0x312 [8] 00 00 00 00 02 00 00 00 
BAT RX 0x311 [8] 02 38 01 00 01 00 01 61 
BAT RX 0x330 [8] 01 05 01 01 0D 01 0D 00 
BAT RX 0x329 [8] 02 00 19 AE 02 00 40 45 
BAT RX 0x323 [8] 20 0E 10 00 00 00 00 00 
BAT RX 0x324 [8] 02 42 42 37 00 00 00 00 
BAT RX 0x322 [8] 00 E7 00 C3 03 01 61 60 
BAT RX 0x320 [8] 50 41 C3 85 85 00 00 00 
BAT RX 0x319 [8] C0 0D 01 0D 00 05 01 00 
BAT RX 0x318 [8] 0D 01 0D 01 0D 00 0D 00 
BAT RX 0x317 [8] 0D 01 0D 01 0D 01 0D 01 
BAT RX 0x316 [8] 0D 00 0D 00 0D 00 0D 00 
BAT RX 0x315 [8] 0D 01 0D 01 0D 01 0D 01 
BAT RX 0x314 [8] 58 20 5A E6 00 02 05 41 
BAT RX 0x313 [8] 14 C8 00 00 00 D2 60 63 
BAT RX 0x312 [8] 00 00 00 00 02 00 00 00 
BAT RX 0x311 [8] 02 38 01 00 01 00 01 61 
[72s] OK V=53.20V I=+0.0A T=21.0C SOC=96% SOH=99% | CVL=56.8V CCL=25.6A DCL=25.6A | chg=1 dis=1 fc1=0 fc2=0 | prot=0000 warn=0000 | packs=2 | inv0x305=no
BAT RX 0x330 [8] 02 09 01 01 0D 02 0D 00 
BAT RX 0x329 [8] 01 00 22 21 01 00 3F AA 
BAT RX 0x323 [8] 20 0E 10 00 00 00 00 00 
BAT RX 0x324 [8] 00 01 47 50 4A 30 32 31 
BAT RX 0x322 [8] 00 E7 00 C3 03 01 61 60 
BAT RX 0x320 [8] 50 41 C3 85 85 00 00 00 
BAT RX 0x319 [8] C0 0D 02 0D 00 19 01 00 
BAT RX 0x318 [8] 0D 00 0D 00 0D 00 0D 00 
BAT RX 0x317 [8] 0D 02 0D 01 0D 01 0D 01 
BAT RX 0x316 [8] 0D 00 0D 00 0D 00 0D 00 
BAT RX 0x315 [8] 0D 01 0D 01 0D 01 0D 01 
BAT RX 0x314 [8] 58 20 5A E6 00 01 05 41 
BAT RX 0x313 [8] 14 C8 00 00 00 D2 60 63 
BAT RX 0x312 [8] 00 00 00 00 02 00 00 00 
BAT RX 0x311 [8] 02 38 01 00 01 00 01 61 
BAT RX 0x330 [8] 01 07 01 01 0D 01 0D 00 
BAT RX 0x329 [8] 02 00 19 AE 02 00 40 45 
BAT RX 0x323 [8] 20 0E 10 00 00 00 00 00 
BAT RX 0x324 [8] 01 39 35 32 32 30 36 32 
BAT RX 0x322 [8] 00 E7 00 C3 03 01 61 60 
BAT RX 0x320 [8] 50 41 C3 85 85 00 00 00 
BAT RX 0x319 [8] C0 0D 01 0D 00 07 01 00 
BAT RX 0x318 [8] 0D 01 0D 00 0D 00 0D 00 
BAT RX 0x317 [8] 0D 01 0D 01 0D 01 0D 01 
BAT RX 0x316 [8] 0D 00 0D 00 0D 00 0D 00 
BAT RX 0x315 [8] 0D 01 0D 01 0D 01 0D 01 
BAT RX 0x314 [8] 58 20 5A E6 00 01 05 41 
BAT RX 0x313 [8] 14 C8 00 00 00 D2 60 63 
BAT RX 0x312 [8] 00 00 00 00 02 00 00 00 
BAT RX 0x311 [8] 02 38 01 00 01 00 01 61 
[74s] OK V=53.20V I=+0.0A T=21.0C SOC=96% SOH=99% | CVL=56.8V CCL=25.6A DCL=25.6A | chg=1 dis=1 fc1=0 fc2=0 | prot=0000 warn=0000 | packs=2 | inv0x305=no
BAT RX 0x330 [8] 01 07 01 01 0D 01 0D 00 
BAT RX 0x329 [8] 01 00 22 21 01 00 3F AA 
BAT RX 0x323 [8] 20 0E 10 00 00 00 00 00 
BAT RX 0x324 [8] 02 43 30 37 00 00 00 00 
BAT RX 0x322 [8] 00 E7 00 C3 03 01 61 60 
BAT RX 0x320 [8] 50 41 C3 85 85 00 00 00 
BAT RX 0x319 [8] C0 0D 01 0D 00 07 01 00 
BAT RX 0x318 [8] 0D 01 0D 00 0D 00 0D 00 
BAT RX 0x317 [8] 0D 01 0D 01 0D 01 0D 01 
BAT RX 0x316 [8] 0D 00 0D 00 0D 00 0D 00 
BAT RX 0x315 [8] 0D 01 0D 01 0D 01 0D 01 
BAT RX 0x314 [8] 58 20 5A E6 00 01 05 41 
BAT RX 0x313 [8] 14 C8 00 00 00 D2 60 63 
BAT RX 0x312 [8] 00 00 00 00 02 00 00 00 
BAT RX 0x311 [8] 02 38 01 00 01 00 01 61 
BAT RX 0x330 [8] 01 04 01 0A 0D 01 0C FF 
BAT RX 0x329 [8] 02 00 19 AE 02 00 40 45 
BAT RX 0x323 [8] 20 0E 10 00 00 00 00 00 
BAT RX 0x324 [8] 00 02 47 50 4A 30 32 31 
BAT RX 0x322 [8] 00 E7 00 C3 03 01 61 60 
BAT RX 0x320 [8] 50 41 C3 85 85 00 00 00 
BAT RX 0x319 [8] C0 0D 01 0C FF 04 0A 00 
BAT RX 0x318 [8] 0D 01 0D 00 0D 00 0D 00 
BAT RX 0x317 [8] 0D 01 0D 01 0D 01 0D 01 
BAT RX 0x316 [8] 0D 00 0D 00 0D 00 0D 00 
BAT RX 0x315 [8] 0D 01 0D 01 0D 01 0D 01 
BAT RX 0x314 [8] 58 20 5A E6 00 01 05 41 
BAT RX 0x313 [8] 14 C8 00 00 00 D2 60 63 
BAT RX 0x312 [8] 00 00 00 00 02 00 00 00 
BAT RX 0x311 [8] 02 38 01 00 01 00 01 61 
[76s] OK V=53.20V I=+0.0A T=21.0C SOC=96% SOH=99% | CVL=56.8V CCL=25.6A DCL=25.6A | chg=1 dis=1 fc1=0 fc2=0 | prot=0000 warn=0000 | packs=2 | inv0x305=no
BAT RX 0x330 [8] 01 04 01 01 0D 01 0D 00 
BAT RX 0x329 [8] 01 00 22 21 01 00 3F AA 
BAT RX 0x323 [8] 20 0E 10 00 00 00 00 00 
BAT RX 0x324 [8] 01 39 35 32 32 30 36 32 
BAT RX 0x322 [8] 00 E7 00 C3 03 01 61 60 
BAT RX 0x320 [8] 50 41 C3 85 85 00 00 00 
BAT RX 0x319 [8] C0 0D 01 0D 00 04 01 00 
BAT RX 0x318 [8] 0D 00 0D 00 0D 00 0D 00 
BAT RX 0x317 [8] 0D 01 0D 01 0D 01 0D 01 
BAT RX 0x316 [8] 0D 00 0D 00 0D 00 0D 00 
BAT RX 0x315 [8] 0D 01 0D 01 0D 01 0D 01 
BAT RX 0x314 [8] 58 20 5A E6 00 01 05 41 
BAT RX 0x313 [8] 14 C8 00 00 00 D2 60 63 
BAT RX 0x312 [8] 00 00 00 00 02 00 00 00 
BAT RX 0x311 [8] 02 38 01 00 01 00 01 61 
BAT RX 0x330 [8] 01 04 01 01 0D 01 0D 00 
BAT RX 0x329 [8] 02 00 19 AE 02 00 40 45 
BAT RX 0x323 [8] 20 0E 10 00 00 00 00 00 
BAT RX 0x324 [8] 02 42 42 37 00 00 00 00 
BAT RX 0x322 [8] 00 E7 00 C3 03 01 61 60 
BAT RX 0x320 [8] 50 41 C3 85 85 00 00 00 
BAT RX 0x319 [8] C0 0D 01 0D 00 04 01 00 
BAT RX 0x318 [8] 0D 01 0D 00 0D 00 0D 00 
BAT RX 0x317 [8] 0D 01 0D 01 0D 01 0D 01 
BAT RX 0x316 [8] 0D 00 0D 00 0D 00 0D 00 
BAT RX 0x315 [8] 0D 01 0D 01 0D 01 0D 01 
BAT RX 0x314 [8] 58 20 5A E6 00 01 05 41 
BAT RX 0x313 [8] 14 C8 00 00 00 D2 60 63 
BAT RX 0x312 [8] 00 00 00 00 02 00 00 00 
BAT RX 0x311 [8] 02 38 01 00 01 00 01 61 
[78s] OK V=53.20V I=+0.0A T=21.0C SOC=96% SOH=99% | CVL=56.8V CCL=25.6A DCL=25.6A | chg=1 dis=1 fc1=0 fc2=0 | prot=0000 warn=0000 | packs=2 | inv0x305=no
BAT RX 0x330 [8] 01 05 01 01 0D 01 0D 00 
BAT RX 0x329 [8] 01 00 22 21 01 00 3F AA 
BAT RX 0x323 [8] 20 0E 10 00 00 00 00 00 
BAT RX 0x324 [8] 00 01 47 50 4A 30 32 31 
BAT RX 0x322 [8] 00 E7 00 C3 03 01 61 60 
BAT RX 0x320 [8] 50 41 C3 85 85 00 00 00 
BAT RX 0x319 [8] C0 0D 01 0D 00 05 01 00 
BAT RX 0x318 [8] 0D 00 0D 00 0D 00 0D 00 
BAT RX 0x317 [8] 0D 01 0D 01 0D 01 0D 01 
BAT RX 0x316 [8] 0D 00 0D 00 0D 00 0D 00 
BAT RX 0x315 [8] 0D 01 0D 01 0D 01 0D 01 
BAT RX 0x314 [8] 58 20 5A E6 00 01 05 41 
BAT RX 0x313 [8] 14 C8 00 00 00 D2 60 63 
BAT RX 0x312 [8] 00 00 00 00 02 00 00 00 
BAT RX 0x311 [8] 02 38 01 00 01 00 01 61 
BAT RX 0x330 [8] 01 07 01 01 0D 01 0D 00 
BAT RX 0x329 [8] 02 00 19 AE 02 00 40 45 
BAT RX 0x323 [8] 20 0E 10 00 00 00 00 00 
BAT RX 0x324 [8] 01 39 35 32 32 30 36 32 
BAT RX 0x322 [8] 00 E7 00 C3 03 01 61 60 
BAT RX 0x320 [8] 50 41 C3 85 85 00 00 00 
BAT RX 0x319 [8] C0 0D 01 0D 00 07 01 00 
BAT RX 0x318 [8] 0D 00 0D 00 0D 00 0D 00 
BAT RX 0x317 [8] 0D 01 0D 01 0D 01 0D 01 
BAT RX 0x316 [8] 0D 00 0D 00 0D 00 0D 00 
BAT RX 0x315 [8] 0D 01 0D 01 0D 01 0D 01 
BAT RX 0x314 [8] 58 20 5A E6 00 01 05 41 
BAT RX 0x313 [8] 14 C8 00 00 00 D2 60 63 
BAT RX 0x312 [8] 00 00 00 00 02 00 00 00 
BAT RX 0x311 [8] 02 38 08 24 08 24 01 61 
[80s] OK V=53.20V I=+0.0A T=21.0C SOC=96% SOH=99% | CVL=56.8V CCL=208.4A DCL=208.4A | chg=1 dis=1 fc1=0 fc2=0 | prot=0000 warn=0000 | packs=2 | inv0x305=no
BAT RX 0x330 [8] 01 03 01 01 0D 01 0D 00 
BAT RX 0x329 [8] 01 00 22 21 01 00 3F AA 
BAT RX 0x323 [8] 20 0E 10 00 00 00 00 00 
BAT RX 0x324 [8] 02 43 30 37 00 00 00 00 
BAT RX 0x322 [8] 00 E7 00 C3 03 01 61 60 
BAT RX 0x320 [8] 50 41 C3 85 85 00 00 00 
BAT RX 0x319 [8] C0 0D 01 0D 00 03 01 00 
BAT RX 0x318 [8] 0D 00 0D 00 0D 00 0D 00 
BAT RX 0x317 [8] 0D 01 0D 01 0D 01 0D 01 
BAT RX 0x316 [8] 0D 00 0D 00 0D 00 0D 00 
BAT RX 0x315 [8] 0D 01 0D 01 0D 01 0D 01 
BAT RX 0x314 [8] 58 20 5A E6 00 02 05 41 
BAT RX 0x313 [8] 14 C8 00 00 00 D2 60 63 
BAT RX 0x312 [8] 00 00 00 00 02 00 00 00 
BAT RX 0x311 [8] 02 38 08 24 08 24 01 61 
BAT RX 0x330 [8] 02 0A 01 01 0D 02 0D 00 
BAT RX 0x329 [8] 02 00 19 AE 02 00 40 45 
BAT RX 0x323 [8] 20 0E 10 00 00 00 00 00 
BAT RX 0x324 [8] 00 02 47 50 4A 30 32 31 
BAT RX 0x322 [8] 00 E7 00 C3 03 01 61 60 
BAT RX 0x320 [8] 50 41 C3 85 85 00 00 00 
BAT RX 0x319 [8] C0 0D 02 0D 00 1A 01 00 
BAT RX 0x318 [8] 0D 00 0D 00 0D 00 0D 00 
BAT RX 0x317 [8] 0D 02 0D 01 0D 01 0D 01 
BAT RX 0x316 [8] 0D 00 0D 00 0D 00 0D 00 
BAT RX 0x315 [8] 0D 01 0D 01 0D 01 0D 01 
BAT RX 0x314 [8] 58 20 5A E6 00 02 05 41 
BAT RX 0x313 [8] 14 C8 00 00 00 D2 60 63 
BAT RX 0x312 [8] 00 00 00 00 02 00 00 00 
BAT RX 0x311 [8] 02 38 08 24 08 24 01 61 
[82s] OK V=53.20V I=+0.0A T=21.0C SOC=96% SOH=99% | CVL=56.8V CCL=208.4A DCL=208.4A | chg=1 dis=1 fc1=0 fc2=0 | prot=0000 warn=0000 | packs=2 | inv0x305=no
BAT RX 0x330 [8] 02 09 01 01 0D 02 0D 00 
BAT RX 0x329 [8] 01 00 22 21 01 00 3F AA 
BAT RX 0x323 [8] 20 0E 10 00 00 00 00 00 
BAT RX 0x324 [8] 01 39 35 32 32 30 36 32 
BAT RX 0x322 [8] 00 E7 00 C3 03 01 61 60 
BAT RX 0x320 [8] 50 41 C3 85 85 00 00 00 
BAT RX 0x319 [8] C0 0D 02 0D 00 19 01 00 
BAT RX 0x318 [8] 0D 00 0D 00 0D 00 0D 00 
BAT RX 0x317 [8] 0D 02 0D 01 0D 01 0D 01 
BAT RX 0x316 [8] 0D 00 0D 00 0D 00 0D 00 
BAT RX 0x315 [8] 0D 01 0D 01 0D 01 0D 01 
BAT RX 0x314 [8] 58 20 5A E6 00 03 05 41 
BAT RX 0x313 [8] 14 C8 00 00 00 D2 60 63 
BAT RX 0x312 [8] 00 00 00 00 02 00 00 00 
BAT RX 0x311 [8] 02 38 08 24 08 24 01 61 
BAT RX 0x330 [8] 02 09 02 07 0D 02 0C FF 
BAT RX 0x329 [8] 02 00 19 AE 02 00 40 45 
BAT RX 0x323 [8] 20 0E 10 00 00 00 00 00 
BAT RX 0x324 [8] 02 42 42 37 00 00 00 00 
BAT RX 0x322 [8] 00 E7 00 C3 03 01 61 60 
BAT RX 0x320 [8] 50 41 C3 85 85 00 00 00 
BAT RX 0x319 [8] C0 0D 02 0C FF 19 17 00 
BAT RX 0x318 [8] 0D 00 0D 00 0D 00 0C FF 
BAT RX 0x317 [8] 0D 02 0D 02 0D 02 0D 02 
BAT RX 0x316 [8] 0D 00 0D 00 0D 00 0D 00 
BAT RX 0x315 [8] 0D 01 0D 01 0D 01 0D 01 
BAT RX 0x314 [8] 58 20 5A E6 00 02 05 41 
BAT RX 0x313 [8] 14 C8 00 00 00 D2 60 63 
BAT RX 0x312 [8] 00 00 00 00 02 00 00 00 
BAT RX 0x311 [8] 02 38 08 24 08 24 01 61 
[84s] OK V=53.20V I=+0.0A T=21.0C SOC=96% SOH=99% | CVL=56.8V CCL=208.4A DCL=208.4A | chg=1 dis=1 fc1=0 fc2=0 | prot=0000 warn=0000 | packs=2 | inv0x305=no
BAT RX 0x330 [8] 02 09 01 01 0D 02 0D 00 
BAT RX 0x329 [8] 01 00 22 21 01 00 3F AA 
BAT RX 0x323 [8] 20 0E 10 00 00 00 00 00 
BAT RX 0x324 [8] 00 01 47 50 4A 30 32 31 
BAT RX 0x322 [8] 00 E7 00 C3 03 01 61 60 
BAT RX 0x320 [8] 50 41 C3 85 85 00 00 00 
BAT RX 0x319 [8] C0 0D 02 0D 00 19 01 00 
BAT RX 0x318 [8] 0D 00 0D 00 0D 00 0D 00 
BAT RX 0x317 [8] 0D 02 0D 02 0D 01 0D 01 
BAT RX 0x316 [8] 0D 00 0D 00 0D 00 0D 00 
BAT RX 0x315 [8] 0D 01 0D 01 0D 01 0D 01 
BAT RX 0x314 [8] 58 20 5A E6 00 02 05 41 
BAT RX 0x313 [8] 14 C8 00 00 00 D2 60 63 
BAT RX 0x312 [8] 00 00 00 00 02 00 00 00 
BAT RX 0x311 [8] 02 38 08 24 08 24 01 61 
BAT RX 0x330 [8] 02 10 01 01 0D 02 0D 00 
BAT RX 0x329 [8] 02 00 19 AE 02 00 40 45 
BAT RX 0x323 [8] 20 0E 10 00 00 00 00 00 
BAT RX 0x324 [8] 01 39 35 32 32 30 36 32 
BAT RX 0x322 [8] 00 E7 00 C3 03 01 61 60 
BAT RX 0x320 [8] 50 41 C3 85 85 00 00 00 
BAT RX 0x319 [8] C0 0D 02 0D 00 20 01 00 
BAT RX 0x318 [8] 0D 00 0D 00 0D 00 0D 00 
BAT RX 0x317 [8] 0D 02 0D 01 0D 01 0D 01 
BAT RX 0x316 [8] 0D 00 0D 00 0D 00 0D 00 
BAT RX 0x315 [8] 0D 01 0D 01 0D 01 0D 01 
BAT RX 0x314 [8] 58 20 5A E6 00 01 05 41 
BAT RX 0x313 [8] 14 C8 00 00 00 D2 60 63 
BAT RX 0x312 [8] 00 00 00 00 02 00 00 00 
BAT RX 0x311 [8] 02 38 08 24 08 24 01 61 
[86s] OK V=53.20V I=+0.0A T=21.0C SOC=96% SOH=99% | CVL=56.8V CCL=208.4A DCL=208.4A | chg=1 dis=1 fc1=0 fc2=0 | prot=0000 warn=0000 | packs=2 | inv0x305=no
BAT RX 0x330 [8] 01 07 01 01 0D 01 0D 00 
BAT RX 0x329 [8] 01 00 22 21 01 00 3F AA 
BAT RX 0x323 [8] 20 0E 10 00 00 00 00 00 
BAT RX 0x324 [8] 02 43 30 37 00 00 00 00 
BAT RX 0x322 [8] 00 E7 00 C3 03 01 61 60 
BAT RX 0x320 [8] 50 41 C3 85 85 00 00 00 
BAT RX 0x319 [8] C0 0D 01 0D 00 07 01 00 
BAT RX 0x318 [8] 0D 00 0D 00 0D 00 0D 00 
BAT RX 0x317 [8] 0D 01 0D 01 0D 01 0D 01 
BAT RX 0x316 [8] 0D 00 0D 00 0D 00 0D 00 
BAT RX 0x315 [8] 0D 01 0D 01 0D 01 0D 01 
BAT RX 0x314 [8] 58 20 5A E6 00 03 05 41 
BAT RX 0x313 [8] 14 C8 00 00 00 D2 60 63 
BAT RX 0x312 [8] 00 00 00 00 02 00 00 00 
BAT RX 0x311 [8] 02 38 08 24 08 24 01 61 
BAT RX 0x330 [8] 02 09 02 07 0D 02 0C FF 
BAT RX 0x329 [8] 02 00 19 AE 02 00 40 45 
BAT RX 0x323 [8] 20 0E 10 00 00 00 00 00 
BAT RX 0x324 [8] 00 02 47 50 4A 30 32 31 
BAT RX 0x322 [8] 00 E7 00 C3 03 01 61 60 
BAT RX 0x320 [8] 50 41 C3 85 85 00 00 00 
BAT RX 0x319 [8] C0 0D 02 0C FF 19 17 00 
BAT RX 0x318 [8] 0D 00 0D 00 0D 00 0C FF 
BAT RX 0x317 [8] 0D 02 0D 02 0D 01 0D 01 
BAT RX 0x316 [8] 0D 00 0D 00 0D 00 0D 00 
BAT RX 0x315 [8] 0D 01 0D 01 0D 01 0D 01 
BAT RX 0x314 [8] 58 20 5A E6 00 02 05 41 
BAT RX 0x313 [8] 14 C8 00 00 00 D2 60 63 
BAT RX 0x312 [8] 00 00 00 00 02 00 00 00 
BAT RX 0x311 [8] 02 38 08 24 08 24 01 61 
[88s] OK V=53.20V I=+0.0A T=21.0C SOC=96% SOH=99% | CVL=56.8V CCL=208.4A DCL=208.4A | chg=1 dis=1 fc1=0 fc2=0 | prot=0000 warn=0000 | packs=2 | inv0x305=no
BAT RX 0x330 [8] 02 0C 01 01 0D 02 0D 00 
BAT RX 0x329 [8] 01 00 22 21 01 00 3F AA 
BAT RX 0x323 [8] 20 0E 10 00 00 00 00 00 
BAT RX 0x324 [8] 01 39 35 32 32 30 36 32 
BAT RX 0x322 [8] 00 E7 00 C3 03 01 61 60 
BAT RX 0x320 [8] 50 41 C3 85 85 00 00 00 
BAT RX 0x319 [8] C0 0D 02 0D 00 1C 01 00 
BAT RX 0x318 [8] 0D 00 0D 00 0D 00 0D 00 
BAT RX 0x317 [8] 0D 02 0D 01 0D 01 0D 01 
BAT RX 0x316 [8] 0D 00 0D 00 0D 00 0D 00 
BAT RX 0x315 [8] 0D 01 0D 01 0D 01 0D 01 
BAT RX 0x314 [8] 58 20 5A E6 00 03 05 41 
BAT RX 0x313 [8] 14 C8 00 00 00 D2 60 63 
BAT RX 0x312 [8] 00 00 00 00 02 00 00 00 
BAT RX 0x311 [8] 02 38 08 24 08 24 01 61 
BAT RX 0x330 [8] 02 09 02 0B 0D 02 0C FF 
BAT RX 0x329 [8] 02 00 19 AE 02 00 40 45 
BAT RX 0x323 [8] 20 0E 10 00 00 00 00 00 
BAT RX 0x324 [8] 02 42 42 37 00 00 00 00 
BAT RX 0x322 [8] 00 E7 00 C3 03 01 61 60 
BAT RX 0x320 [8] 50 41 C3 85 85 00 00 00 
BAT RX 0x319 [8] C0 0D 02 0C FF 19 1B 00 
BAT RX 0x318 [8] 0D 00 0D 00 0D 00 0C FF 
BAT RX 0x317 [8] 0D 02 0D 02 0D 01 0D 01 
BAT RX 0x316 [8] 0D 00 0D 00 0D 00 0D 00 
BAT RX 0x315 [8] 0D 01 0D 01 0D 01 0D 01 
BAT RX 0x314 [8] 58 20 5A E6 00 03 05 41 
BAT RX 0x313 [8] 14 C8 00 00 00 D2 60 63 
BAT RX 0x312 [8] 00 00 00 00 02 00 00 00 
BAT RX 0x311 [8] 02 38 08 24 08 24 01 61 
[90s] OK V=53.20V I=+0.0A T=21.0C SOC=96% SOH=99% | CVL=56.8V CCL=208.4A DCL=208.4A | chg=1 dis=1 fc1=0 fc2=0 | prot=0000 warn=0000 | packs=2 | inv0x305=no
BAT RX 0x330 [8] 02 06 02 04 0D 02 0C FF 
BAT RX 0x329 [8] 01 00 22 21 01 00 3F AA 
BAT RX 0x323 [8] 20 0E 10 00 00 00 00 00 
BAT RX 0x324 [8] 00 01 47 50 4A 30 32 31 
BAT RX 0x322 [8] 00 E7 00 C3 03 01 61 60 
BAT RX 0x320 [8] 50 41 C3 85 85 00 00 00 
BAT RX 0x319 [8] C0 0D 02 0C FF 16 14 00 
BAT RX 0x318 [8] 0D 00 0D 00 0D 00 0C FF 
BAT RX 0x317 [8] 0D 02 0D 02 0D 02 0D 01 
BAT RX 0x316 [8] 0D 00 0D 00 0D 00 0C FF 
BAT RX 0x315 [8] 0D 01 0D 01 0D 01 0D 01 
BAT RX 0x314 [8] 58 20 5A E6 00 03 05 41 
BAT RX 0x313 [8] 14 C8 00 00 00 D2 60 63 
BAT RX 0x312 [8] 00 00 00 00 02 00 00 00 
BAT RX 0x311 [8] 02 38 08 24 08 24 01 61 
BAT RX 0x330 [8] 02 08 02 01 0D 02 0C FF 
BAT RX 0x329 [8] 02 00 19 AE 02 00 40 45 
BAT RX 0x323 [8] 20 0E 10 00 00 00 00 00 
BAT RX 0x324 [8] 01 39 35 32 32 30 36 32 
BAT RX 0x322 [8] 00 E7 00 C3 03 01 61 60 
BAT RX 0x320 [8] 50 41 C3 85 85 00 00 00 
BAT RX 0x319 [8] C0 0D 02 0C FF 18 11 00 
BAT RX 0x318 [8] 0D 00 0D 00 0D 00 0C FF 
BAT RX 0x317 [8] 0D 02 0D 02 0D 02 0D 01 
BAT RX 0x316 [8] 0D 00 0D 00 0D 00 0D 00 
BAT RX 0x315 [8] 0D 01 0D 01 0D 01 0D 01 
BAT RX 0x314 [8] 58 20 5A E6 00 03 05 41 
BAT RX 0x313 [8] 14 C8 00 00 00 D2 60 63 
BAT RX 0x312 [8] 00 00 00 00 02 00 00 00 
BAT RX 0x311 [8] 02 38 08 24 08 24 01 61 
[92s] OK V=53.20V I=+0.0A T=21.0C SOC=96% SOH=99% | CVL=56.8V CCL=208.4A DCL=208.4A | chg=1 dis=1 fc1=0 fc2=0 | prot=0000 warn=0000 | packs=2 | inv0x305=no
BAT RX 0x330 [8] 02 08 02 01 0D 02 0C FF 
BAT RX 0x329 [8] 01 00 22 21 01 00 3F AA 
BAT RX 0x323 [8] 20 0E 10 00 00 00 00 00 
BAT RX 0x324 [8] 02 43 30 37 00 00 00 00 
BAT RX 0x322 [8] 00 E7 00 C3 03 01 61 60 
BAT RX 0x320 [8] 50 41 C3 85 85 00 00 00 
BAT RX 0x319 [8] C0 0D 02 0C FF 18 11 00 
BAT RX 0x318 [8] 0D 00 0D 00 0D 00 0C FF 
BAT RX 0x317 [8] 0D 02 0D 02 0D 01 0D 01 
BAT RX 0x316 [8] 0D 00 0D 00 0D 00 0D 00 
BAT RX 0x315 [8] 0D 01 0D 01 0D 01 0D 01 
BAT RX 0x314 [8] 58 20 5A E6 00 03 05 41 
BAT RX 0x313 [8] 14 C8 00 00 00 D2 60 63 
BAT RX 0x312 [8] 00 00 00 00 02 00 00 00 
BAT RX 0x311 [8] 02 38 08 24 08 24 01 61 
BAT RX 0x330 [8] 02 08 02 01 0D 02 0C FF 
BAT RX 0x329 [8] 02 00 19 AE 02 00 40 45 
BAT RX 0x323 [8] 20 0E 10 00 00 00 00 00 
BAT RX 0x324 [8] 00 02 47 50 4A 30 32 31 
BAT RX 0x322 [8] 00 E7 00 C3 03 01 61 60 
BAT RX 0x320 [8] 50 41 C3 85 85 00 00 00 
BAT RX 0x319 [8] C0 0D 02 0C FF 18 11 00 
BAT RX 0x318 [8] 0D 00 0D 00 0D 00 0C FF 
BAT RX 0x317 [8] 0D 02 0D 02 0D 02 0D 01 
BAT RX 0x316 [8] 0D 00 0D 00 0D 00 0D 00 
BAT RX 0x315 [8] 0D 01 0D 01 0D 01 0D 01 
BAT RX 0x314 [8] 58 20 5A E6 00 02 05 41 
BAT RX 0x313 [8] 14 C8 00 00 00 D2 60 63 
BAT RX 0x312 [8] 00 00 00 00 02 00 00 00 
BAT RX 0x311 [8] 02 38 08 24 08 24 01 61 
[94s] OK V=53.20V I=+0.0A T=21.0C SOC=96% SOH=99% | CVL=56.8V CCL=208.4A DCL=208.4A | chg=1 dis=1 fc1=0 fc2=0 | prot=0000 warn=0000 | packs=2 | inv0x305=no
BAT RX 0x330 [8] 02 08 01 01 0D 02 0C FF 
BAT RX 0x329 [8] 01 00 22 21 01 00 3F AA 
BAT RX 0x323 [8] 20 0E 10 00 00 00 00 00 
BAT RX 0x324 [8] 01 39 35 32 32 30 36 32 
BAT RX 0x322 [8] 00 E7 00 C3 03 01 61 60 
BAT RX 0x320 [8] 50 41 C3 85 85 00 00 00 
BAT RX 0x319 [8] C0 0D 02 0C FF 18 01 00 
BAT RX 0x318 [8] 0D 00 0D 00 0D 00 0D 00 
BAT RX 0x317 [8] 0D 02 0D 02 0D 02 0D 02 
BAT RX 0x316 [8] 0D 00 0D 00 0D 00 0D 00 
BAT RX 0x315 [8] 0D 01 0D 01 0D 01 0D 01 
BAT RX 0x314 [8] 58 20 5A E6 00 02 05 41 
BAT RX 0x313 [8] 14 C8 00 00 00 D2 60 63 
BAT RX 0x312 [8] 00 00 00 00 02 00 00 00 
BAT RX 0x311 [8] 02 38 08 24 08 24 01 61 
BAT RX 0x330 [8] 02 03 01 01 0D 02 0D 00 
BAT RX 0x329 [8] 02 00 19 AE 02 00 40 45 
BAT RX 0x323 [8] 20 0E 10 00 00 00 00 00 
BAT RX 0x324 [8] 02 42 42 37 00 00 00 00 
BAT RX 0x322 [8] 00 E7 00 C3 03 01 61 60 
BAT RX 0x320 [8] 50 41 C3 85 85 00 00 00 
BAT RX 0x319 [8] C0 0D 02 0D 00 13 01 00 
BAT RX 0x318 [8] 0D 00 0D 00 0D 00 0D 00 
BAT RX 0x317 [8] 0D 02 0D 02 0D 02 0D 02 
BAT RX 0x316 [8] 0D 00 0D 00 0D 00 0D 00 
BAT RX 0x315 [8] 0D 01 0D 01 0D 01 0D 01 
BAT RX 0x314 [8] 58 20 5A E6 00 02 05 41 
BAT RX 0x313 [8] 14 C8 00 00 00 D2 60 63 
BAT RX 0x312 [8] 00 00 00 00 02 00 00 00 
BAT RX 0x311 [8] 02 38 08 24 08 24 01 61 
[96s] OK V=53.20V I=+0.0A T=21.0C SOC=96% SOH=99% | CVL=56.8V CCL=208.4A DCL=208.4A | chg=1 dis=1 fc1=0 fc2=0 | prot=0000 warn=0000 | packs=2 | inv0x305=no
BAT RX 0x330 [8] 02 08 01 01 0D 02 0D 00 
BAT RX 0x329 [8] 01 00 22 21 01 00 3F AA 
BAT RX 0x323 [8] 20 0E 10 00 00 00 00 00 
BAT RX 0x324 [8] 00 01 47 50 4A 30 32 31 
BAT RX 0x322 [8] 00 E7 00 C3 03 01 61 60 
BAT RX 0x320 [8] 50 41 C3 85 85 00 00 00 
BAT RX 0x319 [8] C0 0D 02 0D 00 18 01 00 
BAT RX 0x318 [8] 0D 00 0D 00 0D 00 0D 00 
BAT RX 0x317 [8] 0D 02 0D 02 0D 02 0D 02 
BAT RX 0x316 [8] 0D 00 0D 00 0D 00 0D 00 
BAT RX 0x315 [8] 0D 01 0D 01 0D 01 0D 01 
BAT RX 0x314 [8] 58 20 5A E6 00 03 05 41 
BAT RX 0x313 [8] 14 C8 00 00 00 D2 60 63 
BAT RX 0x312 [8] 00 00 00 00 02 00 00 00 
BAT RX 0x311 [8] 02 38 08 24 08 24 01 61 
