6 00 00 00 CE 15 63 
BAT RX 0x312 [8] 00 00 00 00 02 00 00 00 
BAT RX 0x311 [8] 02 38 00 00 00 00 01 00 
BAT RX 0x330 [8] 02 0D 02 0B 0C B1 0C AC 
BAT RX 0x330 [8] 02 03 02 0E 0C B0 0C AC 
[keepalive] twai_transmit() -> ESP_OK

BAT RX 0x330 [8] 01 0E 01 10 0C B0 0C AC 
BAT RX 0x329 [8] 02 00 1A 25 02 00 40 9E 

BAT RX 0x324 [8] 01 39 35 32 32 30 36 32 
BAT RX 0x322 [8] 00 E3 00 C0 03 01 18 14 
BAT RX 0x320 [8] 50 41 C3 85 85 00 00 00 
BAT RX 0x319 [8] 00 0C B0 0C AC 0E 10 01 
BAT RX 0x318 [8] 0C AD 0C AD 0C AD 0C AC 
BAT RX 0x317 [8] 0C B0 0C B0 0C AF 0C AF 
BAT RX 0x316 [8] 0C AD 0C AD 0C AD 0C AC 
BAT RX 0x315 [8] 0C AF 0C AF 0C AF 0C AE 
BAT RX 0x314 [8] 14 6E 5A C8 00 04 05 43 
BAT RX 0x313 [8] 14 46 00 00 00 CE 15 63 
BAT RX 0x312 [8] 00 00 00 00 02 00 00 00 
BAT RX 0x311 [8] 02 38 00 00 00 00 01 00 
BAT RX 0x330 [8] 02 03 02 0E 0C B0 0C AC 
BAT RX 0x329 [8] 01 00 22 9C 01 00 40 02 
BAT RX 0x323 [8] 20 0E 10 00 04 00 00 00 
BAT RX 0x324 [8] 02 43 30 37 00 00 00 00 
BAT RX 0x322 [8] 00 E3 00 C0 03 01 18 14 
BAT RX 0x320 [8] 50 41 C3 85 85 00 00 00 
BAT RX 0x319 [8] 00 0C B0 0C AC 13 1E 01 
BAT RX 0x318 [8] 0C AD 0C AD 0C AC 0C AC 
BAT RX 0x317 [8] 0C B0 0C AF 0C AF 0C AF 
BAT RX 0x316 [8] 0C AD 0C AD 0C AD 0C AD 
BAT RX 0x315 [8] 0C B0 0C AF 0C AE 0C AE 
BAT RX 0x314 [8] 14 6E 5A C8 00 04 05 43 
BAT RX 0x313 [8] 14 46 00 00 00 CE 15 63 
BAT RX 0x312 [8] 00 00 00 00 02 00 00 00 
BAT RX 0x311 [8] 02 38 00 00 00 00 01 00 
BAT RX 0x330 [8] 02 03 02 0E 0C B1 0C AC 
BAT RX 0x329 [8] 02 00 1A 25 02 00 40 9E 
BAT RX 0x323 [8] 20 0E 10 00 04 00 00 00 
BAT RX 0x324 [8] 00 02 47 50 4A 30 32 31 
BAT RX 0x322 [8] 00 E3 00 C0 03 01 18 14 
[keepalive] twai_transmit() -> ESP_OK
[11s] OK V=51.90V I=+0.0A T=20.6C SOC=21% SOH=99% | CVL=56.8V CCL=0.0A DCL=0.0A | chg=0 dis=0 fc1=0 fc2=0 | prot=0000 warn=0000 | packs=2 | inv0x305=no
BAT RX 0x323 [8] 20 0E 10 00 04 00 00 00 
BAT RX 0x324 [8] 00 01 47 50 4A 30 32 31 
BAT RX 0x322 [8] 00 E3 00 C0 03 01 18 14 
BAT RX 0x320 [8] 50 41 C3 85 85 00 00 00 
BAT RX 0x319 [8] 00 0C B1 0C AC 1D 1F 01 
BAT RX 0x318 [8] 0C AD 0C AD 0C AC 0C AC 
BAT RX 0x317 [8] 0C B1 0C B0 0C AF 0C AF 
BAT RX 0x316 [8] 0C AD 0C AD 0C AD 0C AC 
BAT RX 0x315 [8] 0C AF 0C AE 0C AE 0C AE 
BAT RX 0x314 [8] 14 6E 5A C8 00 05 05 43 
BAT RX 0x313 [8] 14 46 00 00 00 CE 15 63 
BAT RX 0x312 [8] 00 00 00 00 02 00 00 00 
BAT RX 0x311 [8] 02 38 00 00 00 00 01 00 
BAT RX 0x330 [8] 02 02 01 03 0C B0 0C AD 
BAT RX 0x329 [8] 02 00 1A 25 02 00 40 9E 
BAT RX 0x323 [8] 20 0E 10 00 04 00 00 00 
[keepalive] twai_transmit() -> ESP_OK
BAT RX 0x324 [8] 01 39 35 32 32 30 36 32 
BAT RX 0x322 [8] 00 E3 00 C0 03 01 18 14 
BAT RX 0x320 [8] 50 41 C3 85 85 00 00 00 
BAT RX 0x319 [8] 00 0C B0 0C AD 12 03 01 
BAT RX 0x318 [8] 0C AD 0C AD 0C AD 0C AD 
BAT RX 0x317 [8] 0C B0 0C B0 0C AF 0C AF 
BAT RX 0x316 [8] 0C AD 0C AD 0C AD 0C AD 
BAT RX 0x315 [8] 0C AF 0C AF 0C AF 0C AE 
BAT RX 0x314 [8] 14 6E 5A C8 00 03 05 43 
BAT RX 0x313 [8] 14 46 00 00 00 CE 15 63 
BAT RX 0x312 [8] 00 00 00 00 02 00 00 00 
BAT RX 0x311 [8] 02 38 00 00 00 00 01 00 
BAT RX 0x330 [8] 01 0E 01 0B 0C B0 0C AC 
BAT RX 0x329 [8] 01 00 22 9C 01 00 40 02 
BAT RX 0x323 [8] 20 0E 10 00 04 00 00 00 
BAT RX 0x324 [8] 02 43 30 37 00 00 00 00 
[keepalive] twai_transmit() -> ESP_OK
[13s] OK V=51.90V I=+0.0A T=20.6C SOC=21% SOH=99% | CVL=56.8V CCL=0.0A DCL=0.0A | chg=0 dis=0 fc1=0 fc2=0 | prot=0000 warn=0000 | packs=2 | inv0x305=no
BAT RX 0x322 [8] 00 E3 00 C0 03 01 18 14 
BAT RX 0x320 [8] 50 41 C3 85 85 00 00 00 
BAT RX 0x319 [8] 00 0C B0 0C AC 0E 0B 01 
BAT RX 0x318 [8] 0C AD 0C AD 0C AD 0C AC 
BAT RX 0x317 [8] 0C B0 0C B0 0C AF 0C AF 
BAT RX 0x316 [8] 0C AD 0C AD 0C AD 0C AC 
BAT RX 0x315 [8] 0C AF 0C AF 0C AF 0C AF 
BAT RX 0x314 [8] 14 6E 5A C8 00 04 05 43 
BAT RX 0x313 [8] 14 46 00 00 00 CE 15 63 
BAT RX 0x312 [8] 00 00 00 00 02 00 00 00 
BAT RX 0x311 [8] 02 38 00 00 00 00 01 00 
BAT RX 0x330 [8] 01 0E 01 10 0C B0 0C AC 
BAT RX 0x329 [8] 02 00 1A 25 02 00 40 9E 
BAT RX 0x323 [8] 20 0E 10 00 04 00 00 00 
BAT RX 0x324 [8] 00 02 47 50 4A 30 32 31 
[keepalive] twai_transmit() -> ESP_OK
BAT RX 0x322 [8] 00 E3 00 C0 03 01 18 14 
BAT RX 0x320 [8] 50 41 C3 85 85 00 00 00 
BAT RX 0x319 [8] 00 0C B0 0C AC 0E 10 01 
BAT RX 0x318 [8] 0C AE 0C AD 0C AD 0C AC 
BAT RX 0x317 [8] 0C B0 0C B0 0C AF 0C AF 
BAT RX 0x316 [8] 0C AD 0C AD 0C AD 0C AD 
BAT RX 0x315 [8] 0C AF 0C AE 0C AE 0C AE 
BAT RX 0x314 [8] 14 6E 5A C8 00 04 05 43 
BAT RX 0x313 [8] 14 46 00 00 00 CE 15 63 
BAT RX 0x312 [8] 00 00 00 00 02 00 00 00 
BAT RX 0x311 [8] 02 38 00 00 00 00 01 00 

---- battery-bus rate stats (VERBOSE_STATS) ----------------------------
  127 frames, 15 s elapsed
  ID     count   period(ms)  (min-max gap)
  0x322      10   1120 (0-5055)
  0x311       9   1022 (1-5054)
  0x323       9   1007 (1-5054)
  0x324       9   1007 (1-5054)
  0x329       8   1149 (1-3054)
  0x330      10    892 (0-3054)
  0x312       8   1165 (1-5054)
  0x313       8   1163 (1-5054)
  0x314       8   1162 (1-5054)
  0x315       8   1160 (1-5055)
  0x316       8   1159 (1-5055)
  0x317       8   1158 (1-5055)
  0x318       8   1156 (1-5055)
  0x319       8   1155 (1-5055)
  0x320       8   1153 (0-5055)
--------------------------------------------------------------------------

  TWAI: state=RUNNING  tx_err=0 rx_err=0  tx_failed=0  rx_missed=115 rx_overrun=0  arb_lost=0  bus_err=0
BAT RX 0x330 [8] 02 0D 02 0F 0C B1 0C AB 
BAT RX 0x329 [8] 01 00 22 9C 01 00 40 02 
BAT RX 0x323 [8] 20 0E 10 00 04 00 00 00 
BAT RX 0x324 [8] 01 39 35 32 32 30 36 32 
[keepalive] twai_transmit() -> ESP_OK
[15s] OK V=51.90V I=+0.0A T=20.6C SOC=21% SOH=99% | CVL=56.8V CCL=0.0A DCL=0.0A | chg=0 dis=0 fc1=0 fc2=0 | prot=0000 warn=0000 | packs=2 | inv0x305=no
BAT RX 0x322 [8] 00 E3 00 C0 03 01 18 14 
BAT RX 0x320 [8] 50 41 C3 85 85 00 00 00 
BAT RX 0x319 [8] 00 0C B1 0C AB 1D 1F 01 
BAT RX 0x318 [8] 0C AD 0C AC 0C AC 0C AB 
BAT RX 0x317 [8] 0C B1 0C B0 0C AF 0C AF 
BAT RX 0x316 [8] 0C AD 0C AD 0C AD 0C AC 
BAT RX 0x315 [8] 0C AF 0C AF 0C AF 0C AE 
BAT RX 0x314 [8] 14 6E 5A C8 00 06 05 43 
BAT RX 0x313 [8] 14 46 00 00 00 CE 15 63 
BAT RX 0x312 [8] 00 00 00 00 02 00 00 00 
BAT RX 0x311 [8] 02 38 00 00 00 00 01 00 
BAT RX 0x330 [8] 02 0D 02 0F 0C B1 0C AC 
BAT RX 0x329 [8] 02 00 1A 25 02 00 40 9E 
BAT RX 0x323 [8] 20 0E 10 00 04 00 00 00 
BAT RX 0x324 [8] 02 42 42 37 00 00 00 00 
[keepalive] twai_transmit() -> ESP_OK
BAT RX 0x322 [8] 00 E3 00 C0 03 01 18 14 
BAT RX 0x320 [8] 50 41 C3 85 85 00 00 00 
BAT RX 0x319 [8] 00 0C B1 0C AC 1D 1F 01 
BAT RX 0x318 [8] 0C AD 0C AD 0C AC 0C AC 
BAT RX 0x317 [8] 0C B1 0C B0 0C AF 0C AF 
BAT RX 0x316 [8] 0C AD 0C AD 0C AD 0C AD 
BAT RX 0x315 [8] 0C AF 0C AF 0C AF 0C AF 
BAT RX 0x314 [8] 14 6E 5A C8 00 05 05 43 
BAT RX 0x313 [8] 14 46 00 00 00 CE 15 63 
BAT RX 0x312 [8] 00 00 00 00 02 00 00 00 
BAT RX 0x311 [8] 02 38 00 00 00 00 01 00 
BAT RX 0x330 [8] 02 03 02 0E 0C B0 0C AC 
BAT RX 0x329 [8] 01 00 22 9C 01 00 40 02 
BAT RX 0x323 [8] 20 0E 10 00 04 00 00 00 
BAT RX 0x324 [8] 00 01 47 50 4A 30 32 31 
[keepalive] twai_transmit() -> ESP_OK
[17s] OK V=51.90V I=+0.0A T=20.6C SOC=21% SOH=99% | CVL=56.8V CCL=0.0A DCL=0.0A | chg=0 dis=0 fc1=0 fc2=0 | prot=0000 warn=0000 | packs=2 | inv0x305=no
BAT RX 0x322 [8] 00 E3 00 C0 03 01 18 14 
BAT RX 0x320 [8] 50 41 C3 85 85 00 00 00 
BAT RX 0x319 [8] 00 0C B0 0C AC 13 1E 01 
BAT RX 0x318 [8] 0C AD 0C AD 0C AD 0C AC 
BAT RX 0x317 [8] 0C B0 0C AF 0C AF 0C AF 
BAT RX 0x316 [8] 0C AD 0C AD 0C AC 0C AC 
BAT RX 0x315 [8] 0C B0 0C AF 0C AF 0C AE 
BAT RX 0x314 [8] 14 6E 5A C8 00 04 05 43 
BAT RX 0x313 [8] 14 46 00 00 00 CE 15 63 
BAT RX 0x312 [8] 00 00 00 00 02 00 00 00 
BAT RX 0x311 [8] 02 38 00 00 00 00 01 00 
BAT RX 0x330 [8] 02 0D 01 0A 0C B1 0C AC 
BAT RX 0x329 [8] 02 00 1A 25 02 00 40 9E 
BAT RX 0x323 [8] 20 0E 10 00 04 00 00 00 
BAT RX 0x324 [8] 01 39 35 32 32 30 36 32 
[keepalive] twai_transmit() -> ESP_OK
BAT RX 0x322 [8] 00 E3 00 C0 03 01 18 14 
BAT RX 0x320 [8] 50 41 C3 85 85 00 00 00 
BAT RX 0x319 [8] 00 0C B1 0C AC 1D 0A 01 
BAT RX 0x318 [8] 0C AD 0C AD 0C AD 0C AC 
BAT RX 0x317 [8] 0C B1 0C AF 0C AF 0C AF 
BAT RX 0x316 [8] 0C AD 0C AD 0C AD 0C AC 
BAT RX 0x315 [8] 0C B0 0C AF 0C AF 0C AF 
BAT RX 0x314 [8] 14 6E 5A C8 00 05 05 43 
BAT RX 0x313 [8] 14 46 00 00 00 CE 15 63 
BAT RX 0x312 [8] 00 00 00 00 02 00 00 00 
BAT RX 0x311 [8] 02 38 00 00 00 00 01 00 
BAT RX 0x330 [8] 02 03 02 09 0C B1 0C AC 
BAT RX 0x329 [8] 01 00 22 9C 01 00 40 02 
BAT RX 0x323 [8] 20 0E 10 00 04 00 00 00 
BAT RX 0x324 [8] 02 43 30 37 00 00 00 00 
[keepalive] twai_transmit() -> ESP_OK
[19s] OK V=51.90V I=+0.0A T=20.6C SOC=21% SOH=99% | CVL=56.8V CCL=0.0A DCL=0.0A | chg=0 dis=0 fc1=0 fc2=0 | prot=0000 warn=0000 | packs=2 | inv0x305=no
BAT RX 0x322 [8] 00 E3 00 C0 03 01 18 14 
BAT RX 0x320 [8] 50 41 C3 85 85 00 00 00 
BAT RX 0x319 [8] 00 0C B1 0C AC 13 19 01 
BAT RX 0x318 [8] 0C AD 0C AD 0C AC 0C AC 
BAT RX 0x317 [8] 0C B1 0C AF 0C AF 0C AF 
BAT RX 0x316 [8] 0C AD 0C AD 0C AD 0C AC 
BAT RX 0x315 [8] 0C AF 0C AF 0C AF 0C AE 
BAT RX 0x314 [8] 14 6E 5A C8 00 05 05 43 
BAT RX 0x313 [8] 14 46 00 00 00 CE 15 63 
BAT RX 0x312 [8] 00 00 00 00 02 00 00 00 
BAT RX 0x311 [8] 02 38 00 00 00 00 01 00 
BAT RX 0x330 [8] 02 0D 01 0F 0C B1 0C AC 
BAT RX 0x329 [8] 02 00 1A 25 02 00 40 9E 
BAT RX 0x323 [8] 20 0E 10 00 04 00 00 00 
BAT RX 0x324 [8] 00 02 47 50 4A 30 32 31 
[keepalive] twai_transmit() -> ESP_OK
BAT RX 0x322 [8] 00 E3 00 C0 03 01 18 14 
BAT RX 0x320 [8] 50 41 C3 85 85 00 00 00 
BAT RX 0x319 [8] 00 0C B1 0C AC 1D 0F 01 
BAT RX 0x318 [8] 0C AD 0C AD 0C AC 0C AC 
BAT RX 0x317 [8] 0C B1 0C AF 0C AF 0C AF 
BAT RX 0x316 [8] 0C AD 0C AD 0C AD 0C AD 
BAT RX 0x315 [8] 0C B0 0C AF 0C AF 0C AF 
BAT RX 0x314 [8] 14 6E 5A C8 00 05 05 43 
BAT RX 0x313 [8] 14 46 00 00 00 CE 15 63 
BAT RX 0x312 [8] 00 00 00 00 02 00 00 00 
BAT RX 0x311 [8] 02 38 00 00 00 00 01 00 
BAT RX 0x330 [8] 02 02 01 05 0C B1 0C AD 
BAT RX 0x329 [8] 01 00 22 9C 01 00 40 02 
BAT RX 0x323 [8] 20 0E 10 00 04 00 00 00 
BAT RX 0x324 [8] 01 39 35 32 32 30 36 32 
[keepalive] twai_transmit() -> ESP_OK
[21s] OK V=51.90V I=+0.0A T=20.6C SOC=21% SOH=99% | CVL=56.8V CCL=0.0A DCL=0.0A | chg=0 dis=0 fc1=0 fc2=0 | prot=0000 warn=0000 | packs=2 | inv0x305=no
BAT RX 0x322 [8] 00 E3 00 C0 03 01 18 14 
BAT RX 0x320 [8] 50 41 C3 85 85 00 00 00 
BAT RX 0x319 [8] 00 0C B1 0C AD 12 05 01 
BAT RX 0x318 [8] 0C AD 0C AD 0C AD 0C AD 
BAT RX 0x317 [8] 0C B1 0C B0 0C AF 0C AF 
BAT RX 0x316 [8] 0C AD 0C AD 0C AD 0C AD 
BAT RX 0x315 [8] 0C AF 0C AF 0C AF 0C AE 
BAT RX 0x314 [8] 14 6E 5A C8 00 04 05 43 
BAT RX 0x313 [8] 14 46 00 00 00 CE 15 63 
BAT RX 0x312 [8] 00 00 00 00 02 00 00 00 
BAT RX 0x311 [8] 02 38 00 00 00 00 01 00 
BAT RX 0x330 [8] 01 07 01 0F 0C B0 0C AC 
BAT RX 0x329 [8] 02 00 1A 25 02 00 40 9E 
BAT RX 0x323 [8] 20 0E 10 00 04 00 00 00 
BAT RX 0x324 [8] 02 42 42 37 00 00 00 00 
[keepalive] twai_transmit() -> ESP_OK
BAT RX 0x322 [8] 00 E3 00 C0 03 01 18 14 
BAT RX 0x320 [8] 50 41 C3 85 85 00 00 00 
BAT RX 0x319 [8] 00 0C B0 0C AC 07 0F 01 
BAT RX 0x318 [8] 0C AD 0C AD 0C AD 0C AD 
BAT RX 0x317 [8] 0C B0 0C B0 0C B0 0C AF 
BAT RX 0x316 [8] 0C AD 0C AD 0C AD 0C AD 
BAT RX 0x315 [8] 0C B0 0C AF 0C AF 0C AE 
BAT RX 0x314 [8] 14 6E 5A C8 00 03 05 43 
BAT RX 0x313 [8] 14 46 00 00 00 CE 15 63 
BAT RX 0x312 [8] 00 00 00 00 02 00 00 00 
BAT RX 0x311 [8] 02 38 00 00 00 00 01 00 
BAT RX 0x330 [8] 02 04 02 06 0C B0 0C AC 
BAT RX 0x329 [8] 01 00 22 9C 01 00 40 02 
BAT RX 0x323 [8] 20 0E 10 00 04 00 00 00 
BAT RX 0x324 [8] 00 01 47 50 4A 30 32 31 
[keepalive] twai_transmit() -> ESP_OK
[23s] OK V=51.90V I=+0.0A T=20.6C SOC=21% SOH=99% | CVL=56.8V CCL=0.0A DCL=0.0A | chg=0 dis=0 fc1=0 fc2=0 | prot=0000 warn=0000 | packs=2 | inv0x305=no
BAT RX 0x322 [8] 00 E3 00 C0 03 01 18 14 
BAT RX 0x320 [8] 50 41 C3 85 85 00 00 00 
BAT RX 0x319 [8] 00 0C B0 0C AC 14 16 01 
BAT RX 0x318 [8] 0C AD 0C AC 0C AC 0C AC 
BAT RX 0x317 [8] 0C B0 0C B0 0C AF 0C AF 
BAT RX 0x316 [8] 0C AD 0C AD 0C AD 0C AC 
BAT RX 0x315 [8] 0C AF 0C AF 0C AF 0C AF 
BAT RX 0x314 [8] 14 6E 5A C8 00 04 05 43 
BAT RX 0x313 [8] 14 46 00 00 00 CE 15 63 
BAT RX 0x312 [8] 00 00 00 00 02 00 00 00 
BAT RX 0x311 [8] 02 38 00 00 00 00 01 00 
BAT RX 0x330 [8] 02 0D 01 10 0C B1 0C AC 
BAT RX 0x329 [8] 02 00 1A 25 02 00 40 9E 
BAT RX 0x323 [8] 20 0E 10 00 04 00 00 00 
BAT RX 0x324 [8] 01 39 35 32 32 30 36 32 
[keepalive] twai_transmit() -> ESP_OK
BAT RX 0x322 [8] 00 E3 00 C0 03 01 18 14 
BAT RX 0x320 [8] 50 41 C3 85 85 00 00 00 
BAT RX 0x319 [8] 00 0C B1 0C AC 1D 10 01 
BAT RX 0x318 [8] 0C AD 0C AD 0C AC 0C AC 
BAT RX 0x317 [8] 0C B1 0C B0 0C AF 0C AF 
BAT RX 0x316 [8] 0C AD 0C AC 0C AC 0C AC 
BAT RX 0x315 [8] 0C AF 0C AF 0C AF 0C AF 
BAT RX 0x314 [8] 14 6E 5A C8 00 05 05 43 
BAT RX 0x313 [8] 14 46 00 00 00 CE 15 63 
BAT RX 0x312 [8] 00 00 00 00 02 00 00 00 
BAT RX 0x311 [8] 02 38 00 00 00 00 01 00 
BAT RX 0x330 [8] 02 02 02 08 0C B0 0C AC 
BAT RX 0x329 [8] 01 00 22 9C 01 00 40 02 
BAT RX 0x323 [8] 20 0E 10 00 04 00 00 00 
BAT RX 0x324 [8] 02 43 30 37 00 00 00 00 
[keepalive] twai_transmit() -> ESP_OK
[25s] OK V=51.90V I=+0.0A T=20.6C SOC=21% SOH=99% | CVL=56.8V CCL=0.0A DCL=0.0A | chg=0 dis=0 fc1=0 fc2=0 | prot=0000 warn=0000 | packs=2 | inv0x305=no
BAT RX 0x322 [8] 00 E3 00 C0 03 01 18 14 
BAT RX 0x320 [8] 50 41 C3 85 85 00 00 00 
BAT RX 0x319 [8] 00 0C B0 0C AC 12 18 01 
BAT RX 0x318 [8] 0C AD 0C AD 0C AC 0C AC 
BAT RX 0x317 [8] 0C B0 0C B0 0C AF 0C AF 
BAT RX 0x316 [8] 0C AD 0C AD 0C AC 0C AC 
BAT RX 0x315 [8] 0C B0 0C AF 0C AF 0C AF 
BAT RX 0x314 [8] 14 6E 5A C8 00 04 05 43 
BAT RX 0x313 [8] 14 46 00 00 00 CE 15 63 
BAT RX 0x312 [8] 00 00 00 00 02 00 00 00 
BAT RX 0x311 [8] 02 38 00 00 00 00 01 00 
BAT RX 0x330 [8] 02 02 01 0A 0C B0 0C AC 
BAT RX 0x329 [8] 02 00 1A 25 02 00 40 9E 
BAT RX 0x323 [8] 20 0E 10 00 04 00 00 00 
BAT RX 0x324 [8] 00 02 47 50 4A 30 32 31 
[keepalive] twai_transmit() -> ESP_OK
BAT RX 0x322 [8] 00 E3 00 C0 03 01 18 14 
BAT RX 0x320 [8] 50 41 C3 85 85 00 00 00 
BAT RX 0x319 [8] 00 0C B0 0C AC 12 0A 01 
BAT RX 0x318 [8] 0C AE 0C AD 0C AD 0C AC 
BAT RX 0x317 [8] 0C B0 0C B0 0C AF 0C AF 
BAT RX 0x316 [8] 0C AD 0C AD 0C AD 0C AD 
BAT RX 0x315 [8] 0C B0 0C AF 0C AF 0C AF 
BAT RX 0x314 [8] 14 6E 5A C8 00 04 05 43 
BAT RX 0x313 [8] 14 46 00 00 00 CE 15 63 
BAT RX 0x312 [8] 00 00 00 00 02 00 00 00 
BAT RX 0x311 [8] 02 38 00 00 00 00 01 00 
BAT RX 0x330 [8] 02 03 02 0E 0C B0 0C AC 
BAT RX 0x329 [8] 01 00 22 9C 01 00 40 02 
BAT RX 0x323 [8] 20 0E 10 00 04 00 00 00 
BAT RX 0x324 [8] 01 39 35 32 32 30 36 32 
[keepalive] twai_transmit() -> ESP_OK
[27s] OK V=51.90V I=+0.0A T=20.6C SOC=21% SOH=99% | CVL=56.8V CCL=0.0A DCL=0.0A | chg=0 dis=0 fc1=0 fc2=0 | prot=0000 warn=0000 | packs=2 | inv0x305=no
BAT RX 0x322 [8] 00 E3 00 C0 03 01 18 14 
BAT RX 0x320 [8] 50 41 C3 85 85 00 00 00 
BAT RX 0x319 [8] 00 0C B0 0C AC 13 1E 01 
BAT RX 0x318 [8] 0C AD 0C AD 0C AD 0C AC 
BAT RX 0x317 [8] 0C B0 0C B0 0C AF 0C AF 
BAT RX 0x316 [8] 0C AD 0C AD 0C AD 0C AD 
BAT RX 0x315 [8] 0C AF 0C AF 0C AF 0C AE 
BAT RX 0x314 [8] 14 6E 5A C8 00 04 05 43 
BAT RX 0x313 [8] 14 46 00 00 00 CE 15 63 
BAT RX 0x312 [8] 00 00 00 00 02 00 00 00 
BAT RX 0x311 [8] 02 38 00 00 00 00 01 00 
BAT RX 0x330 [8] 02 0D 02 0E 0C B1 0C AC 
BAT RX 0x329 [8] 02 00 1A 25 02 00 40 9E 
BAT RX 0x323 [8] 20 0E 10 00 04 00 00 00 
BAT RX 0x324 [8] 02 42 42 37 00 00 00 00 
[keepalive] twai_transmit() -> ESP_OK
BAT RX 0x322 [8] 00 E3 00 C0 03 01 18 14 
BAT RX 0x320 [8] 50 41 C3 85 85 00 00 00 
BAT RX 0x319 [8] 00 0C B1 0C AC 1D 1E 01 
BAT RX 0x318 [8] 0C AD 0C AD 0C AC 0C AC 
BAT RX 0x317 [8] 0C B1 0C B0 0C AF 0C AF 
BAT RX 0x316 [8] 0C AD 0C AD 0C AD 0C AC 
BAT RX 0x315 [8] 0C AF 0C AF 0C AF 0C AF 
BAT RX 0x314 [8] 14 6E 5A C8 00 05 05 43 
BAT RX 0x313 [8] 14 46 00 00 00 CE 15 63 
BAT RX 0x312 [8] 00 00 00 00 02 00 00 00 
BAT RX 0x311 [8] 02 38 00 00 00 00 01 00 
BAT RX 0x330 [8] 02 02 02 10 0C B1 0C AC 
BAT RX 0x329 [8] 01 00 22 9C 01 00 40 02 
BAT RX 0x323 [8] 20 0E 10 00 04 00 00 00 
BAT RX 0x324 [8] 00 01 47 50 4A 30 32 31 
BAT RX 0x322 [8] 00 E3 00 C0 03 01 18 14 
[keepalive] twai_transmit() -> ESP_OK
[29s] OK V=51.90V I=+0.0A T=20.6C SOC=21% SOH=99% | CVL=56.8V CCL=0.0A DCL=0.0A | chg=0 dis=0 fc1=0 fc2=0 | prot=0000 warn=0000 | packs=2 | inv0x305=no
BAT RX 0x320 [8] 50 41 C3 85 85 00 00 00 
BAT RX 0x319 [8] 00 0C B1 0C AC 12 20 01 
BAT RX 0x318 [8] 0C AD 0C AD 0C AD 0C AC 
BAT RX 0x317 [8] 0C B1 0C AF 0C AF 0C AF 
BAT RX 0x316 [8] 0C AD 0C AD 0C AD 0C AC 
BAT RX 0x315 [8] 0C AF 0C AF 0C AF 0C AF 
BAT RX 0x314 [8] 14 6E 5A C8 00 05 05 43 
BAT RX 0x313 [8] 14 46 00 00 00 CE 15 63 
BAT RX 0x312 [8] 00 00 00 00 02 00 00 00 
BAT RX 0x311 [8] 02 38 00 00 00 00 01 00 

---- battery-bus rate stats (VERBOSE_STATS) ----------------------------
  352 frames, 30 s elapsed
  ID     count   period(ms)  (min-max gap)
  0x322      25   1044 (0-5055)
  0x311      24   1007 (1-5054)
  0x323      24   1001 (1-5054)
  0x324      24   1001 (1-5054)
  0x329      23   1047 (1-3054)
  0x330      25    959 (0-3054)
  0x312      23   1051 (1-5054)
  0x313      23   1051 (1-5054)
  0x314      23   1051 (1-5054)
  0x315      23   1050 (1-5055)
  0x316      23   1050 (1-5055)
  0x317      23   1049 (1-5055)
  0x318      23   1049 (1-5055)
  0x319      23   1048 (1-5055)
  0x320      23   1048 (0-5055)
--------------------------------------------------------------------------

  TWAI: state=RUNNING  tx_err=0 rx_err=0  tx_failed=0  rx_missed=115 rx_overrun=0  arb_lost=0  bus_err=0
BAT RX 0x330 [8] 02 02 02 0F 0C B0 0C AC 
BAT RX 0x329 [8] 02 00 1A 25 02 00 40 9E 
BAT RX 0x323 [8] 20 0E 10 00 04 00 00 00 
BAT RX 0x324 [8] 01 39 35 32 32 30 36 32 
BAT RX 0x322 [8] 00 E3 00 C0 03 01 18 14 
[keepalive] twai_transmit() -> ESP_OK
BAT RX 0x320 [8] 50 41 C3 85 85 00 00 00 
BAT RX 0x319 [8] 00 0C B0 0C AC 12 1F 01 
BAT RX 0x318 [8] 0C AD 0C AD 0C AC 0C AC 
BAT RX 0x317 [8] 0C B0 0C B0 0C AF 0C AF 
BAT RX 0x316 [8] 0C AD 0C AD 0C AD 0C AC 
BAT RX 0x315 [8] 0C B0 0C AF 0C AF 0C AF 
BAT RX 0x314 [8] 14 6E 5A C8 00 04 05 43 
BAT RX 0x313 [8] 14 46 00 00 00 CE 15 63 
BAT RX 0x312 [8] 00 00 00 00 02 00 00 00 
BAT RX 0x311 [8] 02 38 00 00 00 00 01 00 
BAT RX 0x330 [8] 02 03 02 0E 0C B0 0C AC 
BAT RX 0x329 [8] 01 00 22 9C 01 00 40 02 
BAT RX 0x323 [8] 20 0E 10 00 04 00 00 00 
BAT RX 0x324 [8] 02 43 30 37 00 00 00 00 
BAT RX 0x322 [8] 00 E3 00 C0 03 01 18 14 
[keepalive] twai_transmit() -> ESP_OK
[31s] OK V=51.90V I=+0.0A T=20.6C SOC=21% SOH=99% | CVL=56.8V CCL=0.0A DCL=0.0A | chg=0 dis=0 fc1=0 fc2=0 | prot=0000 warn=0000 | packs=2 | inv0x305=no
BAT RX 0x320 [8] 50 41 C3 85 85 00 00 00 
BAT RX 0x319 [8] 00 0C B0 0C AC 13 1E 01 
BAT RX 0x318 [8] 0C AD 0C AD 0C AD 0C AC 
BAT RX 0x317 [8] 0C B0 0C B0 0C AF 0C AF 
BAT RX 0x316 [8] 0C AD 0C AD 0C AD 0C AD 
BAT RX 0x315 [8] 0C AF 0C AF 0C AF 0C AF 
BAT RX 0x314 [8] 14 6E 5A C8 00 04 05 43 
BAT RX 0x313 [8] 14 46 00 00 00 CE 15 63 
BAT RX 0x312 [8] 00 00 00 00 02 00 00 00 
BAT RX 0x311 [8] 02 38 00 00 00 00 01 00 
BAT RX 0x330 [8] 02 03 02 0E 0C B0 0C AC 
BAT RX 0x329 [8] 02 00 1A 25 02 00 40 9E 
BAT RX 0x323 [8] 20 0E 10 00 04 00 00 00 
BAT RX 0x324 [8] 00 02 47 50 4A 30 32 31 
BAT RX 0x322 [8] 00 E3 00 C0 03 01 18 14 
[keepalive] twai_transmit() -> ESP_OK
BAT RX 0x320 [8] 50 41 C3 85 85 00 00 00 
BAT RX 0x319 [8] 00 0C B0 0C AC 13 1E 01 
BAT RX 0x318 [8] 0C AD 0C AD 0C AD 0C AC 
BAT RX 0x317 [8] 0C B0 0C B0 0C AF 0C AF 
BAT RX 0x316 [8] 0C AD 0C AD 0C AD 0C AD 
BAT RX 0x315 [8] 0C AF 0C AF 0C AF 0C AE 
BAT RX 0x314 [8] 14 6E 5A C8 00 04 05 43 
BAT RX 0x313 [8] 14 46 00 00 00 CE 15 63 
BAT RX 0x312 [8] 00 00 00 00 02 00 00 00 
BAT RX 0x311 [8] 02 38 00 00 00 00 01 00 
BAT RX 0x330 [8] 02 0D 02 0F 0C B1 0C AC 
BAT RX 0x329 [8] 01 00 22 9C 01 00 40 02 
BAT RX 0x323 [8] 20 0E 10 00 04 00 00 00 
BAT RX 0x324 [8] 01 39 35 32 32 30 36 32 
BAT RX 0x322 [8] 00 E3 00 C0 03 01 18 14 
[keepalive] twai_transmit() -> ESP_OK
[33s] OK V=51.90V I=+0.0A T=20.6C SOC=21% SOH=99% | CVL=56.8V CCL=0.0A DCL=0.0A | chg=0 dis=0 fc1=0 fc2=0 | prot=0000 warn=0000 | packs=2 | inv0x305=no
BAT RX 0x320 [8] 50 41 C3 85 85 00 00 00 
BAT RX 0x319 [8] 00 0C B1 0C AC 1D 1F 01 
BAT RX 0x318 [8] 0C AD 0C AD 0C AC 0C AC 
BAT RX 0x317 [8] 0C B1 0C B0 0C B0 0C AF 
BAT RX 0x316 [8] 0C AD 0C AD 0C AD 0C AD 
BAT RX 0x315 [8] 0C AF 0C AF 0C AF 0C AE 
BAT RX 0x314 [8] 14 6E 5A C8 00 05 05 43 
BAT RX 0x313 [8] 14 46 00 00 00 CE 15 63 
BAT RX 0x312 [8] 00 00 00 00 02 00 00 00 
BAT RX 0x311 [8] 02 38 00 00 00 00 01 00 
BAT RX 0x330 [8] 02 0D 02 07 0C B1 0C AC 
BAT RX 0x329 [8] 02 00 1A 25 02 00 40 9E 
BAT RX 0x323 [8] 20 0E 10 00 04 00 00 00 
BAT RX 0x324 [8] 02 42 42 37 00 00 00 00 
BAT RX 0x322 [8] 00 E3 00 C0 03 01 18 14 
[keepalive] twai_transmit() -> ESP_OK
BAT RX 0x320 [8] 50 41 C3 85 85 00 00 00 
BAT RX 0x319 [8] 00 0C B1 0C AC 1D 17 01 
BAT RX 0x318 [8] 0C AD 0C AC 0C AC 0C AC 
BAT RX 0x317 [8] 0C B1 0C B0 0C B0 0C B0 
BAT RX 0x316 [8] 0C AD 0C AD 0C AD 0C AD 
BAT RX 0x315 [8] 0C AF 0C AF 0C AF 0C AE 
BAT RX 0x314 [8] 14 6E 5A C8 00 05 05 43 
BAT RX 0x313 [8] 14 46 00 00 00 CE 15 63 
BAT RX 0x312 [8] 00 00 00 00 02 00 00 00 
BAT RX 0x311 [8] 02 38 00 00 00 00 01 00 
BAT RX 0x330 [8] 02 0D 02 0F 0C B1 0C AC 
BAT RX 0x329 [8] 01 00 22 9C 01 00 40 02 
BAT RX 0x323 [8] 20 0E 10 00 04 00 00 00 
BAT RX 0x324 [8] 00 01 47 50 4A 30 32 31 
BAT RX 0x322 [8] 00 E3 00 C0 03 01 18 14 
[keepalive] twai_transmit() -> ESP_OK
[35s] OK V=51.90V I=+0.0A T=20.6C SOC=21% SOH=99% | CVL=56.8V CCL=0.0A DCL=0.0A | chg=0 dis=0 fc1=0 fc2=0 | prot=0000 warn=0000 | packs=2 | inv0x305=no
BAT RX 0x320 [8] 50 41 C3 85 85 00 00 00 
BAT RX 0x319 [8] 00 0C B1 0C AC 1D 1F 01 
BAT RX 0x318 [8] 0C AD 0C AD 0C AD 0C AC 
BAT RX 0x317 [8] 0C B1 0C B0 0C AF 0C AF 
BAT RX 0x316 [8] 0C AD 0C AD 0C AD 0C AC 
BAT RX 0x315 [8] 0C AF 0C AF 0C AF 0C AF 
BAT RX 0x314 [8] 14 6E 5A C8 00 05 05 43 
BAT RX 0x313 [8] 14 46 00 00 00 CE 15 63 
BAT RX 0x312 [8] 00 00 00 00 02 00 00 00 
BAT RX 0x311 [8] 02 38 00 00 00 00 01 00 
BAT RX 0x330 [8] 02 0D 02 0F 0C B0 0C AC 
BAT RX 0x329 [8] 02 00 1A 25 02 00 40 9E 
BAT RX 0x323 [8] 20 0E 10 00 04 00 00 00 
BAT RX 0x324 [8] 01 39 35 32 32 30 36 32 
BAT RX 0x322 [8] 00 E3 00 C0 03 01 18 14 
[keepalive] twai_transmit() -> ESP_OK
BAT RX 0x320 [8] 50 41 C3 85 85 00 00 00 
BAT RX 0x319 [8] 00 0C B0 0C AC 1D 1F 01 
BAT RX 0x318 [8] 0C AD 0C AD 0C AD 0C AC 
BAT RX 0x317 [8] 0C B0 0C AF 0C AF 0C AF 
BAT RX 0x316 [8] 0C AD 0C AD 0C AD 0C AD 
BAT RX 0x315 [8] 0C AF 0C AF 0C AF 0C AF 
BAT RX 0x314 [8] 14 6E 5A C8 00 04 05 43 
BAT RX 0x313 [8] 14 46 00 00 00 CE 15 63 
BAT RX 0x312 [8] 00 00 00 00 02 00 00 00 
BAT RX 0x311 [8] 02 38 00 00 00 00 01 00 
BAT RX 0x330 [8] 02 0D 02 0F 0C B1 0C AC 
BAT RX 0x329 [8] 01 00 22 9C 01 00 40 02 
BAT RX 0x323 [8] 20 0E 10 00 04 00 00 00 
BAT RX 0x324 [8] 02 43 30 37 00 00 00 00 
BAT RX 0x322 [8] 00 E3 00 C0 03 01 18 14 
BAT RX 0x320 [8] 50 41 C3 85 85 00 00 00 
[keepalive] twai_transmit() -> ESP_OK
[37s] OK V=51.90V I=+0.0A T=20.6C SOC=21% SOH=99% | CVL=56.8V CCL=0.0A DCL=0.0A | chg=0 dis=0 fc1=0 fc2=0 | prot=0000 warn=0000 | packs=2 | inv0x305=no
BAT RX 0x319 [8] 00 0C B1 0C AC 1D 1F 01 
BAT RX 0x318 [8] 0C AD 0C AD 0C AD 0C AC 
BAT RX 0x317 [8] 0C B1 0C AF 0C AF 0C AF 
BAT RX 0x316 [8] 0C AD 0C AD 0C AD 0C AD 
BAT RX 0x315 [8] 0C AF 0C AF 0C AE 0C AE 
BAT RX 0x314 [8] 14 6E 5A C8 00 05 05 43 
BAT RX 0x313 [8] 14 46 00 00 00 CE 15 63 
BAT RX 0x312 [8] 00 00 00 00 02 00 00 00 
BAT RX 0x311 [8] 02 38 00 00 00 00 01 00 
BAT RX 0x330 [8] 02 02 02 08 0C B0 0C AC 
BAT RX 0x329 [8] 02 00 1A 25 02 00 40 9E 
BAT RX 0x323 [8] 20 0E 10 00 04 00 00 00 
BAT RX 0x324 [8] 00 02 47 50 4A 30 32 31 
BAT RX 0x322 [8] 00 E3 00 C0 03 01 18 14 
BAT RX 0x320 [8] 50 41 C3 85 85 00 00 00 
[keepalive] twai_transmit() -> ESP_OK
BAT RX 0x319 [8] 00 0C B0 0C AC 12 18 01 
BAT RX 0x318 [8] 0C AD 0C AD 0C AC 0C AC 
BAT RX 0x317 [8] 0C B0 0C B0 0C AF 0C AF 
BAT RX 0x316 [8] 0C AD 0C AD 0C AD 0C AD 
BAT RX 0x315 [8] 0C AF 0C AF 0C AE 0C AE 
BAT RX 0x314 [8] 14 6E 5A C8 00 04 05 43 
BAT RX 0x313 [8] 14 46 00 00 00 CE 15 63 
BAT RX 0x312 [8] 00 00 00 00 02 00 00 00 
BAT RX 0x311 [8] 02 38 00 00 00 00 01 00 
BAT RX 0x330 [8] 02 04 02 06 0C B0 0C AC 
BAT RX 0x329 [8] 01 00 22 9C 01 00 40 02 
BAT RX 0x323 [8] 20 0E 10 00 04 00 00 00 
BAT RX 0x324 [8] 01 39 35 32 32 30 36 32 
BAT RX 0x322 [8] 00 E3 00 C0 03 01 18 14 
BAT RX 0x320 [8] 50 41 C3 85 85 00 00 00 
[keepalive] twai_transmit() -> ESP_OK
[39s] OK V=51.90V I=+0.0A T=20.6C SOC=21% SOH=99% | CVL=56.8V CCL=0.0A DCL=0.0A | chg=0 dis=0 fc1=0 fc2=0 | prot=0000 warn=0000 | packs=2 | inv0x305=no
BAT RX 0x319 [8] 00 0C B0 0C AC 14 16 01 
BAT RX 0x318 [8] 0C AD 0C AD 0C AC 0C AC 
BAT RX 0x317 [8] 0C B0 0C B0 0C AF 0C AF 
BAT RX 0x316 [8] 0C AD 0C AD 0C AD 0C AD 
BAT RX 0x315 [8] 0C AF 0C AF 0C AF 0C AE 
BAT RX 0x314 [8] 14 6E 5A C8 00 04 05 43 
BAT RX 0x313 [8] 14 46 00 00 00 CE 15 63 
BAT RX 0x312 [8] 00 00 00 00 02 00 00 00 
BAT RX 0x311 [8] 02 38 00 00 00 00 01 00 
BAT RX 0x330 [8] 02 03 01 0A 0C B1 0C AC 
BAT RX 0x329 [8] 02 00 1A 25 02 00 40 9E 
BAT RX 0x323 [8] 20 0E 10 00 04 00 00 00 
BAT RX 0x324 [8] 02 42 42 37 00 00 00 00 
BAT RX 0x322 [8] 00 E3 00 C0 03 01 18 14 
BAT RX 0x320 [8] 50 41 C3 85 85 00 00 00 
[keepalive] twai_transmit() -> ESP_OK
BAT RX 0x319 [8] 00 0C B1 0C AC 13 0A 01 
BAT RX 0x318 [8] 0C AD 0C AD 0C AD 0C AC 
BAT RX 0x317 [8] 0C B1 0C B0 0C AF 0C AF 
BAT RX 0x316 [8] 0C AD 0C AD 0C AC 0C AC 
BAT RX 0x315 [8] 0C B0 0C AF 0C AF 0C AF 
BAT RX 0x314 [8] 14 6E 5A C8 00 05 05 43 
BAT RX 0x313 [8] 14 46 00 00 00 CE 15 63 
BAT RX 0x312 [8] 00 00 00 00 02 00 00 00 
BAT RX 0x311 [8] 02 38 00 00 00 00 01 00 
BAT RX 0x330 [8] 02 03 02 09 0C B1 0C AC 
BAT RX 0x329 [8] 01 00 22 9C 01 00 40 02 
BAT RX 0x323 [8] 20 0E 10 00 04 00 00 00 
BAT RX 0x324 [8] 00 01 47 50 4A 30 32 31 
BAT RX 0x322 [8] 00 E3 00 C0 03 01 18 14 
BAT RX 0x320 [8] 50 41 C3 85 85 00 00 00 
[keepalive] twai_transmit() -> ESP_OK
[41s] OK V=51.90V I=+0.0A T=20.6C SOC=21% SOH=99% | CVL=56.8V CCL=0.0A DCL=0.0A | chg=0 dis=0 fc1=0 fc2=0 | prot=0000 warn=0000 | packs=2 | inv0x305=no
BAT RX 0x319 [8] 00 0C B1 0C AC 13 19 01 
BAT RX 0x318 [8] 0C AE 0C AD 0C AD 0C AC 
BAT RX 0x317 [8] 0C B1 0C B0 0C AF 0C AF 
BAT RX 0x316 [8] 0C AD 0C AD 0C AD 0C AD 
BAT RX 0x315 [8] 0C AF 0C AF 0C AF 0C AE 
BAT RX 0x314 [8] 14 6E 5A C8 00 05 05 43 
BAT RX 0x313 [8] 14 46 00 00 00 CE 15 63 
BAT RX 0x312 [8] 00 00 00 00 02 00 00 00 
BAT RX 0x311 [8] 02 38 00 00 00 00 01 00 
BAT RX 0x330 [8] 02 03 02 0E 0C B0 0C AC 
BAT RX 0x329 [8] 02 00 1A 25 02 00 40 9E 
BAT RX 0x323 [8] 20 0E 10 00 04 00 00 00 
BAT RX 0x324 [8] 01 39 35 32 32 30 36 32 
BAT RX 0x322 [8] 00 E3 00 C0 03 01 18 14 
BAT RX 0x320 [8] 50 41 C3 85 85 00 00 00 
[keepalive] twai_transmit() -> ESP_OK
BAT RX 0x319 [8] 00 0C B0 0C AC 13 1E 01 
BAT RX 0x318 [8] 0C AD 0C AD 0C AD 0C AC 
BAT RX 0x317 [8] 0C B0 0C B0 0C AF 0C AF 
BAT RX 0x316 [8] 0C AD 0C AD 0C AD 0C AD 
BAT RX 0x315 [8] 0C AF 0C AF 0C AF 0C AE 
BAT RX 0x314 [8] 14 6E 5A C8 00 04 05 43 
BAT RX 0x313 [8] 14 46 00 00 00 CE 15 63 
BAT RX 0x312 [8] 00 00 00 00 02 00 00 00 
BAT RX 0x311 [8] 02 38 00 00 00 00 01 00 
BAT RX 0x330 [8] 02 0D 02 0F 0C B1 0C AC 
BAT RX 0x329 [8] 01 00 22 9C 01 00 40 02 
BAT RX 0x323 [8] 20 0E 10 00 04 00 00 00 
BAT RX 0x324 [8] 02 43 30 37 00 00 00 00 
BAT RX 0x322 [8] 00 E3 00 C0 03 01 18 14 
BAT RX 0x320 [8] 50 41 C3 85 85 00 00 00 
[keepalive] twai_transmit() -> ESP_OK
[43s] OK V=51.90V I=+0.0A T=20.6C SOC=21% SOH=99% | CVL=56.8V CCL=0.0A DCL=0.0A | chg=0 dis=0 fc1=0 fc2=0 | prot=0000 warn=0000 | packs=2 | inv0x305=no
BAT RX 0x319 [8] 00 0C B1 0C AC 1D 1F 01 
BAT RX 0x318 [8] 0C AD 0C AD 0C AD 0C AC 
BAT RX 0x317 [8] 0C B1 0C AF 0C AF 0C AF 
BAT RX 0x316 [8] 0C AD 0C AD 0C AD 0C AC 
BAT RX 0x315 [8] 0C B0 0C AF 0C AE 0C AE 
BAT RX 0x314 [8] 14 6E 5A C8 00 05 05 43 
BAT RX 0x313 [8] 14 46 00 00 00 CE 15 63 
BAT RX 0x312 [8] 00 00 00 00 02 00 00 00 
BAT RX 0x311 [8] 02 38 00 00 00 00 01 00 
BAT RX 0x330 [8] 02 02 02 08 0C B0 0C AC 
BAT RX 0x329 [8] 02 00 1A 25 02 00 40 9E 
BAT RX 0x323 [8] 20 0E 10 00 04 00 00 00 
BAT RX 0x324 [8] 00 02 47 50 4A 30 32 31 
BAT RX 0x322 [8] 00 E3 00 C0 03 01 18 14 
BAT RX 0x320 [8] 50 41 C3 85 85 00 00 00 
[keepalive] twai_transmit() -> ESP_OK
BAT RX 0x319 [8] 00 0C B0 0C AC 12 18 01 
BAT RX 0x318 [8] 0C AE 0C AD 0C AC 0C AC 
BAT RX 0x317 [8] 0C B0 0C B0 0C AF 0C AF 
BAT RX 0x316 [8] 0C AC 0C AC 0C AC 0C AC 
BAT RX 0x315 [8] 0C B0 0C AF 0C AF 0C AF 
BAT RX 0x314 [8] 14 6E 5A C8 00 04 05 43 
BAT RX 0x313 [8] 14 46 00 00 00 CE 15 63 
BAT RX 0x312 [8] 00 00 00 00 02 00 00 00 
BAT RX 0x311 [8] 02 38 00 00 00 00 01 00 

---- battery-bus rate stats (VERBOSE_STATS) ----------------------------
  577 frames, 45 s elapsed
  ID     count   period(ms)  (min-max gap)
  0x322      40   1027 (0-5055)
  0x311      39   1004 (1-5054)
  0x323      39   1000 (1-5054)
  0x324      39   1000 (1-5054)
  0x329      38   1027 (1-3054)
  0x330      40    974 (0-3054)
  0x312      38   1030 (1-5054)
  0x313      38   1030 (1-5054)
  0x314      38   1030 (1-5054)
  0x315      38   1029 (1-5055)
  0x316      38   1029 (1-5055)
  0x317      38   1029 (1-5055)
  0x318      38   1028 (1-5055)
  0x319      38   1028 (1-5055)
  0x320      38   1028 (0-5055)
--------------------------------------------------------------------------

  TWAI: state=RUNNING  tx_err=0 rx_err=0  tx_failed=0  rx_missed=115 rx_overrun=0  arb_lost=0  bus_err=0
BAT RX 0x330 [8] 01 0E 01 10 0C B0 0C AC 
BAT RX 0x329 [8] 01 00 22 9C 01 00 40 02 
BAT RX 0x323 [8] 20 0E 10 00 04 00 00 00 
BAT RX 0x324 [8] 01 39 35 32 32 30 36 32 
BAT RX 0x322 [8] 00 E3 00 C0 03 01 18 14 
BAT RX 0x320 [8] 50 41 C3 85 85 00 00 00 
[keepalive] twai_transmit() -> ESP_OK
[45s] OK V=51.90V I=+0.0A T=20.6C SOC=21% SOH=99% | CVL=56.8V CCL=0.0A DCL=0.0A | chg=0 dis=0 fc1=0 fc2=0 | prot=0000 warn=0000 | packs=2 | inv0x305=no
BAT RX 0x319 [8] 00 0C B0 0C AC 0E 10 01 
BAT RX 0x318 [8] 0C AD 0C AD 0C AD 0C AC 
BAT RX 0x317 [8] 0C B0 0C B0 0C B0 0C AF 
BAT RX 0x316 [8] 0C AD 0C AD 0C AD 0C AC 
BAT RX 0x315 [8] 0C AF 0C AF 0C AF 0C AF 
BAT RX 0x314 [8] 14 6E 5A C8 00 04 05 43 
BAT RX 0x313 [8] 14 46 00 00 00 CE 15 63 
BAT RX 0x312 [8] 00 00 00 00 02 00 00 00 
BAT RX 0x311 [8] 02 38 00 00 00 00 01 00 
BAT RX 0x330 [8] 02 03 02 0E 0C B1 0C AC 
BAT RX 0x329 [8] 02 00 1A 25 02 00 40 9E 
BAT RX 0x323 [8] 20 0E 10 00 04 00 00 00 
BAT RX 0x324 [8] 02 42 42 37 00 00 00 00 
BAT RX 0x322 [8] 00 E3 00 C0 03 01 18 14 
BAT RX 0x320 [8] 50 41 C3 85 85 00 00 00 
[keepalive] twai_transmit() -> ESP_OK
BAT RX 0x319 [8] 00 0C B1 0C AC 13 1E 01 
BAT RX 0x318 [8] 0C AD 0C AD 0C AD 0C AC 
BAT RX 0x317 [8] 0C B1 0C B0 0C AF 0C AF 
BAT RX 0x316 [8] 0C AD 0C AD 0C AD 0C AC 
BAT RX 0x315 [8] 0C AF 0C AF 0C AF 0C AF 
BAT RX 0x314 [8] 14 6E 5A C8 00 05 05 43 
BAT RX 0x313 [8] 14 46 00 00 00 CE 15 63 
BAT RX 0x312 [8] 00 00 00 00 02 00 00 00 
BAT RX 0x311 [8] 02 38 00 00 00 00 01 00 
BAT RX 0x330 [8] 02 0D 01 10 0C B1 0C AC 
BAT RX 0x329 [8] 01 00 22 9C 01 00 40 02 
BAT RX 0x323 [8] 20 0E 10 00 04 00 00 00 
BAT RX 0x324 [8] 00 01 47 50 4A 30 32 31 
BAT RX 0x322 [8] 00 E3 00 C0 03 01 18 14 
BAT RX 0x320 [8] 50 41 C3 85 85 00 00 00 
[keepalive] twai_transmit() -> ESP_OK
[47s] OK V=51.90V I=+0.0A T=20.6C SOC=21% SOH=99% | CVL=56.8V CCL=0.0A DCL=0.0A | chg=0 dis=0 fc1=0 fc2=0 | prot=0000 warn=0000 | packs=2 | inv0x305=no
BAT RX 0x319 [8] 00 0C B1 0C AC 1D 10 01 
BAT RX 0x318 [8] 0C AD 0C AD 0C AC 0C AC 
BAT RX 0x317 [8] 0C B1 0C B0 0C AF 0C AF 
BAT RX 0x316 [8] 0C AD 0C AD 0C AD 0C AD 
BAT RX 0x315 [8] 0C AF 0C AF 0C AF 0C AF 
BAT RX 0x314 [8] 14 6E 5A C8 00 05 05 43 
BAT RX 0x313 [8] 14 46 00 00 00 CE 15 63 
BAT RX 0x312 [8] 00 00 00 00 02 00 00 00 
BAT RX 0x311 [8] 02 38 00 00 00 00 01 00 
BAT RX 0x330 [8] 02 03 02 0E 0C B0 0C AC 
BAT RX 0x329 [8] 02 00 1A 25 02 00 40 9E 
BAT RX 0x323 [8] 20 0E 10 00 04 00 00 00 
BAT RX 0x324 [8] 01 39 35 32 32 30 36 32 
BAT RX 0x322 [8] 00 E3 00 C0 03 01 18 14 
BAT RX 0x320 [8] 50 41 C3 85 85 00 00 00 
[keepalive] twai_transmit() -> ESP_OK
BAT RX 0x319 [8] 00 0C B0 0C AC 13 1E 01 
BAT RX 0x318 [8] 0C AD 0C AD 0C AD 0C AC 
BAT RX 0x317 [8] 0C B0 0C B0 0C AF 0C AF 
BAT RX 0x316 [8] 0C AE 0C AD 0C AD 0C AD 
BAT RX 0x315 [8] 0C AF 0C AF 0C AE 0C AE 
BAT RX 0x314 [8] 14 6E 5A C8 00 04 05 43 
BAT RX 0x313 [8] 14 46 00 00 00 CE 15 63 
BAT RX 0x312 [8] 00 00 00 00 02 00 00 00 
BAT RX 0x311 [8] 02 38 00 00 00 00 01 00 
BAT RX 0x330 [8] 02 04 01 0A 0C B0 0C AC 
BAT RX 0x329 [8] 01 00 22 9C 01 00 40 02 
BAT RX 0x323 [8] 20 0E 10 00 04 00 00 00 
BAT RX 0x324 [8] 02 43 30 37 00 00 00 00 
BAT RX 0x322 [8] 00 E3 00 C0 03 01 18 14 
BAT RX 0x320 [8] 50 41 C3 85 85 00 00 00 
BAT RX 0x319 [8] 00 0C B0 0C AC 14 0A 01 
[keepalive] twai_transmit() -> ESP_OK
[49s] OK V=51.90V I=+0.0A T=20.6C SOC=21% SOH=99% | CVL=56.8V CCL=0.0A DCL=0.0A | chg=0 dis=0 fc1=0 fc2=0 | prot=0000 warn=0000 | packs=2 | inv0x305=no
BAT RX 0x318 [8] 0C AD 0C AD 0C AD 0C AD 
BAT RX 0x317 [8] 0C B0 0C B0 0C AF 0C AF 
BAT RX 0x316 [8] 0C AD 0C AD 0C AD 0C AD 
BAT RX 0x315 [8] 0C AF 0C AF 0C AF 0C AE 
BAT RX 0x314 [8] 14 6E 5A C8 00 03 05 43 
BAT RX 0x313 [8] 14 46 00 00 00 CE 15 63 
BAT RX 0x312 [8] 00 00 00 00 02 00 00 00 
BAT RX 0x311 [8] 02 38 00 00 00 00 01 00 
BAT RX 0x330 [8] 01 0E 01 10 0C B0 0C AC 
BAT RX 0x329 [8] 02 00 1A 25 02 00 40 9E 
BAT RX 0x323 [8] 20 0E 10 00 04 00 00 00 
BAT RX 0x324 [8] 00 02 47 50 4A 30 32 31 
BAT RX 0x322 [8] 00 E3 00 C0 03 01 18 14 
BAT RX 0x320 [8] 50 41 C3 85 85 00 00 00 
BAT RX 0x319 [8] 00 0C B0 0C AC 0E 10 01 
[keepalive] twai_transmit() -> ESP_OK
BAT RX 0x318 [8] 0C AD 0C AD 0C AD 0C AD 
BAT RX 0x317 [8] 0C B0 0C B0 0C AF 0C AF 
BAT RX 0x316 [8] 0C AD 0C AD 0C AD 0C AD 
BAT RX 0x315 [8] 0C AF 0C AF 0C AE 0C AE 
BAT RX 0x314 [8] 14 6E 5A C8 00 03 05 43 
BAT RX 0x313 [8] 14 46 00 00 00 CE 15 63 
BAT RX 0x312 [8] 00 00 00 00 02 00 00 00 
BAT RX 0x311 [8] 02 38 00 00 00 00 01 00 
BAT RX 0x330 [8] 02 02 01 01 0C B0 0C AD 
BAT RX 0x329 [8] 01 00 22 9C 01 00 40 02 
BAT RX 0x323 [8] 20 0E 10 00 04 00 00 00 
BAT RX 0x324 [8] 01 39 35 32 32 30 36 32 
BAT RX 0x322 [8] 00 E3 00 C0 03 01 18 14 
BAT RX 0x320 [8] 50 41 C3 85 85 00 00 00 
BAT RX 0x319 [8] 00 0C B0 0C AD 12 01 01 
[keepalive] twai_transmit() -> ESP_OK
[51s] OK V=51.90V I=+0.0A T=20.6C SOC=21% SOH=99% | CVL=56.8V CCL=0.0A DCL=0.0A | chg=0 dis=0 fc1=0 fc2=0 | prot=0000 warn=0000 | packs=2 | inv0x305=no
BAT RX 0x318 [8] 0C AE 0C AD 0C AD 0C AD 
BAT RX 0x317 [8] 0C B0 0C B0 0C B0 0C AF 
BAT RX 0x316 [8] 0C AD 0C AD 0C AD 0C AD 
BAT RX 0x315 [8] 0C AF 0C AF 0C AF 0C AF 
BAT RX 0x314 [8] 14 6E 5A C8 00 03 05 43 
BAT RX 0x313 [8] 14 46 00 00 00 CE 15 63 
BAT RX 0x312 [8] 00 00 00 00 02 00 00 00 
BAT RX 0x311 [8] 02 38 00 00 00 00 01 00 
BAT RX 0x330 [8] 02 0D 01 0A 0C B0 0C AD 
BAT RX 0x329 [8] 02 00 1A 25 02 00 40 9E 
BAT RX 0x323 [8] 20 0E 10 00 04 00 00 00 
BAT RX 0x324 [8] 02 42 42 37 00 00 00 00 
BAT RX 0x322 [8] 00 E3 00 C0 03 01 18 14 
BAT RX 0x320 [8] 50 41 C3 85 85 00 00 00 
BAT RX 0x319 [8] 00 0C B0 0C AD 1D 0A 01 
[keepalive] twai_transmit() -> ESP_OK
BAT RX 0x318 [8] 0C AD 0C AD 0C AD 0C AD 
BAT RX 0x317 [8] 0C B0 0C AF 0C AF 0C AF 
BAT RX 0x316 [8] 0C AE 0C AE 0C AE 0C AD 
BAT RX 0x315 [8] 0C AF 0C AF 0C AE 0C AE 
BAT RX 0x314 [8] 14 6E 5A C8 00 03 05 43 
BAT RX 0x313 [8] 14 46 00 00 00 CE 15 63 
BAT RX 0x312 [8] 00 00 00 00 02 00 00 00 
BAT RX 0x311 [8] 02 38 00 00 00 00 01 00 
BAT RX 0x330 [8] 02 02 02 10 0C B0 0C AC 
BAT RX 0x329 [8] 01 00 22 9C 01 00 40 02 
BAT RX 0x323 [8] 20 0E 10 00 04 00 00 00 
BAT RX 0x324 [8] 00 01 47 50 4A 30 32 31 
BAT RX 0x322 [8] 00 E3 00 C0 03 01 18 14 
BAT RX 0x320 [8] 50 41 C3 85 85 00 00 00 
BAT RX 0x319 [8] 00 0C B0 0C AC 12 20 01 
[keepalive] twai_transmit() -> ESP_OK
[53s] OK V=51.90V I=+0.0A T=20.6C SOC=21% SOH=99% | CVL=56.8V CCL=0.0A DCL=0.0A | chg=0 dis=0 fc1=0 fc2=0 | prot=0000 warn=0000 | packs=2 | inv0x305=no
BAT RX 0x318 [8] 0C AD 0C AD 0C AD 0C AC 
BAT RX 0x317 [8] 0C B0 0C B0 0C AF 0C AF 
BAT RX 0x316 [8] 0C AD 0C AD 0C AD 0C AD 
BAT RX 0x315 [8] 0C AF 0C AF 0C AF 0C AF 
BAT RX 0x314 [8] 14 6E 5A C8 00 04 05 43 
BAT RX 0x313 [8] 14 46 00 00 00 CE 15 63 
BAT RX 0x312 [8] 00 00 00 00 02 00 00 00 
BAT RX 0x311 [8] 02 38 00 00 00 00 01 00 
BAT RX 0x330 [8] 02 0D 02 0F 0C B0 0C AC 
BAT RX 0x329 [8] 02 00 1A 25 02 00 40 9E 
BAT RX 0x323 [8] 20 0E 10 00 04 00 00 00 
BAT RX 0x324 [8] 01 39 35 32 32 30 36 32 
BAT RX 0x322 [8] 00 E3 00 C0 03 01 18 14 
BAT RX 0x320 [8] 50 41 C3 85 85 00 00 00 
BAT RX 0x319 [8] 00 0C B0 0C AC 1D 1F 01 
[keepalive] twai_transmit() -> ESP_OK
BAT RX 0x318 [8] 0C AD 0C AD 0C AD 0C AC 
BAT RX 0x317 [8] 0C B0 0C AF 0C AF 0C AF 
BAT RX 0x316 [8] 0C AD 0C AD 0C AD 0C AD 
BAT RX 0x315 [8] 0C AF 0C AF 0C AF 0C AE 
BAT RX 0x314 [8] 14 6E 5A C8 00 04 05 43 
BAT RX 0x313 [8] 14 46 00 00 00 CE 15 63 
BAT RX 0x312 [8] 00 00 00 00 02 00 00 00 
BAT RX 0x311 [8] 02 38 00 00 00 00 01 00 
BAT RX 0x330 [8] 02 0D 02 0F 0C B1 0C AC 
BAT RX 0x329 [8] 01 00 22 9C 01 00 40 02 
BAT RX 0x323 [8] 20 0E 10 00 04 00 00 00 
BAT RX 0x324 [8] 02 43 30 37 00 00 00 00 
BAT RX 0x322 [8] 00 E3 00 C0 03 01 18 14 
BAT RX 0x320 [8] 50 41 C3 85 85 00 00 00 
BAT RX 0x319 [8] 00 0C B1 0C AC 1D 1F 01 
[keepalive] twai_transmit() -> ESP_OK
[55s] OK V=51.90V I=+0.0A T=20.6C SOC=21% SOH=99% | CVL=56.8V CCL=0.0A DCL=0.0A | chg=0 dis=0 fc1=0 fc2=0 | prot=0000 warn=0000 | packs=2 | inv0x305=no
BAT RX 0x318 [8] 0C AD 0C AD 0C AD 0C AC 
BAT RX 0x317 [8] 0C B1 0C AF 0C AF 0C AF 
BAT RX 0x316 [8] 0C AD 0C AD 0C AD 0C AD 
BAT RX 0x315 [8] 0C AF 0C AF 0C AF 0C AF 
BAT RX 0x314 [8] 14 6E 5A C8 00 05 05 43 
BAT RX 0x313 [8] 14 46 00 00 00 CE 15 63 
BAT RX 0x312 [8] 00 00 00 00 02 00 00 00 
BAT RX 0x311 [8] 02 38 00 00 00 00 01 00 
BAT RX 0x330 [8] 02 02 02 0F 0C B0 0C AC 
BAT RX 0x329 [8] 02 00 1A 25 02 00 40 9E 
BAT RX 0x323 [8] 20 0E 10 00 04 00 00 00 
BAT RX 0x324 [8] 00 02 47 50 4A 30 32 31 
BAT RX 0x322 [8] 00 E3 00 C0 03 01 18 14 
BAT RX 0x320 [8] 50 41 C3 85 85 00 00 00 
BAT RX 0x319 [8] 00 0C B0 0C AC 12 1F 01 
[keepalive] twai_transmit() -> ESP_OK
BAT RX 0x318 [8] 0C AD 0C AD 0C AC 0C AC 
BAT RX 0x317 [8] 0C B0 0C B0 0C B0 0C AF 
BAT RX 0x316 [8] 0C AE 0C AE 0C AD 0C AC 
BAT RX 0x315 [8] 0C B0 0C AF 0C AF 0C AE 
BAT RX 0x314 [8] 14 6E 5A C8 00 04 05 43 
BAT RX 0x313 [8] 14 46 00 00 00 CE 15 63 
BAT RX 0x312 [8] 00 00 00 00 02 00 00 00 
BAT RX 0x311 [8] 02 38 00 00 00 00 01 00 
BAT RX 0x330 [8] 02 0D 02 06 0C B1 0C AC 
BAT RX 0x329 [8] 01 00 22 9C 01 00 40 02 
BAT RX 0x323 [8] 20 0E 10 00 04 00 00 00 
BAT RX 0x324 [8] 01 39 35 32 32 30 36 32 
BAT RX 0x322 [8] 00 E3 00 C0 03 01 18 14 
BAT RX 0x320 [8] 50 41 C3 85 85 00 00 00 
BAT RX 0x319 [8] 00 0C B1 0C AC 1D 16 01 
[keepalive] twai_transmit() -> ESP_OK
[57s] OK V=51.90V I=+0.0A T=20.6C SOC=21% SOH=99% | CVL=56.8V CCL=0.0A DCL=0.0A | chg=0 dis=0 fc1=0 fc2=0 | prot=0000 warn=0000 | packs=2 | inv0x305=no
BAT RX 0x318 [8] 0C AD 0C AD 0C AC 0C AC 
BAT RX 0x317 [8] 0C B1 0C B0 0C AF 0C AF 
BAT RX 0x316 [8] 0C AD 0C AD 0C AD 0C AD 
BAT RX 0x315 [8] 0C AF 0C AF 0C AF 0C AE 
BAT RX 0x314 [8] 14 6E 5A C8 00 05 05 43 
BAT RX 0x313 [8] 14 46 00 00 00 CE 15 63 
BAT RX 0x312 [8] 00 00 00 00 02 00 00 00 
BAT RX 0x311 [8] 02 38 00 00 00 00 01 00 
BAT RX 0x330 [8] 02 02 02 0F 0C B0 0C AC 
BAT RX 0x329 [8] 02 00 1A 25 02 00 40 9E 
BAT RX 0x323 [8] 20 0E 10 00 04 00 00 00 
BAT RX 0x324 [8] 02 42 42 37 00 00 00 00 
BAT RX 0x322 [8] 00 E3 00 C0 03 01 18 14 
BAT RX 0x320 [8] 50 41 C3 85 85 00 00 00 
BAT RX 0x319 [8] 00 0C B0 0C AC 12 1F 01 
[keepalive] twai_transmit() -> ESP_OK
BAT RX 0x318 [8] 0C AD 0C AD 0C AC 0C AC 
BAT RX 0x317 [8] 0C B0 0C B0 0C AF 0C AF 
BAT RX 0x316 [8] 0C AD 0C AD 0C AD 0C AD 
BAT RX 0x315 [8] 0C AF 0C AF 0C AF 0C AE 
BAT RX 0x314 [8] 14 6E 5A C8 00 04 05 43 
BAT RX 0x313 [8] 14 46 00 00 00 CE 15 63 
BAT RX 0x312 [8] 00 00 00 00 02 00 00 00 
BAT RX 0x311 [8] 02 38 00 00 00 00 01 00 
BAT RX 0x330 [8] 02 03 02 06 0C B0 0C AC 
BAT RX 0x329 [8] 01 00 22 9C 01 00 40 02 
BAT RX 0x323 [8] 20 0E 10 00 04 00 00 00 
BAT RX 0x324 [8] 00 01 47 50 4A 30 32 31 
BAT RX 0x322 [8] 00 E3 00 C0 03 01 18 14 
BAT RX 0x320 [8] 50 41 C3 85 85 00 00 00 
BAT RX 0x319 [8] 00 0C B0 0C AC 13 16 01 
[keepalive] twai_transmit() -> ESP_OK
[59s] OK V=51.90V I=+0.0A T=20.6C SOC=21% SOH=99% | CVL=56.8V CCL=0.0A DCL=0.0A | chg=0 dis=0 fc1=0 fc2=0 | prot=0000 warn=0000 | packs=2 | inv0x305=no
BAT RX 0x318 [8] 0C AD 0C AD 0C AC 0C AC 
BAT RX 0x317 [8] 0C B0 0C B0 0C B0 0C AF 
BAT RX 0x316 [8] 0C AD 0C AD 0C AD 0C AD 
BAT RX 0x315 [8] 0C AF 0C AF 0C AF 0C AE 
BAT RX 0x314 [8] 14 6E 5A C8 00 04 05 43 
BAT RX 0x313 [8] 14 46 00 00 00 CE 15 63 
BAT RX 0x312 [8] 00 00 00 00 02 00 00 00 
BAT RX 0x311 [8] 02 38 00 00 00 00 01 00 

---- battery-bus rate stats (VERBOSE_STATS) ----------------------------
  802 frames, 60 s elapsed
  ID     count   period(ms)  (min-max gap)
  0x322      55   1019 (0-5055)
  0x311      54   1002 (1-5054)
  0x323      54   1000 (1-5054)
  0x324      54   1000 (1-5054)
  0x329      53   1019 (1-3054)
  0x330      55    981 (0-3054)
  0x312      53   1021 (1-5054)
  0x313      53   1021 (1-5054)
  0x314      53   1021 (1-5054)
  0x315      53   1020 (1-5055)
  0x316      53   1020 (1-5055)
  0x317      53   1020 (1-5055)
  0x318      53   1020 (1-5055)
  0x319      53   1020 (1-5055)
  0x320      53   1019 (0-5055)
--------------------------------------------------------------------------

  TWAI: state=RUNNING  tx_err=0 rx_err=0  tx_failed=0  rx_missed=115 rx_overrun=0  arb_lost=0  bus_err=0
BAT RX 0x330 [8] 02 03 02 0E 0C B1 0C AC 
BAT RX 0x329 [8] 02 00 1A 25 02 00 40 9E 
BAT RX 0x323 [8] 20 0E 10 00 04 00 00 00 
BAT RX 0x324 [8] 01 39 35 32 32 30 36 32 
BAT RX 0x322 [8] 00 E3 00 C0 03 01 18 14 
BAT RX 0x320 [8] 50 41 C3 85 85 00 00 00 
BAT RX 0x319 [8] 00 0C B1 0C AC 13 1E 01 
[keepalive] twai_transmit() -> ESP_OK
BAT RX 0x318 [8] 0C AD 0C AD 0C AD 0C AC 
BAT RX 0x317 [8] 0C B1 0C AF 0C AF 0C AF 
BAT RX 0x316 [8] 0C AD 0C AD 0C AD 0C AD 
BAT RX 0x315 [8] 0C B0 0C AF 0C AF 0C AF 
BAT RX 0x314 [8] 14 6E 5A C8 00 05 05 43 
BAT RX 0x313 [8] 14 46 00 00 00 CE 15 63 
BAT RX 0x312 [8] 00 00 00 00 02 00 00 00 
BAT RX 0x311 [8] 02 38 00 00 00 00 01 00 
BAT RX 0x330 [8] 02 0D 02 0F 0C B1 0C AC 
BAT RX 0x329 [8] 01 00 22 9C 01 00 40 02 
BAT RX 0x323 [8] 20 0E 10 00 04 00 00 00 
BAT RX 0x324 [8] 02 43 30 37 00 00 00 00 
BAT RX 0x322 [8] 00 E3 00 C0 03 01 18 14 
BAT RX 0x320 [8] 50 41 C3 85 85 00 00 00 
BAT RX 0x319 [8] 00 0C B1 0C AC 1D 1F 01 
BAT RX 0x318 [8] 0C AD 0C AD 0C AD 0C AC 
[keepalive] twai_transmit() -> ESP_OK
[61s] OK V=51.90V I=+0.0A T=20.6C SOC=21% SOH=99% | CVL=56.8V CCL=0.0A DCL=0.0A | chg=0 dis=0 fc1=0 fc2=0 | prot=0000 warn=0000 | packs=2 | inv0x305=no
BAT RX 0x317 [8] 0C B1 0C AF 0C AF 0C AF 
BAT RX 0x316 [8] 0C AD 0C AD 0C AD 0C AC 
BAT RX 0x315 [8] 0C B0 0C AF 0C AF 0C AF 
BAT RX 0x314 [8] 14 6E 5A C8 00 05 05 43 
BAT RX 0x313 [8] 14 46 00 00 00 CE 15 63 
BAT RX 0x312 [8] 00 00 00 00 02 00 00 00 
BAT RX 0x311 [8] 02 38 00 00 00 00 01 00 
BAT RX 0x330 [8] 02 0D 02 0F 0C B1 0C AC 
BAT RX 0x329 [8] 02 00 1A 25 02 00 40 9E 
BAT RX 0x323 [8] 20 0E 10 00 04 00 00 00 
BAT RX 0x324 [8] 00 02 47 50 4A 30 32 31 
BAT RX 0x322 [8] 00 E3 00 C0 03 01 18 14 
BAT RX 0x320 [8] 50 41 C3 85 85 00 00 00 
BAT RX 0x319 [8] 00 0C B1 0C AC 1D 1F 01 
BAT RX 0x318 [8] 0C AD 0C AD 0C AD 0C AC 
[keepalive] twai_transmit() -> ESP_OK
BAT RX 0x317 [8] 0C B1 0C AF 0C AF 0C AF 
BAT RX 0x316 [8] 0C AD 0C AD 0C AD 0C AD 
BAT RX 0x315 [8] 0C AF 0C AF 0C AF 0C AE 
BAT RX 0x314 [8] 14 6E 5A C8 00 05 05 43 
BAT RX 0x313 [8] 14 46 00 00 00 CE 15 63 
BAT RX 0x312 [8] 00 00 00 00 02 00 00 00 
BAT RX 0x311 [8] 02 38 00 00 00 00 01 00 
BAT RX 0x330 [8] 02 01 02 0F 0C B0 0C AC 
BAT RX 0x329 [8] 01 00 22 9C 01 00 40 02 
BAT RX 0x323 [8] 20 0E 10 00 04 00 00 00 
BAT RX 0x324 [8] 01 39 35 32 32 30 36 32 
BAT RX 0x322 [8] 00 E3 00 C0 03 01 18 14 
BAT RX 0x320 [8] 50 41 C3 85 85 00 00 00 
BAT RX 0x319 [8] 00 0C B0 0C AC 11 1F 01 
BAT RX 0x318 [8] 0C AD 0C AD 0C AC 0C AC 
[keepalive] twai_transmit() -> ESP_OK
[63s] OK V=51.90V I=+0.0A T=20.6C SOC=21% SOH=99% | CVL=56.8V CCL=0.0A DCL=0.0A | chg=0 dis=0 fc1=0 fc2=0 | prot=0000 warn=0000 | packs=2 | inv0x305=no
BAT RX 0x317 [8] 0C B0 0C B0 0C B0 0C B0 
BAT RX 0x316 [8] 0C AD 0C AD 0C AD 0C AD 
BAT RX 0x315 [8] 0C AF 0C AF 0C AF 0C AF 
BAT RX 0x314 [8] 14 6E 5A C8 00 04 05 43 
BAT RX 0x313 [8] 14 46 00 00 00 CE 15 63 
BAT RX 0x312 [8] 00 00 00 00 02 00 00 00 
BAT RX 0x311 [8] 02 38 00 00 00 00 01 00 
BAT RX 0x330 [8] 02 0D 02 0E 0C B0 0C AC 
BAT RX 0x329 [8] 02 00 1A 25 02 00 40 9E 
BAT RX 0x323 [8] 20 0E 10 00 04 00 00 00 
BAT RX 0x324 [8] 02 42 42 37 00 00 00 00 
BAT RX 0x322 [8] 00 E3 00 C0 03 01 18 14 
BAT RX 0x320 [8] 50 41 C3 85 85 00 00 00 
BAT RX 0x319 [8] 00 0C B0 0C AC 1D 1E 01 
BAT RX 0x318 [8] 0C AD 0C AD 0C AC 0C AC 
[keepalive] twai_transmit() -> ESP_OK
BAT RX 0x317 [8] 0C B0 0C AF 0C AF 0C AF 
BAT RX 0x316 [8] 0C AD 0C AD 0C AD 0C AD 
BAT RX 0x315 [8] 0C AF 0C AF 0C AF 0C AF 
BAT RX 0x314 [8] 14 6E 5A C8 00 04 05 43 
BAT RX 0x313 [8] 14 46 00 00 00 CE 15 63 
BAT RX 0x312 [8] 00 00 00 00 02 00 00 00 
BAT RX 0x311 [8] 02 38 00 00 00 00 01 00 
BAT RX 0x330 [8] 02 0D 02 0F 0C B0 0C AC 
BAT RX 0x329 [8] 01 00 22 9C 01 00 40 02 
BAT RX 0x323 [8] 20 0E 10 00 04 00 00 00 
BAT RX 0x324 [8] 00 01 47 50 4A 30 32 31 
BAT RX 0x322 [8] 00 E3 00 C0 03 01 18 14 
BAT RX 0x320 [8] 50 41 C3 85 85 00 00 00 
BAT RX 0x319 [8] 00 0C B0 0C AC 1D 1F 01 
BAT RX 0x318 [8] 0C AD 0C AD 0C AD 0C AC 
[keepalive] twai_transmit() -> ESP_OK
[65s] OK V=51.90V I=+0.0A T=20.6C SOC=21% SOH=99% | CVL=56.8V CCL=0.0A DCL=0.0A | chg=0 dis=0 fc1=0 fc2=0 | prot=0000 warn=0000 | packs=2 | inv0x305=no
BAT RX 0x317 [8] 0C B0 0C AF 0C AF 0C AF 
BAT RX 0x316 [8] 0C AD 0C AD 0C AD 0C AD 
BAT RX 0x315 [8] 0C AF 0C AF 0C AF 0C AF 
BAT RX 0x314 [8] 14 6E 5A C8 00 04 05 43 
BAT RX 0x313 [8] 14 46 00 00 00 CE 15 63 
BAT RX 0x312 [8] 00 00 00 00 02 00 00 00 
BAT RX 0x311 [8] 02 38 00 00 00 00 01 00 
BAT RX 0x330 [8] 02 0D 02 0F 0C B1 0C AB 
BAT RX 0x329 [8] 02 00 1A 25 02 00 40 9E 
BAT RX 0x323 [8] 20 0E 10 00 04 00 00 00 
BAT RX 0x324 [8] 01 39 35 32 32 30 36 32 
BAT RX 0x322 [8] 00 E3 00 C0 03 01 18 14 
BAT RX 0x320 [8] 50 41 C3 85 85 00 00 00 
BAT RX 0x319 [8] 00 0C B1 0C AB 1D 1F 01 
BAT RX 0x318 [8] 0C AD 0C AD 0C AC 0C AB 
[keepalive] twai_transmit() -> ESP_OK
BAT RX 0x317 [8] 0C B1 0C AF 0C AF 0C AF 
BAT RX 0x316 [8] 0C AD 0C AD 0C AD 0C AD 
BAT RX 0x315 [8] 0C AF 0C AF 0C AF 0C AF 
BAT RX 0x314 [8] 14 6E 5A C8 00 06 05 43 
BAT RX 0x313 [8] 14 46 00 00 00 CE 15 63 
BAT RX 0x312 [8] 00 00 00 00 02 00 00 00 
BAT RX 0x311 [8] 02 38 00 00 00 00 01 00 
BAT RX 0x330 [8] 02 0D 02 0F 0C B1 0C AC 
BAT RX 0x329 [8] 01 00 22 9C 01 00 40 02 
BAT RX 0x323 [8] 20 0E 10 00 04 00 00 00 
BAT RX 0x324 [8] 02 43 30 37 00 00 00 00 
BAT RX 0x322 [8] 00 E3 00 C0 03 01 18 14 
BAT RX 0x320 [8] 50 41 C3 85 85 00 00 00 
BAT RX 0x319 [8] 00 0C B1 0C AC 1D 1F 01 
BAT RX 0x318 [8] 0C AD 0C AD 0C AD 0C AC 
[keepalive] twai_transmit() -> ESP_OK
[67s] OK V=51.90V I=+0.0A T=20.6C SOC=21% SOH=99% | CVL=56.8V CCL=0.0A DCL=0.0A | chg=0 dis=0 fc1=0 fc2=0 | prot=0000 warn=0000 | packs=2 | inv0x305=no
BAT RX 0x317 [8] 0C B1 0C B0 0C AF 0C AF 
BAT RX 0x316 [8] 0C AD 0C AD 0C AD 0C AD 
BAT RX 0x315 [8] 0C AF 0C AF 0C AE 0C AE 
BAT RX 0x314 [8] 14 6E 5A C8 00 05 05 43 
BAT RX 0x313 [8] 14 46 00 00 00 CE 15 63 
BAT RX 0x312 [8] 00 00 00 00 02 00 00 00 
BAT RX 0x311 [8] 02 38 00 00 00 00 01 00 
BAT RX 0x330 [8] 02 0D 01 10 0C B1 0C AC 
BAT RX 0x329 [8] 02 00 1A 25 02 00 40 9E 
BAT RX 0x323 [8] 20 0E 10 00 04 00 00 00 
BAT RX 0x324 [8] 00 02 47 50 4A 30 32 31 
BAT RX 0x322 [8] 00 E3 00 C0 03 01 18 14 
BAT RX 0x320 [8] 50 41 C3 85 85 00 00 00 
BAT RX 0x319 [8] 00 0C B1 0C AC 1D 10 01 
BAT RX 0x318 [8] 0C AD 0C AD 0C AC 0C AC 
[keepalive] twai_transmit() -> ESP_OK
BAT RX 0x317 [8] 0C B1 0C B0 0C AF 0C AF 
BAT RX 0x316 [8] 0C AE 0C AD 0C AD 0C AD 
BAT RX 0x315 [8] 0C AF 0C AF 0C AF 0C AF 
BAT RX 0x314 [8] 14 6E 5A C8 00 05 05 43 
BAT RX 0x313 [8] 14 46 00 00 00 CE 15 63 
BAT RX 0x312 [8] 00 00 00 00 02 00 00 00 
BAT RX 0x311 [8] 02 38 00 00 00 00 01 00 
BAT RX 0x330 [8] 02 03 02 0E 0C B0 0C AC 
BAT RX 0x329 [8] 01 00 22 9C 01 00 40 02 
BAT RX 0x323 [8] 20 0E 10 00 04 00 00 00 
BAT RX 0x324 [8] 01 39 35 32 32 30 36 32 
BAT RX 0x322 [8] 00 E3 00 C0 03 01 18 14 
BAT RX 0x320 [8] 50 41 C3 85 85 00 00 00 
BAT RX 0x319 [8] 00 0C B0 0C AC 13 1E 01 
BAT RX 0x318 [8] 0C AD 0C AD 0C AD 0C AC 
[keepalive] twai_transmit() -> ESP_OK
[69s] OK V=51.90V I=+0.0A T=20.6C SOC=21% SOH=99% | CVL=56.8V CCL=0.0A DCL=0.0A | chg=0 dis=0 fc1=0 fc2=0 | prot=0000 warn=0000 | packs=2 | inv0x305=no
BAT RX 0x317 [8] 0C B0 0C B0 0C AF 0C AF 
BAT RX 0x316 [8] 0C AD 0C AD 0C AD 0C AD 
BAT RX 0x315 [8] 0C AF 0C AF 0C AF 0C AF 
BAT RX 0x314 [8] 14 6E 5A C8 00 04 05 43 
BAT RX 0x313 [8] 14 46 00 00 00 CE 15 63 
BAT RX 0x312 [8] 00 00 00 00 02 00 00 00 
BAT RX 0x311 [8] 02 38 00 00 00 00 01 00 
